Archive member included to satisfy reference by file (symbol)

/Users/jeffery/dev/arduino/wch/ch583-main/EVT/EXAM/SRC/StdPeriphDriver/libISP583.a(ISP583.o)
                              ./StdPeriphDriver/CH58x_flash.o (FLASH_EEPROM_CMD)
/Users/jeffery/dev/arduino/wch/ch583-main/EVT/EXAM/BLE/LIB/libCH58xBLE.a(message.o)
                              ./Profile/hiddev.o (tmos_msg_deallocate)
/Users/jeffery/dev/arduino/wch/ch583-main/EVT/EXAM/BLE/LIB/libCH58xBLE.a(tmos.o)
                              ./Profile/battservice.o (tmos_memcpy)
/Users/jeffery/dev/arduino/wch/ch583-main/EVT/EXAM/BLE/LIB/libCH58xBLE.a(tmos_hw.o)
                              /Users/jeffery/dev/arduino/wch/ch583-main/EVT/EXAM/BLE/LIB/libCH58xBLE.a(tmos.o) (bleClock_t)
/Users/jeffery/dev/arduino/wch/ch583-main/EVT/EXAM/BLE/LIB/libCH58xBLE.a(tmos_snv.o)
                              /Users/jeffery/dev/arduino/wch/ch583-main/EVT/EXAM/BLE/LIB/libCH58xBLE.a(tmos.o) (tmos_snv_init)
/Users/jeffery/dev/arduino/wch/ch583-main/EVT/EXAM/BLE/LIB/libCH58xBLE.a(gap.o)
                              ./Profile/hiddev.o (GAP_SetParamValue)
/Users/jeffery/dev/arduino/wch/ch583-main/EVT/EXAM/BLE/LIB/libCH58xBLE.a(gap_central.o)
                              /Users/jeffery/dev/arduino/wch/ch583-main/EVT/EXAM/BLE/LIB/libCH58xBLE.a(gap.o) (gapProcessPeriodicAdvertisingSyncEstablishedEvt)
/Users/jeffery/dev/arduino/wch/ch583-main/EVT/EXAM/BLE/LIB/libCH58xBLE.a(gap_peripheral.o)
                              ./APP/hidkbd.o (GAP_ConfigDeviceAddr)
/Users/jeffery/dev/arduino/wch/ch583-main/EVT/EXAM/BLE/LIB/libCH58xBLE.a(gapgattserver.o)
                              ./APP/hidkbd.o (GGS_SetParameter)
/Users/jeffery/dev/arduino/wch/ch583-main/EVT/EXAM/BLE/LIB/libCH58xBLE.a(gatt.o)
                              ./Profile/battservice.o (GATT_bm_alloc)
/Users/jeffery/dev/arduino/wch/ch583-main/EVT/EXAM/BLE/LIB/libCH58xBLE.a(gatt_uuid.o)
                              ./Profile/battservice.o (reportRefUUID)
/Users/jeffery/dev/arduino/wch/ch583-main/EVT/EXAM/BLE/LIB/libCH58xBLE.a(gattclientapp.o)
                              /Users/jeffery/dev/arduino/wch/ch583-main/EVT/EXAM/BLE/LIB/libCH58xBLE.a(gatt.o) (gattGetClientStatus)
/Users/jeffery/dev/arduino/wch/ch583-main/EVT/EXAM/BLE/LIB/libCH58xBLE.a(gattservapp.o)
                              ./Profile/battservice.o (GATTServApp_ReadCharCfg)
/Users/jeffery/dev/arduino/wch/ch583-main/EVT/EXAM/BLE/LIB/libCH58xBLE.a(l2cap.o)
                              /Users/jeffery/dev/arduino/wch/ch583-main/EVT/EXAM/BLE/LIB/libCH58xBLE.a(gatt.o) (L2CAP_GetMTU)
/Users/jeffery/dev/arduino/wch/ch583-main/EVT/EXAM/BLE/LIB/libCH58xBLE.a(l2cap_input.o)
                              /Users/jeffery/dev/arduino/wch/ch583-main/EVT/EXAM/BLE/LIB/libCH58xBLE.a(l2cap.o) (l2capProcessRxData)
/Users/jeffery/dev/arduino/wch/ch583-main/EVT/EXAM/BLE/LIB/libCH58xBLE.a(l2cap_output.o)
                              /Users/jeffery/dev/arduino/wch/ch583-main/EVT/EXAM/BLE/LIB/libCH58xBLE.a(l2cap_input.o) (l2capNotifyData)
/Users/jeffery/dev/arduino/wch/ch583-main/EVT/EXAM/BLE/LIB/libCH58xBLE.a(l2cap_sdu.o)
                              /Users/jeffery/dev/arduino/wch/ch583-main/EVT/EXAM/BLE/LIB/libCH58xBLE.a(l2cap_input.o) (l2capBuildDisconnectRsp)
/Users/jeffery/dev/arduino/wch/ch583-main/EVT/EXAM/BLE/LIB/libCH58xBLE.a(linkdb.o)
                              /Users/jeffery/dev/arduino/wch/ch583-main/EVT/EXAM/BLE/LIB/libCH58xBLE.a(l2cap.o) (linkDB_Init)
/Users/jeffery/dev/arduino/wch/ch583-main/EVT/EXAM/BLE/LIB/libCH58xBLE.a(sm.o)
                              /Users/jeffery/dev/arduino/wch/ch583-main/EVT/EXAM/BLE/LIB/libCH58xBLE.a(gap.o) (smFreePairingParams)
/Users/jeffery/dev/arduino/wch/ch583-main/EVT/EXAM/BLE/LIB/libCH58xBLE.a(sm_initiator.o)
                              /Users/jeffery/dev/arduino/wch/ch583-main/EVT/EXAM/BLE/LIB/libCH58xBLE.a(sm.o) (smInitiatorSendNextKeyInfo)
/Users/jeffery/dev/arduino/wch/ch583-main/EVT/EXAM/BLE/LIB/libCH58xBLE.a(sm_pdu.o)
                              /Users/jeffery/dev/arduino/wch/ch583-main/EVT/EXAM/BLE/LIB/libCH58xBLE.a(sm.o) (smpBuildPairingReq)
/Users/jeffery/dev/arduino/wch/ch583-main/EVT/EXAM/BLE/LIB/libCH58xBLE.a(sm_responding.o)
                              /Users/jeffery/dev/arduino/wch/ch583-main/EVT/EXAM/BLE/LIB/libCH58xBLE.a(sm.o) (smResponderSendNextKeyInfo)
/Users/jeffery/dev/arduino/wch/ch583-main/EVT/EXAM/BLE/LIB/libCH58xBLE.a(sm_toolbox.o)
                              /Users/jeffery/dev/arduino/wch/ch583-main/EVT/EXAM/BLE/LIB/libCH58xBLE.a(sm.o) (sm_ah)
/Users/jeffery/dev/arduino/wch/ch583-main/EVT/EXAM/BLE/LIB/libCH58xBLE.a(host_input.o)
                              /Users/jeffery/dev/arduino/wch/ch583-main/EVT/EXAM/BLE/LIB/libCH58xBLE.a(gap.o) (gBleHostPara)
/Users/jeffery/dev/arduino/wch/ch583-main/EVT/EXAM/BLE/LIB/libCH58xBLE.a(host_output.o)
                              /Users/jeffery/dev/arduino/wch/ch583-main/EVT/EXAM/BLE/LIB/libCH58xBLE.a(gap.o) (HCI_DisconnectCmd)
[...]
Memory Configuration

Name             Origin             Length             Attributes
FLASH            0x0000000000000000 0x0000000000070000 xr
RAM              0x0000000020000000 0x0000000000008000 xrw
*default*        0x0000000000000000 0xffffffffffffffff

Linker script and memory map

LOAD ./StdPeriphDriver/CH58x_adc.o
LOAD ./StdPeriphDriver/CH58x_clk.o
LOAD ./StdPeriphDriver/CH58x_flash.o
LOAD ./StdPeriphDriver/CH58x_gpio.o
LOAD ./StdPeriphDriver/CH58x_i2c.o
LOAD ./StdPeriphDriver/CH58x_pwm.o
LOAD ./StdPeriphDriver/CH58x_pwr.o
LOAD ./StdPeriphDriver/CH58x_spi0.o
LOAD ./StdPeriphDriver/CH58x_spi1.o
LOAD ./StdPeriphDriver/CH58x_sys.o
LOAD ./StdPeriphDriver/CH58x_timer0.o
LOAD ./StdPeriphDriver/CH58x_timer1.o
LOAD ./StdPeriphDriver/CH58x_timer2.o
LOAD ./StdPeriphDriver/CH58x_timer3.o
LOAD ./StdPeriphDriver/CH58x_uart0.o
LOAD ./StdPeriphDriver/CH58x_uart1.o
LOAD ./StdPeriphDriver/CH58x_uart2.o
LOAD ./StdPeriphDriver/CH58x_uart3.o
LOAD ./StdPeriphDriver/CH58x_usb2dev.o
LOAD ./StdPeriphDriver/CH58x_usb2hostBase.o
LOAD ./StdPeriphDriver/CH58x_usb2hostClass.o
LOAD ./StdPeriphDriver/CH58x_usbdev.o
LOAD ./StdPeriphDriver/CH58x_usbhostBase.o
LOAD ./StdPeriphDriver/CH58x_usbhostClass.o
LOAD ./Startup/startup_CH583.o
LOAD ./RVMSIS/core_riscv.o
LOAD ./Profile/battservice.o
LOAD ./Profile/devinfoservice.o
LOAD ./Profile/hiddev.o
LOAD ./Profile/hidkbdservice.o
LOAD ./Profile/scanparamservice.o
LOAD ./HAL/MCU.o
LOAD ./HAL/RTC.o
LOAD ./HAL/SLEEP.o
LOAD ./APP/core_bt_xinput.o
LOAD ./APP/hidkbd.o
LOAD ./APP/hidkbd_main.o
LOAD ./APP/hoja_backend.o
LOAD ./APP/rsc_descriptors.o
LOAD ./APP/util_gamepad.o
LOAD /Users/jeffery/dev/arduino/wch/ch583-main/EVT/EXAM/SRC/StdPeriphDriver/libISP583.a
LOAD /Users/jeffery/dev/arduino/wch/ch583-main/EVT/EXAM/BLE/LIB/libCH58xBLE.a
LOAD /Volumes/ssd/wch/xpack-riscv-none-embed-gcc-8.2.0/bin/../lib/gcc/riscv-none-embed/8.2.0/rv32imac/ilp32/libgcc.a
LOAD /Volumes/ssd/wch/xpack-riscv-none-embed-gcc-8.2.0/bin/../lib/gcc/riscv-none-embed/8.2.0/../../../../riscv-none-embed/lib/rv32imac/ilp32/libg_nano.a
LOAD /Volumes/ssd/wch/xpack-riscv-none-embed-gcc-8.2.0/bin/../lib/gcc/riscv-none-embed/8.2.0/../../../../riscv-none-embed/lib/rv32imac/ilp32/libc_nano.a
LOAD /Volumes/ssd/wch/xpack-riscv-none-embed-gcc-8.2.0/bin/../lib/gcc/riscv-none-embed/8.2.0/rv32imac/ilp32/libgcc.a
START GROUP
LOAD /Volumes/ssd/wch/xpack-riscv-none-embed-gcc-8.2.0/bin/../lib/gcc/riscv-none-embed/8.2.0/rv32imac/ilp32/libgcc.a
LOAD /Volumes/ssd/wch/xpack-riscv-none-embed-gcc-8.2.0/bin/../lib/gcc/riscv-none-embed/8.2.0/../../../../riscv-none-embed/lib/rv32imac/ilp32/libc_nano.a
LOAD /Volumes/ssd/wch/xpack-riscv-none-embed-gcc-8.2.0/bin/../lib/gcc/riscv-none-embed/8.2.0/../../../../riscv-none-embed/lib/rv32imac/ilp32/libnosys.a
END GROUP
START GROUP
LOAD /Volumes/ssd/wch/xpack-riscv-none-embed-gcc-8.2.0/bin/../lib/gcc/riscv-none-embed/8.2.0/rv32imac/ilp32/libgcc.a
LOAD /Volumes/ssd/wch/xpack-riscv-none-embed-gcc-8.2.0/bin/../lib/gcc/riscv-none-embed/8.2.0/../../../../riscv-none-embed/lib/rv32imac/ilp32/libc_nano.a
LOAD /Volumes/ssd/wch/xpack-riscv-none-embed-gcc-8.2.0/bin/../lib/gcc/riscv-none-embed/8.2.0/../../../../riscv-none-embed/lib/rv32imac/ilp32/libnosys.a
END GROUP
                0x0000000000000200                __stack_size = 0x200
                [!provide]                        PROVIDE (_stack_size = __stack_size)

.init           0x0000000000000000        0x4
                0x0000000000000000                _sinit = .
                0x0000000000000000                . = ALIGN (0x4)
 *(SORT_NONE(.init))
 .init          0x0000000000000000        0x4 ./Startup/startup_CH583.o
                0x0000000000000000                _start
                0x0000000000000004                . = ALIGN (0x4)
                0x0000000000000004                _einit = .

.highcodelalign
                0x0000000000000004        0x0
                0x0000000000000004                . = ALIGN (0x4)
                0x0000000000000004                PROVIDE (_highcode_lma = .)

.highcode       0x0000000020000000     0x20a4 load address 0x0000000000000004
                0x0000000020000000                . = ALIGN (0x4)
                0x0000000020000000                PROVIDE (_highcode_vma_start = .)
 *(.vector)
 .vector        0x0000000020000000       0x90 ./Startup/startup_CH583.o
 *(SORT_NONE(.vector_handler))
 .vector_handler
                0x0000000020000090        0x2 ./Startup/startup_CH583.o
                0x0000000020000090                TMR1_IRQHandler
                0x0000000020000090                GPIOA_IRQHandler
                0x0000000020000090                SysTick_Handler
                0x0000000020000090                NMI_Handler
                0x0000000020000090                UART1_IRQHandler
                0x0000000020000090                UART0_IRQHandler
                0x0000000020000090                BB_IRQHandler
                0x0000000020000090                Break_Point_Handler
                0x0000000020000090                TMR0_IRQHandler
                0x0000000020000090                Ecall_M_Mode_Handler
                0x0000000020000090                UART2_IRQHandler
                0x0000000020000090                PWMX_IRQHandler
                0x0000000020000090                ADC_IRQHandler
                0x0000000020000090                TMR2_IRQHandler
                0x0000000020000090                USB_IRQHandler
                0x0000000020000090                I2C_IRQHandler
                0x0000000020000090                USB2_IRQHandler
                0x0000000020000090                LLE_IRQHandler
                0x0000000020000090                WDOG_BAT_IRQHandler
                0x0000000020000090                Ecall_U_Mode_Handler
                0x0000000020000090                TMR3_IRQHandler
                0x0000000020000090                SW_Handler
                0x0000000020000090                SPI0_IRQHandler
                0x0000000020000090                UART3_IRQHandler
                0x0000000020000090                GPIOB_IRQHandler
 *(.highcode)
 .highcode      0x0000000020000092       0x18 ./StdPeriphDriver/CH58x_clk.o
                0x0000000020000092                RTC_GetCycle32k
 .highcode      0x00000000200000aa      0x4ec ./StdPeriphDriver/CH58x_sys.o
                0x00000000200000aa                SetSysClock
                0x0000000020000430                SYS_ResetExecute
                0x00000000200004a2                HardFault_Handler
                0x0000000020000560                mDelayuS
                0x000000002000056e                mDelaymS
 .highcode      0x0000000020000596       0x16 ./HAL/RTC.o
                0x0000000020000596                RTC_IRQHandler
 .highcode      0x00000000200005ac        0x8 ./APP/hidkbd_main.o
                0x00000000200005ac                Main_Circulation
 .highcode      0x00000000200005b4      0x426 /Users/jeffery/dev/arduino/wch/ch583-main/EVT/EXAM/SRC/StdPeriphDriver/libISP583.a(ISP583.o)
                0x00000000200005b4                FLASH_ROM_BEG
                0x00000000200005c6                FLASH_ROM_END
                0x00000000200005d4                FLASH_ROM_IN
                0x00000000200005e2                FLASH_ROM_OUT
                0x00000000200005f0                FLASH_ROM_ADDR
                0x0000000020000638                FLASH_ROM_WAIT
                0x0000000020000670                FLASH_EEPROM_CMD
 .highcode      0x00000000200009da      0x430 /Users/jeffery/dev/arduino/wch/ch583-main/EVT/EXAM/BLE/LIB/libCH58xBLE.a(tmos.o)
                0x00000000200009da                tmos_memcpy
                0x00000000200009fa                tmos_memcpy_word
                0x0000000020000a12                tmos_memset
                0x0000000020000a24                tmos_strlen
                0x0000000020000a38                tmos_memdup
                0x0000000020000a6a                tmos_memcmp
                0x0000000020000a98                tmos_revmemcpy
                0x0000000020000ab4                tmos_isbufset
                0x0000000020000ad6                tmos_proces_system_time
                0x0000000020000c1a                TMOS_SystemProcess
 .highcode      0x0000000020000e0a       0x50 /Users/jeffery/dev/arduino/wch/ch583-main/EVT/EXAM/BLE/LIB/libCH58xBLE.a(tmos_hw.o)
                0x0000000020000e54                TMOS_TimerIRQHandler
 .highcode      0x0000000020000e5a       0x4e /Users/jeffery/dev/arduino/wch/ch583-main/EVT/EXAM/BLE/LIB/libCH58xBLE.a(ll_whitelist.o)
                0x0000000020000e5a                LL_WhitelistLookup
 .highcode      0x0000000020000ea8      0x1b6 /Users/jeffery/dev/arduino/wch/ch583-main/EVT/EXAM/BLE/LIB/libCH58xBLE.a(aes.o)
                0x0000000020000ea8                AES_DevAESEnc
 .highcode      0x000000002000105e      0x15a /Users/jeffery/dev/arduino/wch/ch583-main/EVT/EXAM/BLE/LIB/libCH58xBLE.a(bb.o)
                0x000000002000105e                BB_IRQLibHandler
                0x000000002000116e                BB_IRQLibFunction
 .highcode      0x00000000200011b8      0x38c /Users/jeffery/dev/arduino/wch/ch583-main/EVT/EXAM/BLE/LIB/libCH58xBLE.a(ip.o)
                0x00000000200011b8                ll_rx_wait_finish
                0x00000000200011f6                ble_ll_chkcrc
                0x0000000020001298                ll_tx_wait_finish
                0x00000000200013a0                BLE_CheckHoppingMap
 .highcode      0x0000000020001544      0x23c /Users/jeffery/dev/arduino/wch/ch583-main/EVT/EXAM/BLE/LIB/libCH58xBLE.a(lle.o)
                0x0000000020001544                LLE_IRQLibHandler
                0x0000000020001736                LLE_IRQLibFunction
 .highcode      0x0000000020001780       0x3a /Users/jeffery/dev/arduino/wch/ch583-main/EVT/EXAM/BLE/LIB/libCH58xBLE.a(rfend.o)
                0x0000000020001780                RFEND_WaitTune
 .highcode      0x00000000200017ba      0x1ba /Users/jeffery/dev/arduino/wch/ch583-main/EVT/EXAM/BLE/LIB/libCH58xBLE.a(memory.o)
                0x00000000200017ba                tmos_memory_allocate
                0x000000002000188c                tmos_memory_free
 .highcode      0x0000000020001974      0x2e6 /Users/jeffery/dev/arduino/wch/ch583-main/EVT/EXAM/BLE/LIB/libCH58xBLE.a(ll_connect.o)
                0x0000000020001974                ll_connect_send_data
                0x0000000020001aa0                ll_connect_recv_data
                0x0000000020001b80                ll_connect_event_continue
                0x0000000020001c4a                ll_wait_connect_event
 .highcode      0x0000000020001c5a      0x310 /Users/jeffery/dev/arduino/wch/ch583-main/EVT/EXAM/BLE/LIB/libCH58xBLE.a(ll_hop.o)
                0x0000000020001c5a                LL_HopGetChannel
                0x0000000020001d00                LL_HopGetChannel2
 .highcode      0x0000000020001f6a      0x138 /Users/jeffery/dev/arduino/wch/ch583-main/EVT/EXAM/BLE/LIB/libCH58xBLE.a(ll_resolvinglist.o)
                0x0000000020001f6a                ll_resolvinglist_checkRPA
                0x0000000020001fd6                LL_ResolvinglistPeerIdentifyAddressGetIrk
                0x000000002000202a                LL_ResolvinglistPeerRpaAddressGetIrk
                0x0000000020002066                LL_ResolvinglistLocalRpaAddressGetIrk
 *(.highcode.*)
                0x00000000200020a4                . = ALIGN (0x4)
 *fill*         0x00000000200020a2        0x2 
                0x00000000200020a4                PROVIDE (_highcode_vma_end = .)

.text           0x00000000000020a8    0x238c0
                0x00000000000020a8                . = ALIGN (0x4)
 *(SORT_NONE(.handle_reset))
 .handle_reset  0x00000000000020a8       0xae ./Startup/startup_CH583.o
                0x00000000000020a8                handle_reset
 *(.text)
 .text          0x0000000000002156       0xa8 /Volumes/ssd/wch/xpack-riscv-none-embed-gcc-8.2.0/bin/../lib/gcc/riscv-none-embed/8.2.0/../../../../riscv-none-embed/lib/rv32imac/ilp32/libg_nano.a(lib_a-memset.o)
                0x0000000000002156                memset
 *(.text.*)
 .text.ADC_InterTSSampInit
                0x00000000000021fe       0x28 ./StdPeriphDriver/CH58x_adc.o
                0x00000000000021fe                ADC_InterTSSampInit
 .text.LSECFG_Current
                0x0000000000002226       0x68 ./StdPeriphDriver/CH58x_clk.o
                0x0000000000002226                LSECFG_Current
 .text.RTC_InitTime
                0x000000000000228e      0x204 ./StdPeriphDriver/CH58x_clk.o
                0x000000000000228e                RTC_InitTime
 .text.Calibration_LSI
                0x0000000000002492      0x8da ./StdPeriphDriver/CH58x_clk.o
                0x0000000000002492                Calibration_LSI
 .text.GPIOA_ModeCfg
                0x0000000000002d6c       0xa6 ./StdPeriphDriver/CH58x_gpio.o
                0x0000000000002d6c                GPIOA_ModeCfg
 .text.GetSysClock
                0x0000000000002e12       0x42 ./StdPeriphDriver/CH58x_sys.o
                0x0000000000002e12                GetSysClock
 .text.SYS_DisableAllIrq
                0x0000000000002e54       0x1c ./StdPeriphDriver/CH58x_sys.o
                0x0000000000002e54                SYS_DisableAllIrq
 .text.SYS_RecoverIrq
                0x0000000000002e70       0x14 ./StdPeriphDriver/CH58x_sys.o
                0x0000000000002e70                SYS_RecoverIrq
 .text.SYS_GetSysTickCnt
                0x0000000000002e84        0xa ./StdPeriphDriver/CH58x_sys.o
                0x0000000000002e84                SYS_GetSysTickCnt
 .text._write   0x0000000000002e8e       0x28 ./StdPeriphDriver/CH58x_sys.o
                0x0000000000002e8e                _write
 .text._sbrk    0x0000000000002eb6       0x34 ./StdPeriphDriver/CH58x_sys.o
                0x0000000000002eb6                _sbrk
 .text.UART1_BaudRateCfg
                0x0000000000002eea       0x30 ./StdPeriphDriver/CH58x_uart1.o
                0x0000000000002eea                UART1_BaudRateCfg
 .text.UART1_DefInit
                0x0000000000002f1a       0x32 ./StdPeriphDriver/CH58x_uart1.o
                0x0000000000002f1a                UART1_DefInit
 .text.battMeasure
                0x0000000000002f4c       0x78 ./Profile/battservice.o
 .text.battWriteAttrCB
                0x0000000000002fc4       0x5e ./Profile/battservice.o
 .text.battReadAttrCB
                0x0000000000003022       0x72 ./Profile/battservice.o
 .text.battNotifyCB
                0x0000000000003094       0x72 ./Profile/battservice.o
 .text.Batt_AddService
                0x0000000000003106       0x2c ./Profile/battservice.o
                0x0000000000003106                Batt_AddService
 .text.Batt_Register
                0x0000000000003132        0x6 ./Profile/battservice.o
                0x0000000000003132                Batt_Register
 .text.Batt_SetParameter
                0x0000000000003138       0x36 ./Profile/battservice.o
                0x0000000000003138                Batt_SetParameter
 .text.Batt_GetParameter
                0x000000000000316e       0x66 ./Profile/battservice.o
                0x000000000000316e                Batt_GetParameter
 .text.Batt_MeasLevel
                0x00000000000031d4       0x26 ./Profile/battservice.o
                0x00000000000031d4                Batt_MeasLevel
 .text.Batt_HandleConnStatusCB
                0x00000000000031fa       0x3e ./Profile/battservice.o
                0x00000000000031fa                Batt_HandleConnStatusCB
 .text.devInfo_ReadAttrCB
                0x0000000000003238      0x196 ./Profile/devinfoservice.o
 .text.DevInfo_AddService
                0x00000000000033ce       0x18 ./Profile/devinfoservice.o
                0x00000000000033ce                DevInfo_AddService
 .text.hidDevScanParamCB
                0x00000000000033e6        0x2 ./Profile/hiddev.o
 .text.hidDevRptByHandle
                0x00000000000033e8       0x30 ./Profile/hiddev.o
 .text.hidDevParamUpdateCB
                0x0000000000003418       0x12 ./Profile/hiddev.o
 .text.hidDevInitialAdvertising
                0x000000000000342a       0x3c ./Profile/hiddev.o
 .text.hidDevBattCB
                0x0000000000003466       0x28 ./Profile/hiddev.o
 .text.hidDevPairStateCB
                0x000000000000348e       0x28 ./Profile/hiddev.o
 .text.hidDevPasscodeCB
                0x00000000000034b6       0x34 ./Profile/hiddev.o
 .text.HidDev_ProcessEvent
                0x00000000000034ea       0xe8 ./Profile/hiddev.o
                0x00000000000034ea                HidDev_ProcessEvent
 .text.hidDevGapStateCB
                0x00000000000035d2      0x124 ./Profile/hiddev.o
 .text.HidDev_Init
                0x00000000000036f6       0x66 ./Profile/hiddev.o
                0x00000000000036f6                HidDev_Init
 .text.HidDev_Register
                0x000000000000375c        0xa ./Profile/hiddev.o
                0x000000000000375c                HidDev_Register
 .text.HidDev_RegisterReports
                0x0000000000003766        0xa ./Profile/hiddev.o
                0x0000000000003766                HidDev_RegisterReports
 .text.HidDev_Report
                0x0000000000003770      0x12c ./Profile/hiddev.o
                0x0000000000003770                HidDev_Report
 .text.HidDev_ReadAttrCB
                0x000000000000389c      0x104 ./Profile/hiddev.o
                0x000000000000389c                HidDev_ReadAttrCB
 .text.HidDev_WriteAttrCB
                0x00000000000039a0      0x146 ./Profile/hiddev.o
                0x00000000000039a0                HidDev_WriteAttrCB
 .text.Hid_AddService
                0x0000000000003ae6      0x108 ./Profile/hidkbdservice.o
                0x0000000000003ae6                Hid_AddService
 .text.Hid_SetParameter
                0x0000000000003bee       0x5a ./Profile/hidkbdservice.o
                0x0000000000003bee                Hid_SetParameter
 .text.Hid_GetParameter
                0x0000000000003c48       0x42 ./Profile/hidkbdservice.o
                0x0000000000003c48                Hid_GetParameter
 .text.scanParamReadAttrCB
                0x0000000000003c8a        0x4 ./Profile/scanparamservice.o
 .text.scanParamWriteAttrCB
                0x0000000000003c8e       0x66 ./Profile/scanparamservice.o
 .text.ScanParam_AddService
                0x0000000000003cf4       0x2c ./Profile/scanparamservice.o
                0x0000000000003cf4                ScanParam_AddService
 .text.ScanParam_Register
                0x0000000000003d20        0x6 ./Profile/scanparamservice.o
                0x0000000000003d20                ScanParam_Register
 .text.ScanParam_RefreshNotify
                0x0000000000003d26       0x5c ./Profile/scanparamservice.o
                0x0000000000003d26                ScanParam_RefreshNotify
 .text.ScanParam_HandleConnStatusCB
                0x0000000000003d82       0x3e ./Profile/scanparamservice.o
                0x0000000000003d82                ScanParam_HandleConnStatusCB
 .text.Lib_Calibration_LSI
                0x0000000000003dc0        0x6 ./HAL/MCU.o
                0x0000000000003dc0                Lib_Calibration_LSI
 .text.Lib_Read_Flash
                0x0000000000003dc6       0x1c ./HAL/MCU.o
                0x0000000000003dc6                Lib_Read_Flash
 .text.Lib_Write_Flash
                0x0000000000003de2       0x40 ./HAL/MCU.o
                0x0000000000003de2                Lib_Write_Flash
 .text.HAL_GetInterTempValue
                0x0000000000003e22       0x72 ./HAL/MCU.o
                0x0000000000003e22                HAL_GetInterTempValue
 .text.HAL_ProcessEvent
                0x0000000000003e94       0x7c ./HAL/MCU.o
                0x0000000000003e94                HAL_ProcessEvent
 .text.CH58X_BLEInit
                0x0000000000003f10      0x132 ./HAL/MCU.o
                0x0000000000003f10                CH58X_BLEInit
 .text.HAL_Init
                0x0000000000004042       0x30 ./HAL/MCU.o
                0x0000000000004042                HAL_Init
 .text.HAL_TimeInit
                0x0000000000004072       0xe0 ./HAL/RTC.o
                0x0000000000004072                HAL_TimeInit
 .text.hidEmuEvtCB
                0x0000000000004152        0x2 ./APP/hidkbd.o
 .text.hidEmuStateCB
                0x0000000000004154       0xfc ./APP/hidkbd.o
 .text.hidEmuSendKbdReport
                0x0000000000004250       0x24 ./APP/hidkbd.o
 .text.hidEmuRptCB
                0x0000000000004274       0x70 ./APP/hidkbd.o
 .text.HidEmu_ProcessEvent
                0x00000000000042e4       0xba ./APP/hidkbd.o
                0x00000000000042e4                HidEmu_ProcessEvent
 .text.HidEmu_Init
                0x000000000000439e       0xee ./APP/hidkbd.o
                0x000000000000439e                HidEmu_Init
 .text.startup.main
                0x000000000000448c       0x52 ./APP/hidkbd_main.o
                0x000000000000448c                main
 .text.tmos_msg_enqueue
                0x00000000000044de       0x1e /Users/jeffery/dev/arduino/wch/ch583-main/EVT/EXAM/BLE/LIB/libCH58xBLE.a(message.o)
                0x00000000000044de                tmos_msg_enqueue
 .text.tmos_msg_deallocate
                0x00000000000044fc       0x2c /Users/jeffery/dev/arduino/wch/ch583-main/EVT/EXAM/BLE/LIB/libCH58xBLE.a(message.o)
                0x00000000000044fc                tmos_msg_deallocate
 .text.tmos_msg_allocate
                0x0000000000004528       0x46 /Users/jeffery/dev/arduino/wch/ch583-main/EVT/EXAM/BLE/LIB/libCH58xBLE.a(message.o)
                0x0000000000004528                tmos_msg_allocate
 .text.tmos_msg_receive
                0x000000000000456e       0x70 /Users/jeffery/dev/arduino/wch/ch583-main/EVT/EXAM/BLE/LIB/libCH58xBLE.a(message.o)
                0x000000000000456e                tmos_msg_receive
 .text.tmos_msg_send
                0x00000000000045de       0x60 /Users/jeffery/dev/arduino/wch/ch583-main/EVT/EXAM/BLE/LIB/libCH58xBLE.a(message.o)
                0x00000000000045de                tmos_msg_send
 .text.tmos_msg_init
                0x000000000000463e        0xa /Users/jeffery/dev/arduino/wch/ch583-main/EVT/EXAM/BLE/LIB/libCH58xBLE.a(message.o)
                0x000000000000463e                tmos_msg_init
 .text.tmosFindTask
                0x0000000000004648       0x24 /Users/jeffery/dev/arduino/wch/ch583-main/EVT/EXAM/BLE/LIB/libCH58xBLE.a(tmos.o)
 .text.TMOS_CB_PeriodicProcessEvent
                0x000000000000466c       0x86 /Users/jeffery/dev/arduino/wch/ch583-main/EVT/EXAM/BLE/LIB/libCH58xBLE.a(tmos.o)
                0x000000000000466c                TMOS_CB_PeriodicProcessEvent
 .text.TMOS_CB_ProcessEvent
                0x00000000000046f2       0x80 /Users/jeffery/dev/arduino/wch/ch583-main/EVT/EXAM/BLE/LIB/libCH58xBLE.a(tmos.o)
                0x00000000000046f2                TMOS_CB_ProcessEvent
 .text.tmos_rand
                0x0000000000004772       0x52 /Users/jeffery/dev/arduino/wch/ch583-main/EVT/EXAM/BLE/LIB/libCH58xBLE.a(tmos.o)
                0x0000000000004772                tmos_rand
 .text.tmos_start_periodic_callback_task
                0x00000000000047c4       0xea /Users/jeffery/dev/arduino/wch/ch583-main/EVT/EXAM/BLE/LIB/libCH58xBLE.a(tmos.o)
                0x00000000000047c4                tmos_start_periodic_callback_task
 .text.tmos_set_event
                0x00000000000048ae       0x2e /Users/jeffery/dev/arduino/wch/ch583-main/EVT/EXAM/BLE/LIB/libCH58xBLE.a(tmos.o)
                0x00000000000048ae                tmos_set_event
 .text.tmos_clear_event
                0x00000000000048dc       0x32 /Users/jeffery/dev/arduino/wch/ch583-main/EVT/EXAM/BLE/LIB/libCH58xBLE.a(tmos.o)
                0x00000000000048dc                tmos_clear_event
 .text.tmos_update_callback_timer
                0x000000000000490e       0xc2 /Users/jeffery/dev/arduino/wch/ch583-main/EVT/EXAM/BLE/LIB/libCH58xBLE.a(tmos.o)
                0x000000000000490e                tmos_update_callback_timer
 .text.tmos_update_periodic_callback_timer
                0x00000000000049d0       0x5e /Users/jeffery/dev/arduino/wch/ch583-main/EVT/EXAM/BLE/LIB/libCH58xBLE.a(tmos.o)
                0x00000000000049d0                tmos_update_periodic_callback_timer
 .text.tmos_start_task
                0x0000000000004a2e      0x132 /Users/jeffery/dev/arduino/wch/ch583-main/EVT/EXAM/BLE/LIB/libCH58xBLE.a(tmos.o)
                0x0000000000004a2e                tmos_start_task
 .text.tmos_start_callback_task
                0x0000000000004b60       0x9a /Users/jeffery/dev/arduino/wch/ch583-main/EVT/EXAM/BLE/LIB/libCH58xBLE.a(tmos.o)
                0x0000000000004b60                tmos_start_callback_task
 .text.tmos_start_reload_task
                0x0000000000004bfa       0x56 /Users/jeffery/dev/arduino/wch/ch583-main/EVT/EXAM/BLE/LIB/libCH58xBLE.a(tmos.o)
                0x0000000000004bfa                tmos_start_reload_task
 .text.tmos_stop_task
                0x0000000000004c50       0x50 /Users/jeffery/dev/arduino/wch/ch583-main/EVT/EXAM/BLE/LIB/libCH58xBLE.a(tmos.o)
                0x0000000000004c50                tmos_stop_task
 .text.tmos_stop_callback_task
                0x0000000000004ca0       0x5a /Users/jeffery/dev/arduino/wch/ch583-main/EVT/EXAM/BLE/LIB/libCH58xBLE.a(tmos.o)
                0x0000000000004ca0                tmos_stop_callback_task
 .text.tmos_get_task_timer
                0x0000000000004cfa       0x62 /Users/jeffery/dev/arduino/wch/ch583-main/EVT/EXAM/BLE/LIB/libCH58xBLE.a(tmos.o)
                0x0000000000004cfa                tmos_get_task_timer
 .text.tmos_proces_sleep
                0x0000000000004d5c       0xd0 /Users/jeffery/dev/arduino/wch/ch583-main/EVT/EXAM/BLE/LIB/libCH58xBLE.a(tmos.o)
                0x0000000000004d5c                tmos_proces_sleep
 .text.TMOS_TimerRegister
                0x0000000000004e2c       0x1e /Users/jeffery/dev/arduino/wch/ch583-main/EVT/EXAM/BLE/LIB/libCH58xBLE.a(tmos.o)
                0x0000000000004e2c                TMOS_TimerRegister
 .text.TMOS_ProcessRegister
                0x0000000000004e4a       0x16 /Users/jeffery/dev/arduino/wch/ch583-main/EVT/EXAM/BLE/LIB/libCH58xBLE.a(tmos.o)
                0x0000000000004e4a                TMOS_ProcessRegister
 .text.TMOS_Init
                0x0000000000004e60      0x12e /Users/jeffery/dev/arduino/wch/ch583-main/EVT/EXAM/BLE/LIB/libCH58xBLE.a(tmos.o)
                0x0000000000004e60                TMOS_Init
 .text.TMOS_ProcessEventRegister
                0x0000000000004f8e       0x3c /Users/jeffery/dev/arduino/wch/ch583-main/EVT/EXAM/BLE/LIB/libCH58xBLE.a(tmos.o)
                0x0000000000004f8e                TMOS_ProcessEventRegister
 .text.BLE_LibInit
                0x0000000000004fca      0x17c /Users/jeffery/dev/arduino/wch/ch583-main/EVT/EXAM/BLE/LIB/libCH58xBLE.a(tmos.o)
                0x0000000000004fca                BLE_LibInit
 .text.clockGetTickValve
                0x0000000000005146       0x7e /Users/jeffery/dev/arduino/wch/ch583-main/EVT/EXAM/BLE/LIB/libCH58xBLE.a(tmos_hw.o)
 .text.ll_get_sca_divisor
                0x00000000000051c4       0x40 /Users/jeffery/dev/arduino/wch/ch583-main/EVT/EXAM/BLE/LIB/libCH58xBLE.a(tmos_hw.o)
                0x00000000000051c4                ll_get_sca_divisor
 .text.ll_get_sca_own
                0x0000000000005204       0x46 /Users/jeffery/dev/arduino/wch/ch583-main/EVT/EXAM/BLE/LIB/libCH58xBLE.a(tmos_hw.o)
                0x0000000000005204                ll_get_sca_own
 .text.ble_ll_common_rand8
                0x000000000000524a       0x24 /Users/jeffery/dev/arduino/wch/ch583-main/EVT/EXAM/BLE/LIB/libCH58xBLE.a(tmos_hw.o)
                0x000000000000524a                ble_ll_common_rand8
 .text.ble_ll_common_rand16
                0x000000000000526e       0x24 /Users/jeffery/dev/arduino/wch/ch583-main/EVT/EXAM/BLE/LIB/libCH58xBLE.a(tmos_hw.o)
                0x000000000000526e                ble_ll_common_rand16
 .text.ble_ll_common_rand32
                0x0000000000005292       0x20 /Users/jeffery/dev/arduino/wch/ch583-main/EVT/EXAM/BLE/LIB/libCH58xBLE.a(tmos_hw.o)
                0x0000000000005292                ble_ll_common_rand32
 .text.TMOS_TempSample
                0x00000000000052b2       0x62 /Users/jeffery/dev/arduino/wch/ch583-main/EVT/EXAM/BLE/LIB/libCH58xBLE.a(tmos_hw.o)
                0x00000000000052b2                TMOS_TempSample
 .text.TMOS_TimerInit
                0x0000000000005314      0x152 /Users/jeffery/dev/arduino/wch/ch583-main/EVT/EXAM/BLE/LIB/libCH58xBLE.a(tmos_hw.o)
                0x0000000000005314                TMOS_TimerInit
 .text.tmos_snv_init
                0x0000000000005466       0xc0 /Users/jeffery/dev/arduino/wch/ch583-main/EVT/EXAM/BLE/LIB/libCH58xBLE.a(tmos_snv.o)
                0x0000000000005466                tmos_snv_init
 .text.tmos_snv_read
                0x0000000000005526      0x292 /Users/jeffery/dev/arduino/wch/ch583-main/EVT/EXAM/BLE/LIB/libCH58xBLE.a(tmos_snv.o)
                0x0000000000005526                tmos_snv_read
 .text.tmos_snv_notify
                0x00000000000057b8       0x5a /Users/jeffery/dev/arduino/wch/ch583-main/EVT/EXAM/BLE/LIB/libCH58xBLE.a(tmos_snv.o)
                0x00000000000057b8                tmos_snv_notify
 .text.tmos_snv_write
                0x0000000000005812      0x2ce /Users/jeffery/dev/arduino/wch/ch583-main/EVT/EXAM/BLE/LIB/libCH58xBLE.a(tmos_snv.o)
                0x0000000000005812                tmos_snv_write
 .text.tmos_snv_compact
                0x0000000000005ae0        0x4 /Users/jeffery/dev/arduino/wch/ch583-main/EVT/EXAM/BLE/LIB/libCH58xBLE.a(tmos_snv.o)
                0x0000000000005ae0                tmos_snv_compact
 .text.disconnectNext
                0x0000000000005ae4       0x22 /Users/jeffery/dev/arduino/wch/ch583-main/EVT/EXAM/BLE/LIB/libCH58xBLE.a(gap.o)
 .text.GAP_ParamInit
                0x0000000000005b06      0x16c /Users/jeffery/dev/arduino/wch/ch583-main/EVT/EXAM/BLE/LIB/libCH58xBLE.a(gap.o)
                0x0000000000005b06                GAP_ParamInit
 .text.sendTerminateEvent
                0x0000000000005c72       0x58 /Users/jeffery/dev/arduino/wch/ch583-main/EVT/EXAM/BLE/LIB/libCH58xBLE.a(gap.o)
                0x0000000000005c72                sendTerminateEvent
 .text.gapRegisterCentral
                0x0000000000005cca        0x6 /Users/jeffery/dev/arduino/wch/ch583-main/EVT/EXAM/BLE/LIB/libCH58xBLE.a(gap.o)
                0x0000000000005cca                gapRegisterCentral
 .text.gapRegisterCentralConn
                0x0000000000005cd0        0x6 /Users/jeffery/dev/arduino/wch/ch583-main/EVT/EXAM/BLE/LIB/libCH58xBLE.a(gap.o)
                0x0000000000005cd0                gapRegisterCentralConn
 .text.gapRegisterPeripheral
                0x0000000000005cd6        0x6 /Users/jeffery/dev/arduino/wch/ch583-main/EVT/EXAM/BLE/LIB/libCH58xBLE.a(gap.o)
                0x0000000000005cd6                gapRegisterPeripheral
 .text.gapRegisterPeripheralConn
                0x0000000000005cdc        0x6 /Users/jeffery/dev/arduino/wch/ch583-main/EVT/EXAM/BLE/LIB/libCH58xBLE.a(gap.o)
                0x0000000000005cdc                gapRegisterPeripheralConn
 .text.smGenerateRandBuf
                0x0000000000005ce2       0x56 /Users/jeffery/dev/arduino/wch/ch583-main/EVT/EXAM/BLE/LIB/libCH58xBLE.a(gap.o)
                0x0000000000005ce2                smGenerateRandBuf
 .text.gapL2capConnParamUpdateReq
                0x0000000000005d38       0x36 /Users/jeffery/dev/arduino/wch/ch583-main/EVT/EXAM/BLE/LIB/libCH58xBLE.a(gap.o)
                0x0000000000005d38                gapL2capConnParamUpdateReq
 .text.gapValidADType
                0x0000000000005d6e       0x16 /Users/jeffery/dev/arduino/wch/ch583-main/EVT/EXAM/BLE/LIB/libCH58xBLE.a(gap.o)
                0x0000000000005d6e                gapValidADType
 .text.gapFindADType
                0x0000000000005d84       0x92 /Users/jeffery/dev/arduino/wch/ch583-main/EVT/EXAM/BLE/LIB/libCH58xBLE.a(gap.o)
                0x0000000000005d84                gapFindADType
 .text.GAP_SecParamsInit
                0x0000000000005e16       0xaa /Users/jeffery/dev/arduino/wch/ch583-main/EVT/EXAM/BLE/LIB/libCH58xBLE.a(gap.o)
                0x0000000000005e16                GAP_SecParamsInit
 .text.GAP_ParamsInit
                0x0000000000005ec0       0x50 /Users/jeffery/dev/arduino/wch/ch583-main/EVT/EXAM/BLE/LIB/libCH58xBLE.a(gap.o)
                0x0000000000005ec0                GAP_ParamsInit
 .text.gapAddAddrAdj
                0x0000000000005f10       0x48 /Users/jeffery/dev/arduino/wch/ch583-main/EVT/EXAM/BLE/LIB/libCH58xBLE.a(gap.o)
                0x0000000000005f10                gapAddAddrAdj
 .text.gapDetermineAddrType
                0x0000000000005f58       0x28 /Users/jeffery/dev/arduino/wch/ch583-main/EVT/EXAM/BLE/LIB/libCH58xBLE.a(gap.o)
                0x0000000000005f58                gapDetermineAddrType
 .text.gapFreeAuthLink
                0x0000000000005f80       0x4a /Users/jeffery/dev/arduino/wch/ch583-main/EVT/EXAM/BLE/LIB/libCH58xBLE.a(gap.o)
                0x0000000000005f80                gapFreeAuthLink
 .text.gapGetDevAddress
                0x0000000000005fca       0x24 /Users/jeffery/dev/arduino/wch/ch583-main/EVT/EXAM/BLE/LIB/libCH58xBLE.a(gap.o)
                0x0000000000005fca                gapGetDevAddress
 .text.gapGetDevAddressMode
                0x0000000000005fee        0xa /Users/jeffery/dev/arduino/wch/ch583-main/EVT/EXAM/BLE/LIB/libCH58xBLE.a(gap.o)
                0x0000000000005fee                gapGetDevAddressMode
 .text.gapGetIRK
                0x0000000000005ff8        0xc /Users/jeffery/dev/arduino/wch/ch583-main/EVT/EXAM/BLE/LIB/libCH58xBLE.a(gap.o)
                0x0000000000005ff8                gapGetIRK
 .text.gapGetSRK
                0x0000000000006004        0xc /Users/jeffery/dev/arduino/wch/ch583-main/EVT/EXAM/BLE/LIB/libCH58xBLE.a(gap.o)
                0x0000000000006004                gapGetSRK
 .text.gapGetSignCounter
                0x0000000000006010        0xe /Users/jeffery/dev/arduino/wch/ch583-main/EVT/EXAM/BLE/LIB/libCH58xBLE.a(gap.o)
                0x0000000000006010                gapGetSignCounter
 .text.gapIncSignCounter
                0x000000000000601e       0x28 /Users/jeffery/dev/arduino/wch/ch583-main/EVT/EXAM/BLE/LIB/libCH58xBLE.a(gap.o)
                0x000000000000601e                gapIncSignCounter
 .text.gapProcessConnEvt
                0x0000000000006046       0x48 /Users/jeffery/dev/arduino/wch/ch583-main/EVT/EXAM/BLE/LIB/libCH58xBLE.a(gap.o)
                0x0000000000006046                gapProcessConnEvt
 .text.gapProcessDisconnectCompleteEvt
                0x000000000000608e       0xa8 /Users/jeffery/dev/arduino/wch/ch583-main/EVT/EXAM/BLE/LIB/libCH58xBLE.a(gap.o)
                0x000000000000608e                gapProcessDisconnectCompleteEvt
 .text.sendAuthEvent
                0x0000000000006136      0x11e /Users/jeffery/dev/arduino/wch/ch583-main/EVT/EXAM/BLE/LIB/libCH58xBLE.a(gap.o)
                0x0000000000006136                sendAuthEvent
 .text.gapSendBondCompleteEvent
                0x0000000000006254       0x74 /Users/jeffery/dev/arduino/wch/ch583-main/EVT/EXAM/BLE/LIB/libCH58xBLE.a(gap.o)
                0x0000000000006254                gapSendBondCompleteEvent
 .text.gapSendPairingReqEvent
                0x00000000000062c8       0x96 /Users/jeffery/dev/arduino/wch/ch583-main/EVT/EXAM/BLE/LIB/libCH58xBLE.a(gap.o)
                0x00000000000062c8                gapSendPairingReqEvent
 .text.gapSendSlaveSecurityReqEvent
                0x000000000000635e       0x68 /Users/jeffery/dev/arduino/wch/ch583-main/EVT/EXAM/BLE/LIB/libCH58xBLE.a(gap.o)
                0x000000000000635e                gapSendSlaveSecurityReqEvent
 .text.gapSendDeviceInitDoneEvent
                0x00000000000063c6       0x88 /Users/jeffery/dev/arduino/wch/ch583-main/EVT/EXAM/BLE/LIB/libCH58xBLE.a(gap.o)
                0x00000000000063c6                gapSendDeviceInitDoneEvent
 .text.gapSendLinkUpdateEvent
                0x000000000000644e       0xb2 /Users/jeffery/dev/arduino/wch/ch583-main/EVT/EXAM/BLE/LIB/libCH58xBLE.a(gap.o)
                0x000000000000644e                gapSendLinkUpdateEvent
 .text.gapSendPhyUpdateEvent
                0x0000000000006500       0x58 /Users/jeffery/dev/arduino/wch/ch583-main/EVT/EXAM/BLE/LIB/libCH58xBLE.a(gap.o)
                0x0000000000006500                gapSendPhyUpdateEvent
 .text.gapSendEstLinkEvent
                0x0000000000006558       0xbc /Users/jeffery/dev/arduino/wch/ch583-main/EVT/EXAM/BLE/LIB/libCH58xBLE.a(gap.o)
                0x0000000000006558                gapSendEstLinkEvent
 .text.gapProcessNewAddr
                0x0000000000006614       0x3e /Users/jeffery/dev/arduino/wch/ch583-main/EVT/EXAM/BLE/LIB/libCH58xBLE.a(gap.o)
                0x0000000000006614                gapProcessNewAddr
 .text.gapProcessRandomAddrComplete
                0x0000000000006652       0xb6 /Users/jeffery/dev/arduino/wch/ch583-main/EVT/EXAM/BLE/LIB/libCH58xBLE.a(gap.o)
                0x0000000000006652                gapProcessRandomAddrComplete
 .text.GAP_Authenticate
                0x0000000000006708       0xde /Users/jeffery/dev/arduino/wch/ch583-main/EVT/EXAM/BLE/LIB/libCH58xBLE.a(gap.o)
                0x0000000000006708                GAP_Authenticate
 .text.GAP_Bond
                0x00000000000067e6       0xaa /Users/jeffery/dev/arduino/wch/ch583-main/EVT/EXAM/BLE/LIB/libCH58xBLE.a(gap.o)
                0x00000000000067e6                GAP_Bond
 .text.GAP_GetParamValue
                0x0000000000006890       0x20 /Users/jeffery/dev/arduino/wch/ch583-main/EVT/EXAM/BLE/LIB/libCH58xBLE.a(gap.o)
                0x0000000000006890                GAP_GetParamValue
 .text.GAP_PasscodeUpdate
                0x00000000000068b0       0x54 /Users/jeffery/dev/arduino/wch/ch583-main/EVT/EXAM/BLE/LIB/libCH58xBLE.a(gap.o)
                0x00000000000068b0                GAP_PasscodeUpdate
 .text.GAP_RegisterForMsgs
                0x0000000000006904        0xa /Users/jeffery/dev/arduino/wch/ch583-main/EVT/EXAM/BLE/LIB/libCH58xBLE.a(gap.o)
                0x0000000000006904                GAP_RegisterForMsgs
 .text.GAP_ResolvePrivateAddr
                0x000000000000690e        0x4 /Users/jeffery/dev/arduino/wch/ch583-main/EVT/EXAM/BLE/LIB/libCH58xBLE.a(gap.o)
                0x000000000000690e                GAP_ResolvePrivateAddr
 .text.gapPairingCompleteCB
                0x0000000000006912      0x18c /Users/jeffery/dev/arduino/wch/ch583-main/EVT/EXAM/BLE/LIB/libCH58xBLE.a(gap.o)
                0x0000000000006912                gapPairingCompleteCB
 .text.gapPasskeyNeededCB
                0x0000000000006a9e       0x8e /Users/jeffery/dev/arduino/wch/ch583-main/EVT/EXAM/BLE/LIB/libCH58xBLE.a(gap.o)
                0x0000000000006a9e                gapPasskeyNeededCB
 .text.gapOobNeededCB
                0x0000000000006b2c       0xa6 /Users/jeffery/dev/arduino/wch/ch583-main/EVT/EXAM/BLE/LIB/libCH58xBLE.a(gap.o)
                0x0000000000006b2c                gapOobNeededCB
 .text.gapFreeEstLink
                0x0000000000006bd2       0x20 /Users/jeffery/dev/arduino/wch/ch583-main/EVT/EXAM/BLE/LIB/libCH58xBLE.a(gap.o)
                0x0000000000006bd2                gapFreeEstLink
 .text.gapUpdateConnSignCounter
                0x0000000000006bf2       0x7a /Users/jeffery/dev/arduino/wch/ch583-main/EVT/EXAM/BLE/LIB/libCH58xBLE.a(gap.o)
                0x0000000000006bf2                gapUpdateConnSignCounter
 .text.GAP_SendSlaveSecurityRequest
                0x0000000000006c6c       0x4a /Users/jeffery/dev/arduino/wch/ch583-main/EVT/EXAM/BLE/LIB/libCH58xBLE.a(gap.o)
                0x0000000000006c6c                GAP_SendSlaveSecurityRequest
 .text.GAP_Signable
                0x0000000000006cb6       0x6a /Users/jeffery/dev/arduino/wch/ch583-main/EVT/EXAM/BLE/LIB/libCH58xBLE.a(gap.o)
                0x0000000000006cb6                GAP_Signable
 .text.GAP_TerminateAuth
                0x0000000000006d20       0x2a /Users/jeffery/dev/arduino/wch/ch583-main/EVT/EXAM/BLE/LIB/libCH58xBLE.a(gap.o)
                0x0000000000006d20                GAP_TerminateAuth
 .text.GAP_NumActiveConnections
                0x0000000000006d4a        0x4 /Users/jeffery/dev/arduino/wch/ch583-main/EVT/EXAM/BLE/LIB/libCH58xBLE.a(gap.o)
                0x0000000000006d4a                GAP_NumActiveConnections
 .text.GAP_TerminateLinkReq
                0x0000000000006d4e       0x8e /Users/jeffery/dev/arduino/wch/ch583-main/EVT/EXAM/BLE/LIB/libCH58xBLE.a(gap.o)
                0x0000000000006d4e                GAP_TerminateLinkReq
 .text.GAP_SetParamValue
                0x0000000000006ddc       0x6c /Users/jeffery/dev/arduino/wch/ch583-main/EVT/EXAM/BLE/LIB/libCH58xBLE.a(gap.o)
                0x0000000000006ddc                GAP_SetParamValue
 .text.GAP_Init
                0x0000000000006e48       0x48 /Users/jeffery/dev/arduino/wch/ch583-main/EVT/EXAM/BLE/LIB/libCH58xBLE.a(gap.o)
                0x0000000000006e48                GAP_Init
 .text.GAP_ProcessEvent
                0x0000000000006e90      0x66a /Users/jeffery/dev/arduino/wch/ch583-main/EVT/EXAM/BLE/LIB/libCH58xBLE.a(gap.o)
                0x0000000000006e90                GAP_ProcessEvent
 .text.gapSendScanEnable
                0x00000000000074fa       0x3a /Users/jeffery/dev/arduino/wch/ch583-main/EVT/EXAM/BLE/LIB/libCH58xBLE.a(gap_central.o)
 .text.gapCentProcessConnEvt
                0x0000000000007534      0x168 /Users/jeffery/dev/arduino/wch/ch583-main/EVT/EXAM/BLE/LIB/libCH58xBLE.a(gap_central.o)
                0x0000000000007534                gapCentProcessConnEvt
 .text.gapProcessScanningPeriodicAdvEvt
                0x000000000000769c       0xa0 /Users/jeffery/dev/arduino/wch/ch583-main/EVT/EXAM/BLE/LIB/libCH58xBLE.a(gap_central.o)
                0x000000000000769c                gapProcessScanningPeriodicAdvEvt
 .text.gapCancelLinkReq
                0x000000000000773c       0x38 /Users/jeffery/dev/arduino/wch/ch583-main/EVT/EXAM/BLE/LIB/libCH58xBLE.a(gap_central.o)
                0x000000000000773c                gapCancelLinkReq
 .text.gapProcessAdvertDevInfo
                0x0000000000007774      0x242 /Users/jeffery/dev/arduino/wch/ch583-main/EVT/EXAM/BLE/LIB/libCH58xBLE.a(gap_central.o)
                0x0000000000007774                gapProcessAdvertDevInfo
 .text.gapProcessExtAdvertDevInfo
                0x00000000000079b6      0x260 /Users/jeffery/dev/arduino/wch/ch583-main/EVT/EXAM/BLE/LIB/libCH58xBLE.a(gap_central.o)
                0x00000000000079b6                gapProcessExtAdvertDevInfo
 .text.gapProcessPeriodicAdvertisingSyncEstablishedEvt
                0x0000000000007c16       0xae /Users/jeffery/dev/arduino/wch/ch583-main/EVT/EXAM/BLE/LIB/libCH58xBLE.a(gap_central.o)
                0x0000000000007c16                gapProcessPeriodicAdvertisingSyncEstablishedEvt
 .text.gapProcessPeriodicAdvertisingSyncLostEvt
                0x0000000000007cc4       0x56 /Users/jeffery/dev/arduino/wch/ch583-main/EVT/EXAM/BLE/LIB/libCH58xBLE.a(gap_central.o)
                0x0000000000007cc4                gapProcessPeriodicAdvertisingSyncLostEvt
 .text.gapFreeScanRecs
                0x0000000000007d1a       0xa6 /Users/jeffery/dev/arduino/wch/ch583-main/EVT/EXAM/BLE/LIB/libCH58xBLE.a(gap_central.o)
                0x0000000000007d1a                gapFreeScanRecs
 .text.gapSendDevDiscEvent
                0x0000000000007dc0      0x124 /Users/jeffery/dev/arduino/wch/ch583-main/EVT/EXAM/BLE/LIB/libCH58xBLE.a(gap_central.o)
                0x0000000000007dc0                gapSendDevDiscEvent
 .text.gapSetScanParamStatus
                0x0000000000007ee4       0x56 /Users/jeffery/dev/arduino/wch/ch583-main/EVT/EXAM/BLE/LIB/libCH58xBLE.a(gap_central.o)
 .text.gapCentProcessHCICmdEvt
                0x0000000000007f3a       0x3c /Users/jeffery/dev/arduino/wch/ch583-main/EVT/EXAM/BLE/LIB/libCH58xBLE.a(gap_central.o)
                0x0000000000007f3a                gapCentProcessHCICmdEvt
 .text.gapProcessScanningEvt
                0x0000000000007f76      0x110 /Users/jeffery/dev/arduino/wch/ch583-main/EVT/EXAM/BLE/LIB/libCH58xBLE.a(gap_central.o)
                0x0000000000007f76                gapProcessScanningEvt
 .text.gapProcessScanningDirectEvt
                0x0000000000008086       0xfe /Users/jeffery/dev/arduino/wch/ch583-main/EVT/EXAM/BLE/LIB/libCH58xBLE.a(gap_central.o)
                0x0000000000008086                gapProcessScanningDirectEvt
 .text.gapProcessScanningExtAdvEvt
                0x0000000000008184      0x2c4 /Users/jeffery/dev/arduino/wch/ch583-main/EVT/EXAM/BLE/LIB/libCH58xBLE.a(gap_central.o)
                0x0000000000008184                gapProcessScanningExtAdvEvt
 .text.GAP_CentConnRegister
                0x0000000000008448       0x1a /Users/jeffery/dev/arduino/wch/ch583-main/EVT/EXAM/BLE/LIB/libCH58xBLE.a(gap_central.o)
                0x0000000000008448                GAP_CentConnRegister
 .text.GAP_CentralParamInit
                0x0000000000008462       0x6e /Users/jeffery/dev/arduino/wch/ch583-main/EVT/EXAM/BLE/LIB/libCH58xBLE.a(gap_central.o)
                0x0000000000008462                GAP_CentralParamInit
 .text.GAP_CentDevMgrInit
                0x00000000000084d0       0x9c /Users/jeffery/dev/arduino/wch/ch583-main/EVT/EXAM/BLE/LIB/libCH58xBLE.a(gap_central.o)
                0x00000000000084d0                GAP_CentDevMgrInit
 .text.gapFreeAdvertState
                0x000000000000856c       0x20 /Users/jeffery/dev/arduino/wch/ch583-main/EVT/EXAM/BLE/LIB/libCH58xBLE.a(gap_peripheral.o)
 .text.gapSetPeriodicAdvParams
                0x000000000000858c       0x30 /Users/jeffery/dev/arduino/wch/ch583-main/EVT/EXAM/BLE/LIB/libCH58xBLE.a(gap_peripheral.o)
 .text.gapSetConnectionlessCTEParams
                0x00000000000085bc       0x54 /Users/jeffery/dev/arduino/wch/ch583-main/EVT/EXAM/BLE/LIB/libCH58xBLE.a(gap_peripheral.o)
 .text.gapSetAdvParams
                0x0000000000008610      0x126 /Users/jeffery/dev/arduino/wch/ch583-main/EVT/EXAM/BLE/LIB/libCH58xBLE.a(gap_peripheral.o)
 .text.gapPeriProcessConnEvt
                0x0000000000008736       0xd0 /Users/jeffery/dev/arduino/wch/ch583-main/EVT/EXAM/BLE/LIB/libCH58xBLE.a(gap_peripheral.o)
 .text.gapWriteAdvDataStatus
                0x0000000000008806       0x8a /Users/jeffery/dev/arduino/wch/ch583-main/EVT/EXAM/BLE/LIB/libCH58xBLE.a(gap_peripheral.o)
 .text.GAP_MakeDiscoverable
                0x0000000000008890      0x174 /Users/jeffery/dev/arduino/wch/ch583-main/EVT/EXAM/BLE/LIB/libCH58xBLE.a(gap_peripheral.o)
                0x0000000000008890                GAP_MakeDiscoverable
 .text.GAP_EndDiscoverable
                0x0000000000008a04       0x66 /Users/jeffery/dev/arduino/wch/ch583-main/EVT/EXAM/BLE/LIB/libCH58xBLE.a(gap_peripheral.o)
                0x0000000000008a04                GAP_EndDiscoverable
 .text.gapProcessAdvertisingEvt
                0x0000000000008a6a      0x116 /Users/jeffery/dev/arduino/wch/ch583-main/EVT/EXAM/BLE/LIB/libCH58xBLE.a(gap_peripheral.o)
 .text.GAP_MakePeriodic
                0x0000000000008b80       0x26 /Users/jeffery/dev/arduino/wch/ch583-main/EVT/EXAM/BLE/LIB/libCH58xBLE.a(gap_peripheral.o)
                0x0000000000008b80                GAP_MakePeriodic
 .text.GAP_EndPeriodic
                0x0000000000008ba6        0xc /Users/jeffery/dev/arduino/wch/ch583-main/EVT/EXAM/BLE/LIB/libCH58xBLE.a(gap_peripheral.o)
                0x0000000000008ba6                GAP_EndPeriodic
 .text.GAP_MakeConnecttionlessCTE
                0x0000000000008bb2       0x1a /Users/jeffery/dev/arduino/wch/ch583-main/EVT/EXAM/BLE/LIB/libCH58xBLE.a(gap_peripheral.o)
                0x0000000000008bb2                GAP_MakeConnecttionlessCTE
 .text.GAP_EndConnecttionlessCTE
                0x0000000000008bcc        0xc /Users/jeffery/dev/arduino/wch/ch583-main/EVT/EXAM/BLE/LIB/libCH58xBLE.a(gap_peripheral.o)
                0x0000000000008bcc                GAP_EndConnecttionlessCTE
 .text.GAP_SetAdvertisingAdvData
                0x0000000000008bd8      0x102 /Users/jeffery/dev/arduino/wch/ch583-main/EVT/EXAM/BLE/LIB/libCH58xBLE.a(gap_peripheral.o)
                0x0000000000008bd8                GAP_SetAdvertisingAdvData
 .text.GAP_SetAdvertisingRspData
                0x0000000000008cda      0x102 /Users/jeffery/dev/arduino/wch/ch583-main/EVT/EXAM/BLE/LIB/libCH58xBLE.a(gap_peripheral.o)
                0x0000000000008cda                GAP_SetAdvertisingRspData
 .text.GAP_SetPeriodicAdvertisingData
                0x0000000000008ddc       0xc6 /Users/jeffery/dev/arduino/wch/ch583-main/EVT/EXAM/BLE/LIB/libCH58xBLE.a(gap_peripheral.o)
                0x0000000000008ddc                GAP_SetPeriodicAdvertisingData
 .text.GAP_GetAdvertisingAdvData
                0x0000000000008ea2       0x26 /Users/jeffery/dev/arduino/wch/ch583-main/EVT/EXAM/BLE/LIB/libCH58xBLE.a(gap_peripheral.o)
                0x0000000000008ea2                GAP_GetAdvertisingAdvData
 .text.GAP_GetAdvertisingRspData
                0x0000000000008ec8       0x34 /Users/jeffery/dev/arduino/wch/ch583-main/EVT/EXAM/BLE/LIB/libCH58xBLE.a(gap_peripheral.o)
                0x0000000000008ec8                GAP_GetAdvertisingRspData
 .text.GAP_GetPeriodicAdvertisingData
                0x0000000000008efc       0x34 /Users/jeffery/dev/arduino/wch/ch583-main/EVT/EXAM/BLE/LIB/libCH58xBLE.a(gap_peripheral.o)
                0x0000000000008efc                GAP_GetPeriodicAdvertisingData
 .text.GAP_ConfigDeviceAddr
                0x0000000000008f30      0x124 /Users/jeffery/dev/arduino/wch/ch583-main/EVT/EXAM/BLE/LIB/libCH58xBLE.a(gap_peripheral.o)
                0x0000000000008f30                GAP_ConfigDeviceAddr
 .text.GAP_PeriConnRegister
                0x0000000000009054       0x2e /Users/jeffery/dev/arduino/wch/ch583-main/EVT/EXAM/BLE/LIB/libCH58xBLE.a(gap_peripheral.o)
                0x0000000000009054                GAP_PeriConnRegister
 .text.GAP_PeripheralParamInit
                0x0000000000009082       0x6c /Users/jeffery/dev/arduino/wch/ch583-main/EVT/EXAM/BLE/LIB/libCH58xBLE.a(gap_peripheral.o)
                0x0000000000009082                GAP_PeripheralParamInit
 .text.gapSendMakeDiscEvent
                0x00000000000090ee       0x50 /Users/jeffery/dev/arduino/wch/ch583-main/EVT/EXAM/BLE/LIB/libCH58xBLE.a(gap_peripheral.o)
                0x00000000000090ee                gapSendMakeDiscEvent
 .text.gapWriteAdvEnableStatus
                0x000000000000913e      0x110 /Users/jeffery/dev/arduino/wch/ch583-main/EVT/EXAM/BLE/LIB/libCH58xBLE.a(gap_peripheral.o)
 .text.gapSendMakePeriodicEvent
                0x000000000000924e       0x3a /Users/jeffery/dev/arduino/wch/ch583-main/EVT/EXAM/BLE/LIB/libCH58xBLE.a(gap_peripheral.o)
                0x000000000000924e                gapSendMakePeriodicEvent
 .text.gapSendMakeConnectionlessCTEEvent
                0x0000000000009288       0x3a /Users/jeffery/dev/arduino/wch/ch583-main/EVT/EXAM/BLE/LIB/libCH58xBLE.a(gap_peripheral.o)
                0x0000000000009288                gapSendMakeConnectionlessCTEEvent
 .text.gapPeriProcessHCICmdCompleteEvt
                0x00000000000092c2      0x22e /Users/jeffery/dev/arduino/wch/ch583-main/EVT/EXAM/BLE/LIB/libCH58xBLE.a(gap_peripheral.o)
 .text.GAP_PeriDevMgrInit
                0x00000000000094f0       0x2e /Users/jeffery/dev/arduino/wch/ch583-main/EVT/EXAM/BLE/LIB/libCH58xBLE.a(gap_peripheral.o)
                0x00000000000094f0                GAP_PeriDevMgrInit
 .text.ggs_SetAttrWPermit
                0x000000000000951e       0x68 /Users/jeffery/dev/arduino/wch/ch583-main/EVT/EXAM/BLE/LIB/libCH58xBLE.a(gapgattserver.o)
 .text.ggs_ReadAttrCB
                0x0000000000009586      0x156 /Users/jeffery/dev/arduino/wch/ch583-main/EVT/EXAM/BLE/LIB/libCH58xBLE.a(gapgattserver.o)
 .text.ggs_WriteAttrCB
                0x00000000000096dc      0x162 /Users/jeffery/dev/arduino/wch/ch583-main/EVT/EXAM/BLE/LIB/libCH58xBLE.a(gapgattserver.o)
 .text.GGS_ParamInit
                0x000000000000983e      0x15c /Users/jeffery/dev/arduino/wch/ch583-main/EVT/EXAM/BLE/LIB/libCH58xBLE.a(gapgattserver.o)
                0x000000000000983e                GGS_ParamInit
 .text.GGS_SetParameter
                0x000000000000999a      0x116 /Users/jeffery/dev/arduino/wch/ch583-main/EVT/EXAM/BLE/LIB/libCH58xBLE.a(gapgattserver.o)
                0x000000000000999a                GGS_SetParameter
 .text.GGS_AddService
                0x0000000000009ab0       0x2c /Users/jeffery/dev/arduino/wch/ch583-main/EVT/EXAM/BLE/LIB/libCH58xBLE.a(gapgattserver.o)
                0x0000000000009ab0                GGS_AddService
 .text.GAP_DeviceInit
                0x0000000000009adc       0xd8 /Users/jeffery/dev/arduino/wch/ch583-main/EVT/EXAM/BLE/LIB/libCH58xBLE.a(gapgattserver.o)
                0x0000000000009adc                GAP_DeviceInit
 .text.gattGetPayload
                0x0000000000009bb4       0x7e /Users/jeffery/dev/arduino/wch/ch583-main/EVT/EXAM/BLE/LIB/libCH58xBLE.a(gatt.o)
                0x0000000000009bb4                gattGetPayload
 .text.gattNotifyEvent
                0x0000000000009c32       0x84 /Users/jeffery/dev/arduino/wch/ch583-main/EVT/EXAM/BLE/LIB/libCH58xBLE.a(gatt.o)
                0x0000000000009c32                gattNotifyEvent
 .text.gattSendFlowCtrlEvt
                0x0000000000009cb6       0x52 /Users/jeffery/dev/arduino/wch/ch583-main/EVT/EXAM/BLE/LIB/libCH58xBLE.a(gatt.o)
                0x0000000000009cb6                gattSendFlowCtrlEvt
 .text.gattStartTimer
                0x0000000000009d08        0xc /Users/jeffery/dev/arduino/wch/ch583-main/EVT/EXAM/BLE/LIB/libCH58xBLE.a(gatt.o)
                0x0000000000009d08                gattStartTimer
 .text.gattStopTimer
                0x0000000000009d14       0x32 /Users/jeffery/dev/arduino/wch/ch583-main/EVT/EXAM/BLE/LIB/libCH58xBLE.a(gatt.o)
                0x0000000000009d14                gattStopTimer
 .text.GATT_AppCompletedMsg
                0x0000000000009d46       0x30 /Users/jeffery/dev/arduino/wch/ch583-main/EVT/EXAM/BLE/LIB/libCH58xBLE.a(gatt.o)
                0x0000000000009d46                GATT_AppCompletedMsg
 .text.GATT_NotifyEvent
                0x0000000000009d76       0x56 /Users/jeffery/dev/arduino/wch/ch583-main/EVT/EXAM/BLE/LIB/libCH58xBLE.a(gatt.o)
                0x0000000000009d76                GATT_NotifyEvent
 .text.gattRegisterServer
                0x0000000000009dcc        0x6 /Users/jeffery/dev/arduino/wch/ch583-main/EVT/EXAM/BLE/LIB/libCH58xBLE.a(gatt.o)
                0x0000000000009dcc                gattRegisterServer
 .text.GATT_UpdateMTU
                0x0000000000009dd2       0x5a /Users/jeffery/dev/arduino/wch/ch583-main/EVT/EXAM/BLE/LIB/libCH58xBLE.a(gatt.o)
                0x0000000000009dd2                GATT_UpdateMTU
 .text.GATT_bm_alloc
                0x0000000000009e2c       0xe8 /Users/jeffery/dev/arduino/wch/ch583-main/EVT/EXAM/BLE/LIB/libCH58xBLE.a(gatt.o)
                0x0000000000009e2c                GATT_bm_alloc
 .text.GATT_ServiceChangedInd
                0x0000000000009f14       0x94 /Users/jeffery/dev/arduino/wch/ch583-main/EVT/EXAM/BLE/LIB/libCH58xBLE.a(gatt.o)
                0x0000000000009f14                GATT_ServiceChangedInd
 .text.GATT_bm_free
                0x0000000000009fa8       0x1c /Users/jeffery/dev/arduino/wch/ch583-main/EVT/EXAM/BLE/LIB/libCH58xBLE.a(gatt.o)
                0x0000000000009fa8                GATT_bm_free
 .text.GATT_Init
                0x0000000000009fc4       0x2a /Users/jeffery/dev/arduino/wch/ch583-main/EVT/EXAM/BLE/LIB/libCH58xBLE.a(gatt.o)
                0x0000000000009fc4                GATT_Init
 .text.GATT_ProcessEvent
                0x0000000000009fee      0x13a /Users/jeffery/dev/arduino/wch/ch583-main/EVT/EXAM/BLE/LIB/libCH58xBLE.a(gatt.o)
                0x0000000000009fee                GATT_ProcessEvent
 .text.gattProcessExchangeMTUReq
                0x000000000000a128        0x4 /Users/jeffery/dev/arduino/wch/ch583-main/EVT/EXAM/BLE/LIB/libCH58xBLE.a(gattservapp.o)
 .text.gattServApp_FindCharCfgItem
                0x000000000000a12c       0x24 /Users/jeffery/dev/arduino/wch/ch583-main/EVT/EXAM/BLE/LIB/libCH58xBLE.a(gattservapp.o)
 .text.gattServerHandleTimerCB
                0x000000000000a150       0x3c /Users/jeffery/dev/arduino/wch/ch583-main/EVT/EXAM/BLE/LIB/libCH58xBLE.a(gattservapp.o)
 .text.GATTServApp_InitCharCfg.part.12
                0x000000000000a18c       0x20 /Users/jeffery/dev/arduino/wch/ch583-main/EVT/EXAM/BLE/LIB/libCH58xBLE.a(gattservapp.o)
 .text.gattProcessExecuteWriteReq
                0x000000000000a1ac        0x4 /Users/jeffery/dev/arduino/wch/ch583-main/EVT/EXAM/BLE/LIB/libCH58xBLE.a(gattservapp.o)
 .text.GATTServApp_ParamInit
                0x000000000000a1b0       0xd6 /Users/jeffery/dev/arduino/wch/ch583-main/EVT/EXAM/BLE/LIB/libCH58xBLE.a(gattservapp.o)
                0x000000000000a1b0                GATTServApp_ParamInit
 .text.GATTServApp_ReadCharCfg
                0x000000000000a286       0x18 /Users/jeffery/dev/arduino/wch/ch583-main/EVT/EXAM/BLE/LIB/libCH58xBLE.a(gattservapp.o)
                0x000000000000a286                GATTServApp_ReadCharCfg
 .text.GATTServApp_WriteCharCfg
                0x000000000000a29e       0x3c /Users/jeffery/dev/arduino/wch/ch583-main/EVT/EXAM/BLE/LIB/libCH58xBLE.a(gattservapp.o)
                0x000000000000a29e                GATTServApp_WriteCharCfg
 .text.GATTServApp_ProcessCCCWriteReq
                0x000000000000a2da       0x60 /Users/jeffery/dev/arduino/wch/ch583-main/EVT/EXAM/BLE/LIB/libCH58xBLE.a(gattservapp.o)
                0x000000000000a2da                GATTServApp_ProcessCCCWriteReq
 .text.gattServApp_WriteAttrCB
                0x000000000000a33a       0x34 /Users/jeffery/dev/arduino/wch/ch583-main/EVT/EXAM/BLE/LIB/libCH58xBLE.a(gattservapp.o)
                0x000000000000a33a                gattServApp_WriteAttrCB
 .text.GATTServApp_SendCCCUpdatedEvent
                0x000000000000a36e       0x5e /Users/jeffery/dev/arduino/wch/ch583-main/EVT/EXAM/BLE/LIB/libCH58xBLE.a(gattservapp.o)
                0x000000000000a36e                GATTServApp_SendCCCUpdatedEvent
 .text.GATTServApp_SendServiceChangedInd
                0x000000000000a3cc       0x36 /Users/jeffery/dev/arduino/wch/ch583-main/EVT/EXAM/BLE/LIB/libCH58xBLE.a(gattservapp.o)
                0x000000000000a3cc                GATTServApp_SendServiceChangedInd
 .text.gattServApp_ClearPrepareWriteQ
                0x000000000000a402       0x50 /Users/jeffery/dev/arduino/wch/ch583-main/EVT/EXAM/BLE/LIB/libCH58xBLE.a(gattservapp.o)
                0x000000000000a402                gattServApp_ClearPrepareWriteQ
 .text.gattServApp_FindPrepareWriteQ
                0x000000000000a452       0x30 /Users/jeffery/dev/arduino/wch/ch583-main/EVT/EXAM/BLE/LIB/libCH58xBLE.a(gattservapp.o)
                0x000000000000a452                gattServApp_FindPrepareWriteQ
 .text.gattServApp_FindServiceCBs
                0x000000000000a482       0x18 /Users/jeffery/dev/arduino/wch/ch583-main/EVT/EXAM/BLE/LIB/libCH58xBLE.a(gattservapp.o)
                0x000000000000a482                gattServApp_FindServiceCBs
 .text.gattServApp_FindAuthorizeAttrCB
                0x000000000000a49a       0x16 /Users/jeffery/dev/arduino/wch/ch583-main/EVT/EXAM/BLE/LIB/libCH58xBLE.a(gattservapp.o)
                0x000000000000a49a                gattServApp_FindAuthorizeAttrCB
 .text.gattServApp_IsWriteLong
                0x000000000000a4b0       0xea /Users/jeffery/dev/arduino/wch/ch583-main/EVT/EXAM/BLE/LIB/libCH58xBLE.a(gattservapp.o)
                0x000000000000a4b0                gattServApp_IsWriteLong
 .text.gattFindService
                0x000000000000a59a       0x1c /Users/jeffery/dev/arduino/wch/ch583-main/EVT/EXAM/BLE/LIB/libCH58xBLE.a(gattservapp.o)
                0x000000000000a59a                gattFindService
 .text.GATT_ServiceNumAttrs
                0x000000000000a5b6       0x18 /Users/jeffery/dev/arduino/wch/ch583-main/EVT/EXAM/BLE/LIB/libCH58xBLE.a(gattservapp.o)
                0x000000000000a5b6                GATT_ServiceNumAttrs
 .text.GATT_ServiceEncKeySize
                0x000000000000a5ce       0x18 /Users/jeffery/dev/arduino/wch/ch583-main/EVT/EXAM/BLE/LIB/libCH58xBLE.a(gattservapp.o)
                0x000000000000a5ce                GATT_ServiceEncKeySize
 .text.GATT_VerifyWritePermissions.part.7
                0x000000000000a5e6       0x2e /Users/jeffery/dev/arduino/wch/ch583-main/EVT/EXAM/BLE/LIB/libCH58xBLE.a(gattservapp.o)
 .text.gattResetServerInfo
                0x000000000000a614       0x1c /Users/jeffery/dev/arduino/wch/ch583-main/EVT/EXAM/BLE/LIB/libCH58xBLE.a(gattservapp.o)
                0x000000000000a614                gattResetServerInfo
 .text.gattFindServerInfo
                0x000000000000a630       0x2c /Users/jeffery/dev/arduino/wch/ch583-main/EVT/EXAM/BLE/LIB/libCH58xBLE.a(gattservapp.o)
                0x000000000000a630                gattFindServerInfo
 .text.gattServerHandleConnStatusCB
                0x000000000000a65c       0x98 /Users/jeffery/dev/arduino/wch/ch583-main/EVT/EXAM/BLE/LIB/libCH58xBLE.a(gattservapp.o)
                0x000000000000a65c                gattServerHandleConnStatusCB
 .text.gattServerProcessMsgCB
                0x000000000000a6f4      0x1c0 /Users/jeffery/dev/arduino/wch/ch583-main/EVT/EXAM/BLE/LIB/libCH58xBLE.a(gattservapp.o)
                0x000000000000a6f4                gattServerProcessMsgCB
 .text.gattServerNotifyTxCB
                0x000000000000a8b4       0x28 /Users/jeffery/dev/arduino/wch/ch583-main/EVT/EXAM/BLE/LIB/libCH58xBLE.a(gattservapp.o)
 .text.GATT_FindHandle
                0x000000000000a8dc       0x4a /Users/jeffery/dev/arduino/wch/ch583-main/EVT/EXAM/BLE/LIB/libCH58xBLE.a(gattservapp.o)
                0x000000000000a8dc                GATT_FindHandle
 .text.GATTServApp_WriteAttr
                0x000000000000a926       0xa8 /Users/jeffery/dev/arduino/wch/ch583-main/EVT/EXAM/BLE/LIB/libCH58xBLE.a(gattservapp.o)
                0x000000000000a926                GATTServApp_WriteAttr
 .text.gattServApp_ProcessExecuteWriteReq
                0x000000000000a9ce      0x100 /Users/jeffery/dev/arduino/wch/ch583-main/EVT/EXAM/BLE/LIB/libCH58xBLE.a(gattservapp.o)
                0x000000000000a9ce                gattServApp_ProcessExecuteWriteReq
 .text.GATTServApp_UpdateCharCfg
                0x000000000000aace       0x1e /Users/jeffery/dev/arduino/wch/ch583-main/EVT/EXAM/BLE/LIB/libCH58xBLE.a(gattservapp.o)
                0x000000000000aace                GATTServApp_UpdateCharCfg
 .text.gattServApp_ProcessPrepareWriteReq
                0x000000000000aaec      0x10e /Users/jeffery/dev/arduino/wch/ch583-main/EVT/EXAM/BLE/LIB/libCH58xBLE.a(gattservapp.o)
                0x000000000000aaec                gattServApp_ProcessPrepareWriteReq
 .text.gattServApp_ProcessWriteReq
                0x000000000000abfa       0xb0 /Users/jeffery/dev/arduino/wch/ch583-main/EVT/EXAM/BLE/LIB/libCH58xBLE.a(gattservapp.o)
                0x000000000000abfa                gattServApp_ProcessWriteReq
 .text.GATT_Indication
                0x000000000000acaa       0xa4 /Users/jeffery/dev/arduino/wch/ch583-main/EVT/EXAM/BLE/LIB/libCH58xBLE.a(gattservapp.o)
                0x000000000000acaa                GATT_Indication
 .text.GATT_FindHandleUUID
                0x000000000000ad4e       0x94 /Users/jeffery/dev/arduino/wch/ch583-main/EVT/EXAM/BLE/LIB/libCH58xBLE.a(gattservapp.o)
                0x000000000000ad4e                GATT_FindHandleUUID
 .text.gattProcessReadByGrpTypeReq
                0x000000000000ade2       0x60 /Users/jeffery/dev/arduino/wch/ch583-main/EVT/EXAM/BLE/LIB/libCH58xBLE.a(gattservapp.o)
 .text.gattProcessReadByTypeReq
                0x000000000000ae42       0x34 /Users/jeffery/dev/arduino/wch/ch583-main/EVT/EXAM/BLE/LIB/libCH58xBLE.a(gattservapp.o)
 .text.gattProcessFindByTypeValueReq
                0x000000000000ae76       0x34 /Users/jeffery/dev/arduino/wch/ch583-main/EVT/EXAM/BLE/LIB/libCH58xBLE.a(gattservapp.o)
 .text.gattProcessFindInfoReq
                0x000000000000aeaa      0x1aa /Users/jeffery/dev/arduino/wch/ch583-main/EVT/EXAM/BLE/LIB/libCH58xBLE.a(gattservapp.o)
 .text.GATT_Notification
                0x000000000000b054       0x70 /Users/jeffery/dev/arduino/wch/ch583-main/EVT/EXAM/BLE/LIB/libCH58xBLE.a(gattservapp.o)
                0x000000000000b054                GATT_Notification
 .text.GATT_VerifyWritePermissions
                0x000000000000b0c4       0x6a /Users/jeffery/dev/arduino/wch/ch583-main/EVT/EXAM/BLE/LIB/libCH58xBLE.a(gattservapp.o)
                0x000000000000b0c4                GATT_VerifyWritePermissions
 .text.gattProcessWriteReq
                0x000000000000b12e       0x36 /Users/jeffery/dev/arduino/wch/ch583-main/EVT/EXAM/BLE/LIB/libCH58xBLE.a(gattservapp.o)
 .text.GATT_VerifyPrepareWritePermissions
                0x000000000000b164       0x56 /Users/jeffery/dev/arduino/wch/ch583-main/EVT/EXAM/BLE/LIB/libCH58xBLE.a(gattservapp.o)
                0x000000000000b164                GATT_VerifyPrepareWritePermissions
 .text.gattProcessPrepareWriteReq
                0x000000000000b1ba       0x36 /Users/jeffery/dev/arduino/wch/ch583-main/EVT/EXAM/BLE/LIB/libCH58xBLE.a(gattservapp.o)
 .text.GATT_FindNextAttr
                0x000000000000b1f0       0xc2 /Users/jeffery/dev/arduino/wch/ch583-main/EVT/EXAM/BLE/LIB/libCH58xBLE.a(gattservapp.o)
                0x000000000000b1f0                GATT_FindNextAttr
 .text.GATTServApp_ReadAttr
                0x000000000000b2b2      0x2ea /Users/jeffery/dev/arduino/wch/ch583-main/EVT/EXAM/BLE/LIB/libCH58xBLE.a(gattservapp.o)
                0x000000000000b2b2                GATTServApp_ReadAttr
 .text.gattServApp_ProcessReadMultiReq
                0x000000000000b59c      0x16e /Users/jeffery/dev/arduino/wch/ch583-main/EVT/EXAM/BLE/LIB/libCH58xBLE.a(gattservapp.o)
                0x000000000000b59c                gattServApp_ProcessReadMultiReq
 .text.gattServApp_ProcessFindByTypeValueReq
                0x000000000000b70a      0x1a0 /Users/jeffery/dev/arduino/wch/ch583-main/EVT/EXAM/BLE/LIB/libCH58xBLE.a(gattservapp.o)
                0x000000000000b70a                gattServApp_ProcessFindByTypeValueReq
 .text.GATT_VerifyReadPermissions
                0x000000000000b8aa       0x68 /Users/jeffery/dev/arduino/wch/ch583-main/EVT/EXAM/BLE/LIB/libCH58xBLE.a(gattservapp.o)
                0x000000000000b8aa                GATT_VerifyReadPermissions
 .text.gattProcessReadMultiReq
                0x000000000000b912       0xae /Users/jeffery/dev/arduino/wch/ch583-main/EVT/EXAM/BLE/LIB/libCH58xBLE.a(gattservapp.o)
 .text.gattProcessReadReq
                0x000000000000b9c0       0x30 /Users/jeffery/dev/arduino/wch/ch583-main/EVT/EXAM/BLE/LIB/libCH58xBLE.a(gattservapp.o)
 .text.gattServApp_ProcessReadByGrpTypeReq
                0x000000000000b9f0      0x21c /Users/jeffery/dev/arduino/wch/ch583-main/EVT/EXAM/BLE/LIB/libCH58xBLE.a(gattservapp.o)
                0x000000000000b9f0                gattServApp_ProcessReadByGrpTypeReq
 .text.gattServApp_ProcessReadByTypeReq
                0x000000000000bc0c      0x1ae /Users/jeffery/dev/arduino/wch/ch583-main/EVT/EXAM/BLE/LIB/libCH58xBLE.a(gattservapp.o)
                0x000000000000bc0c                gattServApp_ProcessReadByTypeReq
 .text.GATT_RegisterService
                0x000000000000bdba      0x100 /Users/jeffery/dev/arduino/wch/ch583-main/EVT/EXAM/BLE/LIB/libCH58xBLE.a(gattservapp.o)
                0x000000000000bdba                GATT_RegisterService
 .text.GATTServApp_RegisterService
                0x000000000000beba       0x7c /Users/jeffery/dev/arduino/wch/ch583-main/EVT/EXAM/BLE/LIB/libCH58xBLE.a(gattservapp.o)
                0x000000000000beba                GATTServApp_RegisterService
 .text.GATTServApp_AddService
                0x000000000000bf36       0x2c /Users/jeffery/dev/arduino/wch/ch583-main/EVT/EXAM/BLE/LIB/libCH58xBLE.a(gattservapp.o)
                0x000000000000bf36                GATTServApp_AddService
 .text.GATTServApp_RegisterForMsg
                0x000000000000bf62        0x6 /Users/jeffery/dev/arduino/wch/ch583-main/EVT/EXAM/BLE/LIB/libCH58xBLE.a(gattservapp.o)
                0x000000000000bf62                GATTServApp_RegisterForMsg
 .text.GATTServApp_InitCharCfg
                0x000000000000bf68       0x28 /Users/jeffery/dev/arduino/wch/ch583-main/EVT/EXAM/BLE/LIB/libCH58xBLE.a(gattservapp.o)
                0x000000000000bf68                GATTServApp_InitCharCfg
 .text.gattServApp_HandleConnStatusCB
                0x000000000000bf90       0x74 /Users/jeffery/dev/arduino/wch/ch583-main/EVT/EXAM/BLE/LIB/libCH58xBLE.a(gattservapp.o)
                0x000000000000bf90                gattServApp_HandleConnStatusCB
 .text.GATT_InitServer
                0x000000000000c004       0xfa /Users/jeffery/dev/arduino/wch/ch583-main/EVT/EXAM/BLE/LIB/libCH58xBLE.a(gattservapp.o)
                0x000000000000c004                GATT_InitServer
 .text.GATTServApp_Init
                0x000000000000c0fe       0x34 /Users/jeffery/dev/arduino/wch/ch583-main/EVT/EXAM/BLE/LIB/libCH58xBLE.a(gattservapp.o)
                0x000000000000c0fe                GATTServApp_Init
 .text.GATTServApp_ProcessEvent
                0x000000000000c132      0x36a /Users/jeffery/dev/arduino/wch/ch583-main/EVT/EXAM/BLE/LIB/libCH58xBLE.a(gattservapp.o)
                0x000000000000c132                GATTServApp_ProcessEvent
 .text.l2capAllocConnChannel
                0x000000000000c49c       0xe0 /Users/jeffery/dev/arduino/wch/ch583-main/EVT/EXAM/BLE/LIB/libCH58xBLE.a(l2cap.o)
                0x000000000000c49c                l2capAllocConnChannel
 .text.l2capFindLocalCID
                0x000000000000c57c       0x2c /Users/jeffery/dev/arduino/wch/ch583-main/EVT/EXAM/BLE/LIB/libCH58xBLE.a(l2cap.o)
                0x000000000000c57c                l2capFindLocalCID
 .text.l2capFindLocalId
                0x000000000000c5a8       0x30 /Users/jeffery/dev/arduino/wch/ch583-main/EVT/EXAM/BLE/LIB/libCH58xBLE.a(l2cap.o)
                0x000000000000c5a8                l2capFindLocalId
 .text.l2capFindPsm
                0x000000000000c5d8       0x30 /Users/jeffery/dev/arduino/wch/ch583-main/EVT/EXAM/BLE/LIB/libCH58xBLE.a(l2cap.o)
                0x000000000000c5d8                l2capFindPsm
 .text.l2capFindRemoteCID
                0x000000000000c608       0x3c /Users/jeffery/dev/arduino/wch/ch583-main/EVT/EXAM/BLE/LIB/libCH58xBLE.a(l2cap.o)
                0x000000000000c608                l2capFindRemoteCID
 .text.l2capFreeChannel
                0x000000000000c644       0x4e /Users/jeffery/dev/arduino/wch/ch583-main/EVT/EXAM/BLE/LIB/libCH58xBLE.a(l2cap.o)
                0x000000000000c644                l2capFreeChannel
 .text.l2capDisconnectChannel
                0x000000000000c692       0x28 /Users/jeffery/dev/arduino/wch/ch583-main/EVT/EXAM/BLE/LIB/libCH58xBLE.a(l2cap.o)
                0x000000000000c692                l2capDisconnectChannel
 .text.l2capHandleTimerCB
                0x000000000000c6ba       0x2c /Users/jeffery/dev/arduino/wch/ch583-main/EVT/EXAM/BLE/LIB/libCH58xBLE.a(l2cap.o)
                0x000000000000c6ba                l2capHandleTimerCB
 .text.l2capFreePendingPkt
                0x000000000000c6e6       0x58 /Users/jeffery/dev/arduino/wch/ch583-main/EVT/EXAM/BLE/LIB/libCH58xBLE.a(l2cap.o)
                0x000000000000c6e6                l2capFreePendingPkt
 .text.l2capGetCoChannelInfo
                0x000000000000c73e       0x86 /Users/jeffery/dev/arduino/wch/ch583-main/EVT/EXAM/BLE/LIB/libCH58xBLE.a(l2cap.o)
                0x000000000000c73e                l2capGetCoChannelInfo
 .text.l2capNumActiveChannnels
                0x000000000000c7c4       0x48 /Users/jeffery/dev/arduino/wch/ch583-main/EVT/EXAM/BLE/LIB/libCH58xBLE.a(l2cap.o)
                0x000000000000c7c4                l2capNumActiveChannnels
 .text.l2capStartTimer
                0x000000000000c80c       0x1a /Users/jeffery/dev/arduino/wch/ch583-main/EVT/EXAM/BLE/LIB/libCH58xBLE.a(l2cap.o)
                0x000000000000c80c                l2capStartTimer
 .text.l2capStopTimer
                0x000000000000c826       0x1e /Users/jeffery/dev/arduino/wch/ch583-main/EVT/EXAM/BLE/LIB/libCH58xBLE.a(l2cap.o)
                0x000000000000c826                l2capStopTimer
 .text.l2capDisconnectAllChannels
                0x000000000000c844       0xdc /Users/jeffery/dev/arduino/wch/ch583-main/EVT/EXAM/BLE/LIB/libCH58xBLE.a(l2cap.o)
                0x000000000000c844                l2capDisconnectAllChannels
 .text.l2capHandleConnStatusCB
                0x000000000000c920       0x3c /Users/jeffery/dev/arduino/wch/ch583-main/EVT/EXAM/BLE/LIB/libCH58xBLE.a(l2cap.o)
                0x000000000000c920                l2capHandleConnStatusCB
 .text.l2capHandleRxError
                0x000000000000c95c        0x6 /Users/jeffery/dev/arduino/wch/ch583-main/EVT/EXAM/BLE/LIB/libCH58xBLE.a(l2cap.o)
                0x000000000000c95c                l2capHandleRxError
 .text.L2CAP_GetMTU
                0x000000000000c962        0x6 /Users/jeffery/dev/arduino/wch/ch583-main/EVT/EXAM/BLE/LIB/libCH58xBLE.a(l2cap.o)
                0x000000000000c962                L2CAP_GetMTU
 .text.L2CAP_HostNumCompletedPkts
                0x000000000000c968       0x28 /Users/jeffery/dev/arduino/wch/ch583-main/EVT/EXAM/BLE/LIB/libCH58xBLE.a(l2cap.o)
                0x000000000000c968                L2CAP_HostNumCompletedPkts
 .text.L2CAP_ParseConnectReq
                0x000000000000c990       0x5e /Users/jeffery/dev/arduino/wch/ch583-main/EVT/EXAM/BLE/LIB/libCH58xBLE.a(l2cap.o)
                0x000000000000c990                L2CAP_ParseConnectReq
 .text.L2CAP_ParseFlowCtrlCredit
                0x000000000000c9ee       0x2e /Users/jeffery/dev/arduino/wch/ch583-main/EVT/EXAM/BLE/LIB/libCH58xBLE.a(l2cap.o)
                0x000000000000c9ee                L2CAP_ParseFlowCtrlCredit
 .text.L2CAP_RegisterApp
                0x000000000000ca1c       0x30 /Users/jeffery/dev/arduino/wch/ch583-main/EVT/EXAM/BLE/LIB/libCH58xBLE.a(l2cap.o)
                0x000000000000ca1c                L2CAP_RegisterApp
 .text.L2CAP_SetBufSize
                0x000000000000ca4c       0x1e /Users/jeffery/dev/arduino/wch/ch583-main/EVT/EXAM/BLE/LIB/libCH58xBLE.a(l2cap.o)
                0x000000000000ca4c                L2CAP_SetBufSize
 .text.L2CAP_bm_alloc
                0x000000000000ca6a       0x2a /Users/jeffery/dev/arduino/wch/ch583-main/EVT/EXAM/BLE/LIB/libCH58xBLE.a(l2cap.o)
                0x000000000000ca6a                L2CAP_bm_alloc
 .text.L2CAP_Init
                0x000000000000ca94      0x15e /Users/jeffery/dev/arduino/wch/ch583-main/EVT/EXAM/BLE/LIB/libCH58xBLE.a(l2cap.o)
                0x000000000000ca94                L2CAP_Init
 .text.L2CAP_ProcessEvent
                0x000000000000cbf2       0xd4 /Users/jeffery/dev/arduino/wch/ch583-main/EVT/EXAM/BLE/LIB/libCH58xBLE.a(l2cap.o)
                0x000000000000cbf2                L2CAP_ProcessEvent
 .text.l2capParseCmdReject
                0x000000000000ccc6       0x5e /Users/jeffery/dev/arduino/wch/ch583-main/EVT/EXAM/BLE/LIB/libCH58xBLE.a(l2cap_input.o)
                0x000000000000ccc6                l2capParseCmdReject
 .text.l2capParseDisconnectReq
                0x000000000000cd24       0x2e /Users/jeffery/dev/arduino/wch/ch583-main/EVT/EXAM/BLE/LIB/libCH58xBLE.a(l2cap_input.o)
                0x000000000000cd24                l2capParseDisconnectReq
 .text.l2capParseDisconnectRsp
                0x000000000000cd52       0x2e /Users/jeffery/dev/arduino/wch/ch583-main/EVT/EXAM/BLE/LIB/libCH58xBLE.a(l2cap_input.o)
                0x000000000000cd52                l2capParseDisconnectRsp
 .text.L2CAP_ParseParamUpdateReq
                0x000000000000cd80       0x4e /Users/jeffery/dev/arduino/wch/ch583-main/EVT/EXAM/BLE/LIB/libCH58xBLE.a(l2cap_input.o)
                0x000000000000cd80                L2CAP_ParseParamUpdateReq
 .text.l2capParseParamUpdateRsp
                0x000000000000cdce       0x1e /Users/jeffery/dev/arduino/wch/ch583-main/EVT/EXAM/BLE/LIB/libCH58xBLE.a(l2cap_input.o)
                0x000000000000cdce                l2capParseParamUpdateRsp
 .text.l2capProcessConnectReq
                0x000000000000cdec       0xfc /Users/jeffery/dev/arduino/wch/ch583-main/EVT/EXAM/BLE/LIB/libCH58xBLE.a(l2cap_input.o)
                0x000000000000cdec                l2capProcessConnectReq
 .text.l2capParseConnectRsp
                0x000000000000cee8       0x5e /Users/jeffery/dev/arduino/wch/ch583-main/EVT/EXAM/BLE/LIB/libCH58xBLE.a(l2cap_input.o)
                0x000000000000cee8                l2capParseConnectRsp
 .text.l2capParseSignalHdr
                0x000000000000cf46       0x22 /Users/jeffery/dev/arduino/wch/ch583-main/EVT/EXAM/BLE/LIB/libCH58xBLE.a(l2cap_input.o)
                0x000000000000cf46                l2capParseSignalHdr
 .text.l2capParsePacket
                0x000000000000cf68       0x8c /Users/jeffery/dev/arduino/wch/ch583-main/EVT/EXAM/BLE/LIB/libCH58xBLE.a(l2cap_input.o)
                0x000000000000cf68                l2capParsePacket
 .text.l2capProcessReq
                0x000000000000cff4      0x15e /Users/jeffery/dev/arduino/wch/ch583-main/EVT/EXAM/BLE/LIB/libCH58xBLE.a(l2cap_input.o)
                0x000000000000cff4                l2capProcessReq
 .text.l2capProcessRsp
                0x000000000000d152      0x150 /Users/jeffery/dev/arduino/wch/ch583-main/EVT/EXAM/BLE/LIB/libCH58xBLE.a(l2cap_input.o)
                0x000000000000d152                l2capProcessRsp
 .text.l2capProcessRxData
                0x000000000000d2a2       0xf8 /Users/jeffery/dev/arduino/wch/ch583-main/EVT/EXAM/BLE/LIB/libCH58xBLE.a(l2cap_input.o)
                0x000000000000d2a2                l2capProcessRxData
 .text.l2capNotifyData
                0x000000000000d39a       0x5e /Users/jeffery/dev/arduino/wch/ch583-main/EVT/EXAM/BLE/LIB/libCH58xBLE.a(l2cap_output.o)
                0x000000000000d39a                l2capNotifyData
 .text.l2capNotifySignal
                0x000000000000d3f8       0x7a /Users/jeffery/dev/arduino/wch/ch583-main/EVT/EXAM/BLE/LIB/libCH58xBLE.a(l2cap_output.o)
                0x000000000000d3f8                l2capNotifySignal
 .text.l2capNotifyCreditEvt
                0x000000000000d472       0xa4 /Users/jeffery/dev/arduino/wch/ch583-main/EVT/EXAM/BLE/LIB/libCH58xBLE.a(l2cap_output.o)
                0x000000000000d472                l2capNotifyCreditEvt
 .text.l2capNotifyChannelEstEvt
                0x000000000000d516       0x5c /Users/jeffery/dev/arduino/wch/ch583-main/EVT/EXAM/BLE/LIB/libCH58xBLE.a(l2cap_output.o)
                0x000000000000d516                l2capNotifyChannelEstEvt
 .text.l2capNotifyChannelTermEvt
                0x000000000000d572       0x3e /Users/jeffery/dev/arduino/wch/ch583-main/EVT/EXAM/BLE/LIB/libCH58xBLE.a(l2cap_output.o)
                0x000000000000d572                l2capNotifyChannelTermEvt
 .text.l2capNotifyEvent
                0x000000000000d5b0       0x66 /Users/jeffery/dev/arduino/wch/ch583-main/EVT/EXAM/BLE/LIB/libCH58xBLE.a(l2cap_output.o)
                0x000000000000d5b0                l2capNotifyEvent
 .text.l2capStoreFCPkt
                0x000000000000d616       0x32 /Users/jeffery/dev/arduino/wch/ch583-main/EVT/EXAM/BLE/LIB/libCH58xBLE.a(l2cap_output.o)
                0x000000000000d616                l2capStoreFCPkt
 .text.l2capFreeTxSDU
                0x000000000000d648       0x9e /Users/jeffery/dev/arduino/wch/ch583-main/EVT/EXAM/BLE/LIB/libCH58xBLE.a(l2cap_output.o)
                0x000000000000d648                l2capFreeTxSDU
 .text.l2capReassembleSegment
                0x000000000000d6e6      0x178 /Users/jeffery/dev/arduino/wch/ch583-main/EVT/EXAM/BLE/LIB/libCH58xBLE.a(l2cap_output.o)
                0x000000000000d6e6                l2capReassembleSegment
 .text.l2capEncapSendData
                0x000000000000d85e       0xf0 /Users/jeffery/dev/arduino/wch/ch583-main/EVT/EXAM/BLE/LIB/libCH58xBLE.a(l2cap_output.o)
                0x000000000000d85e                l2capEncapSendData
 .text.l2capSendFCPkt.part.3
                0x000000000000d94e       0x70 /Users/jeffery/dev/arduino/wch/ch583-main/EVT/EXAM/BLE/LIB/libCH58xBLE.a(l2cap_output.o)
 .text.l2capSendSegment
                0x000000000000d9be      0x108 /Users/jeffery/dev/arduino/wch/ch583-main/EVT/EXAM/BLE/LIB/libCH58xBLE.a(l2cap_output.o)
                0x000000000000d9be                l2capSendSegment
 .text.l2capSendNextSegment
                0x000000000000dac6       0xb4 /Users/jeffery/dev/arduino/wch/ch583-main/EVT/EXAM/BLE/LIB/libCH58xBLE.a(l2cap_output.o)
                0x000000000000dac6                l2capSendNextSegment
 .text.l2capSendPkt
                0x000000000000db7a       0x3a /Users/jeffery/dev/arduino/wch/ch583-main/EVT/EXAM/BLE/LIB/libCH58xBLE.a(l2cap_output.o)
                0x000000000000db7a                l2capSendPkt
 .text.L2CAP_SendData
                0x000000000000dbb4       0x82 /Users/jeffery/dev/arduino/wch/ch583-main/EVT/EXAM/BLE/LIB/libCH58xBLE.a(l2cap_output.o)
                0x000000000000dbb4                L2CAP_SendData
 .text.l2capSendCmd
                0x000000000000dc36       0x8a /Users/jeffery/dev/arduino/wch/ch583-main/EVT/EXAM/BLE/LIB/libCH58xBLE.a(l2cap_output.o)
                0x000000000000dc36                l2capSendCmd
 .text.l2capSendReq
                0x000000000000dcc0       0xc8 /Users/jeffery/dev/arduino/wch/ch583-main/EVT/EXAM/BLE/LIB/libCH58xBLE.a(l2cap_output.o)
                0x000000000000dcc0                l2capSendReq
 .text.l2capBuildDisconnectReq
                0x000000000000dd88       0x28 /Users/jeffery/dev/arduino/wch/ch583-main/EVT/EXAM/BLE/LIB/libCH58xBLE.a(l2cap_sdu.o)
 .text.l2capBuildParamUpdateReq
                0x000000000000ddb0       0x4c /Users/jeffery/dev/arduino/wch/ch583-main/EVT/EXAM/BLE/LIB/libCH58xBLE.a(l2cap_sdu.o)
 .text.l2capBuildParamUpdateRsp
                0x000000000000ddfc       0x16 /Users/jeffery/dev/arduino/wch/ch583-main/EVT/EXAM/BLE/LIB/libCH58xBLE.a(l2cap_sdu.o)
 .text.l2capBuildConnectRsp
                0x000000000000de12       0x5e /Users/jeffery/dev/arduino/wch/ch583-main/EVT/EXAM/BLE/LIB/libCH58xBLE.a(l2cap_sdu.o)
 .text.l2capBuildCmdReject
                0x000000000000de70       0x62 /Users/jeffery/dev/arduino/wch/ch583-main/EVT/EXAM/BLE/LIB/libCH58xBLE.a(l2cap_sdu.o)
                0x000000000000de70                l2capBuildCmdReject
 .text.l2capBuildDisconnectRsp
                0x000000000000ded2       0x28 /Users/jeffery/dev/arduino/wch/ch583-main/EVT/EXAM/BLE/LIB/libCH58xBLE.a(l2cap_sdu.o)
                0x000000000000ded2                l2capBuildDisconnectRsp
 .text.l2capSendConnectRsp
                0x000000000000defa       0xaa /Users/jeffery/dev/arduino/wch/ch583-main/EVT/EXAM/BLE/LIB/libCH58xBLE.a(l2cap_sdu.o)
                0x000000000000defa                l2capSendConnectRsp
 .text.L2CAP_CmdReject
                0x000000000000dfa4       0x12 /Users/jeffery/dev/arduino/wch/ch583-main/EVT/EXAM/BLE/LIB/libCH58xBLE.a(l2cap_sdu.o)
                0x000000000000dfa4                L2CAP_CmdReject
 .text.L2CAP_DisconnectReq
                0x000000000000dfb6       0x2a /Users/jeffery/dev/arduino/wch/ch583-main/EVT/EXAM/BLE/LIB/libCH58xBLE.a(l2cap_sdu.o)
                0x000000000000dfb6                L2CAP_DisconnectReq
 .text.L2CAP_ConnParamUpdateReq
                0x000000000000dfe0       0x16 /Users/jeffery/dev/arduino/wch/ch583-main/EVT/EXAM/BLE/LIB/libCH58xBLE.a(l2cap_sdu.o)
                0x000000000000dfe0                L2CAP_ConnParamUpdateReq
 .text.L2CAP_ConnParamUpdateRsp
                0x000000000000dff6       0x12 /Users/jeffery/dev/arduino/wch/ch583-main/EVT/EXAM/BLE/LIB/libCH58xBLE.a(l2cap_sdu.o)
                0x000000000000dff6                L2CAP_ConnParamUpdateRsp
 .text.reportStatusChange
                0x000000000000e008       0x3e /Users/jeffery/dev/arduino/wch/ch583-main/EVT/EXAM/BLE/LIB/libCH58xBLE.a(linkdb.o)
 .text.linkDB_Init
                0x000000000000e046       0xa8 /Users/jeffery/dev/arduino/wch/ch583-main/EVT/EXAM/BLE/LIB/libCH58xBLE.a(linkdb.o)
                0x000000000000e046                linkDB_Init
 .text.linkDB_Find
                0x000000000000e0ee       0x34 /Users/jeffery/dev/arduino/wch/ch583-main/EVT/EXAM/BLE/LIB/libCH58xBLE.a(linkdb.o)
                0x000000000000e0ee                linkDB_Find
 .text.linkDB_Authen
                0x000000000000e122       0x5c /Users/jeffery/dev/arduino/wch/ch583-main/EVT/EXAM/BLE/LIB/libCH58xBLE.a(linkdb.o)
                0x000000000000e122                linkDB_Authen
 .text.linkDB_FindByAddr
                0x000000000000e17e       0x82 /Users/jeffery/dev/arduino/wch/ch583-main/EVT/EXAM/BLE/LIB/libCH58xBLE.a(linkdb.o)
                0x000000000000e17e                linkDB_FindByAddr
 .text.linkDB_FindFirst
                0x000000000000e200       0x40 /Users/jeffery/dev/arduino/wch/ch583-main/EVT/EXAM/BLE/LIB/libCH58xBLE.a(linkdb.o)
                0x000000000000e200                linkDB_FindFirst
 .text.linkDB_MTU
                0x000000000000e240       0x18 /Users/jeffery/dev/arduino/wch/ch583-main/EVT/EXAM/BLE/LIB/libCH58xBLE.a(linkdb.o)
                0x000000000000e240                linkDB_MTU
 .text.linkDB_NumActive
                0x000000000000e258       0x36 /Users/jeffery/dev/arduino/wch/ch583-main/EVT/EXAM/BLE/LIB/libCH58xBLE.a(linkdb.o)
                0x000000000000e258                linkDB_NumActive
 .text.linkDB_NumConns
                0x000000000000e28e        0xa /Users/jeffery/dev/arduino/wch/ch583-main/EVT/EXAM/BLE/LIB/libCH58xBLE.a(linkdb.o)
                0x000000000000e28e                linkDB_NumConns
 .text.linkDB_Register
                0x000000000000e298       0x28 /Users/jeffery/dev/arduino/wch/ch583-main/EVT/EXAM/BLE/LIB/libCH58xBLE.a(linkdb.o)
                0x000000000000e298                linkDB_Register
 .text.linkDB_Remove
                0x000000000000e2c0       0x4c /Users/jeffery/dev/arduino/wch/ch583-main/EVT/EXAM/BLE/LIB/libCH58xBLE.a(linkdb.o)
                0x000000000000e2c0                linkDB_Remove
 .text.linkDB_Role
                0x000000000000e30c       0x18 /Users/jeffery/dev/arduino/wch/ch583-main/EVT/EXAM/BLE/LIB/libCH58xBLE.a(linkdb.o)
                0x000000000000e30c                linkDB_Role
 .text.linkDB_State
                0x000000000000e324       0x30 /Users/jeffery/dev/arduino/wch/ch583-main/EVT/EXAM/BLE/LIB/libCH58xBLE.a(linkdb.o)
                0x000000000000e324                linkDB_State
 .text.linkDB_UpdateMTU
                0x000000000000e354       0x28 /Users/jeffery/dev/arduino/wch/ch583-main/EVT/EXAM/BLE/LIB/libCH58xBLE.a(linkdb.o)
                0x000000000000e354                linkDB_UpdateMTU
 .text.linkDB_PerformFunc
                0x000000000000e37c       0x5a /Users/jeffery/dev/arduino/wch/ch583-main/EVT/EXAM/BLE/LIB/libCH58xBLE.a(linkdb.o)
                0x000000000000e37c                linkDB_PerformFunc
 .text.linkDB_PeripheralLinkNum
                0x000000000000e3d6       0x46 /Users/jeffery/dev/arduino/wch/ch583-main/EVT/EXAM/BLE/LIB/libCH58xBLE.a(linkdb.o)
                0x000000000000e3d6                linkDB_PeripheralLinkNum
 .text.linkDB_GetSMEvtID
                0x000000000000e41c       0x60 /Users/jeffery/dev/arduino/wch/ch583-main/EVT/EXAM/BLE/LIB/libCH58xBLE.a(linkdb.o)
                0x000000000000e41c                linkDB_GetSMEvtID
 .text.linkDB_Add
                0x000000000000e47c       0xb2 /Users/jeffery/dev/arduino/wch/ch583-main/EVT/EXAM/BLE/LIB/libCH58xBLE.a(linkdb.o)
                0x000000000000e47c                linkDB_Add
 .text.linkDB_GetHandleFromSMEvtID
                0x000000000000e52e       0x3a /Users/jeffery/dev/arduino/wch/ch583-main/EVT/EXAM/BLE/LIB/libCH58xBLE.a(linkdb.o)
                0x000000000000e52e                linkDB_GetHandleFromSMEvtID
 .text.linkDB_GetPairingParam
                0x000000000000e568       0x76 /Users/jeffery/dev/arduino/wch/ch583-main/EVT/EXAM/BLE/LIB/libCH58xBLE.a(linkdb.o)
                0x000000000000e568                linkDB_GetPairingParam
 .text.linkDB_NeedSendKey
                0x000000000000e5de       0x4c /Users/jeffery/dev/arduino/wch/ch583-main/EVT/EXAM/BLE/LIB/libCH58xBLE.a(linkdb.o)
                0x000000000000e5de                linkDB_NeedSendKey
 .text.smStartRspTimer
                0x000000000000e62a       0x3a /Users/jeffery/dev/arduino/wch/ch583-main/EVT/EXAM/BLE/LIB/libCH58xBLE.a(sm.o)
 .text.smStartEncryption
                0x000000000000e664       0xa0 /Users/jeffery/dev/arduino/wch/ch583-main/EVT/EXAM/BLE/LIB/libCH58xBLE.a(sm.o)
 .text.smFreePairingParams
                0x000000000000e704       0x7e /Users/jeffery/dev/arduino/wch/ch583-main/EVT/EXAM/BLE/LIB/libCH58xBLE.a(sm.o)
                0x000000000000e704                smFreePairingParams
 .text.smEndPairing
                0x000000000000e782       0x60 /Users/jeffery/dev/arduino/wch/ch583-main/EVT/EXAM/BLE/LIB/libCH58xBLE.a(sm.o)
                0x000000000000e782                smEndPairing
 .text.smLinkCheck
                0x000000000000e7e2       0x34 /Users/jeffery/dev/arduino/wch/ch583-main/EVT/EXAM/BLE/LIB/libCH58xBLE.a(sm.o)
                0x000000000000e7e2                smLinkCheck
 .text.smNextPairingState
                0x000000000000e816       0x60 /Users/jeffery/dev/arduino/wch/ch583-main/EVT/EXAM/BLE/LIB/libCH58xBLE.a(sm.o)
                0x000000000000e816                smNextPairingState
 .text.smProcessEncryptChange
                0x000000000000e876       0xf8 /Users/jeffery/dev/arduino/wch/ch583-main/EVT/EXAM/BLE/LIB/libCH58xBLE.a(sm.o)
                0x000000000000e876                smProcessEncryptChange
 .text.smSendSMMsg
                0x000000000000e96e       0x5c /Users/jeffery/dev/arduino/wch/ch583-main/EVT/EXAM/BLE/LIB/libCH58xBLE.a(sm.o)
                0x000000000000e96e                smSendSMMsg
 .text.smSendFailAndEnd
                0x000000000000e9ca       0x38 /Users/jeffery/dev/arduino/wch/ch583-main/EVT/EXAM/BLE/LIB/libCH58xBLE.a(sm.o)
                0x000000000000e9ca                smSendFailAndEnd
 .text.smProcessPairingReq
                0x000000000000ea02       0x40 /Users/jeffery/dev/arduino/wch/ch583-main/EVT/EXAM/BLE/LIB/libCH58xBLE.a(sm.o)
                0x000000000000ea02                smProcessPairingReq
 .text.smSetPairingReqRsp
                0x000000000000ea42       0x3c /Users/jeffery/dev/arduino/wch/ch583-main/EVT/EXAM/BLE/LIB/libCH58xBLE.a(sm.o)
                0x000000000000ea42                smSetPairingReqRsp
 .text.SM_StartEncryption
                0x000000000000ea7e       0x1a /Users/jeffery/dev/arduino/wch/ch583-main/EVT/EXAM/BLE/LIB/libCH58xBLE.a(sm.o)
                0x000000000000ea7e                SM_StartEncryption
 .text.sm_dhkey
                0x000000000000ea98       0x3e /Users/jeffery/dev/arduino/wch/ch583-main/EVT/EXAM/BLE/LIB/libCH58xBLE.a(sm.o)
                0x000000000000ea98                sm_dhkey
 .text.sm_c1    0x000000000000ead6       0xb4 /Users/jeffery/dev/arduino/wch/ch583-main/EVT/EXAM/BLE/LIB/libCH58xBLE.a(sm.o)
                0x000000000000ead6                sm_c1
 .text.smDetermineKeySize
                0x000000000000eb8a       0x20 /Users/jeffery/dev/arduino/wch/ch583-main/EVT/EXAM/BLE/LIB/libCH58xBLE.a(sm.o)
                0x000000000000eb8a                smDetermineKeySize
 .text.smpParsePairingReq
                0x000000000000ebaa      0x118 /Users/jeffery/dev/arduino/wch/ch583-main/EVT/EXAM/BLE/LIB/libCH58xBLE.a(sm.o)
                0x000000000000ebaa                smpParsePairingReq
 .text.smpParseEncInfo
                0x000000000000ecc2       0x2a /Users/jeffery/dev/arduino/wch/ch583-main/EVT/EXAM/BLE/LIB/libCH58xBLE.a(sm.o)
                0x000000000000ecc2                smpParseEncInfo
 .text.smpParseIdentityAddrInfo
                0x000000000000ecec       0x34 /Users/jeffery/dev/arduino/wch/ch583-main/EVT/EXAM/BLE/LIB/libCH58xBLE.a(sm.o)
                0x000000000000ecec                smpParseIdentityAddrInfo
 .text.smpParseIdentityInfo
                0x000000000000ed20       0x2a /Users/jeffery/dev/arduino/wch/ch583-main/EVT/EXAM/BLE/LIB/libCH58xBLE.a(sm.o)
                0x000000000000ed20                smpParseIdentityInfo
 .text.smpParseMasterID
                0x000000000000ed4a       0x3c /Users/jeffery/dev/arduino/wch/ch583-main/EVT/EXAM/BLE/LIB/libCH58xBLE.a(sm.o)
                0x000000000000ed4a                smpParseMasterID
 .text.smpParsePairingConfirm
                0x000000000000ed86       0x2a /Users/jeffery/dev/arduino/wch/ch583-main/EVT/EXAM/BLE/LIB/libCH58xBLE.a(sm.o)
                0x000000000000ed86                smpParsePairingConfirm
 .text.smpParsePairingFailed
                0x000000000000edb0       0x1c /Users/jeffery/dev/arduino/wch/ch583-main/EVT/EXAM/BLE/LIB/libCH58xBLE.a(sm.o)
                0x000000000000edb0                smpParsePairingFailed
 .text.smpParsePairingRandom
                0x000000000000edcc       0x2a /Users/jeffery/dev/arduino/wch/ch583-main/EVT/EXAM/BLE/LIB/libCH58xBLE.a(sm.o)
                0x000000000000edcc                smpParsePairingRandom
 .text.smpParseSigningInfo
                0x000000000000edf6       0x2a /Users/jeffery/dev/arduino/wch/ch583-main/EVT/EXAM/BLE/LIB/libCH58xBLE.a(sm.o)
                0x000000000000edf6                smpParseSigningInfo
 .text.smpParsePairingPublicKey
                0x000000000000ee20       0x2c /Users/jeffery/dev/arduino/wch/ch583-main/EVT/EXAM/BLE/LIB/libCH58xBLE.a(sm.o)
                0x000000000000ee20                smpParsePairingPublicKey
 .text.smpParsePairingDHKeyCheck
                0x000000000000ee4c       0x2a /Users/jeffery/dev/arduino/wch/ch583-main/EVT/EXAM/BLE/LIB/libCH58xBLE.a(sm.o)
                0x000000000000ee4c                smpParsePairingDHKeyCheck
 .text.smProcessDataMsg
                0x000000000000ee76      0x104 /Users/jeffery/dev/arduino/wch/ch583-main/EVT/EXAM/BLE/LIB/libCH58xBLE.a(sm.o)
                0x000000000000ee76                smProcessDataMsg
 .text.smProcessTMOSMsg
                0x000000000000ef7a      0x170 /Users/jeffery/dev/arduino/wch/ch583-main/EVT/EXAM/BLE/LIB/libCH58xBLE.a(sm.o)
                0x000000000000ef7a                smProcessTMOSMsg
 .text.SM_CalcRandomAddr