Archive member included to satisfy reference by file (symbol)

/Users/jeffery/dev/arduino/wch/ch583-main/EVT/EXAM/SRC/StdPeriphDriver/libISP583.a(ISP583.o)
                              ./StdPeriphDriver/CH58x_flash.o (FLASH_EEPROM_CMD)
/Users/jeffery/dev/arduino/wch/ch583-main/EVT/EXAM/BLE/LIB/libCH58xBLE.a(message.o)
                              ./Profile/hiddev.o (tmos_msg_deallocate)
/Users/jeffery/dev/arduino/wch/ch583-main/EVT/EXAM/BLE/LIB/libCH58xBLE.a(tmos.o)
                              ./Profile/battservice.o (tmos_memcpy)
/Users/jeffery/dev/arduino/wch/ch583-main/EVT/EXAM/BLE/LIB/libCH58xBLE.a(tmos_hw.o)
                              /Users/jeffery/dev/arduino/wch/ch583-main/EVT/EXAM/BLE/LIB/libCH58xBLE.a(tmos.o) (bleClock_t)
/Users/jeffery/dev/arduino/wch/ch583-main/EVT/EXAM/BLE/LIB/libCH58xBLE.a(tmos_snv.o)
                              /Users/jeffery/dev/arduino/wch/ch583-main/EVT/EXAM/BLE/LIB/libCH58xBLE.a(tmos.o) (tmos_snv_init)
/Users/jeffery/dev/arduino/wch/ch583-main/EVT/EXAM/BLE/LIB/libCH58xBLE.a(gap.o)
                              ./Profile/hiddev.o (GAP_SetParamValue)
/Users/jeffery/dev/arduino/wch/ch583-main/EVT/EXAM/BLE/LIB/libCH58xBLE.a(gap_central.o)
                              /Users/jeffery/dev/arduino/wch/ch583-main/EVT/EXAM/BLE/LIB/libCH58xBLE.a(gap.o) (gapProcessPeriodicAdvertisingSyncEstablishedEvt)
/Users/jeffery/dev/arduino/wch/ch583-main/EVT/EXAM/BLE/LIB/libCH58xBLE.a(gap_peripheral.o)
                              ./APP/hidkbd.o (GAP_ConfigDeviceAddr)
/Users/jeffery/dev/arduino/wch/ch583-main/EVT/EXAM/BLE/LIB/libCH58xBLE.a(gapgattserver.o)
                              ./APP/hidkbd.o (GGS_SetParameter)
/Users/jeffery/dev/arduino/wch/ch583-main/EVT/EXAM/BLE/LIB/libCH58xBLE.a(gatt.o)
                              ./Profile/battservice.o (GATT_bm_alloc)
/Users/jeffery/dev/arduino/wch/ch583-main/EVT/EXAM/BLE/LIB/libCH58xBLE.a(gatt_uuid.o)
                              ./Profile/battservice.o (reportRefUUID)
/Users/jeffery/dev/arduino/wch/ch583-main/EVT/EXAM/BLE/LIB/libCH58xBLE.a(gattclientapp.o)
                              /Users/jeffery/dev/arduino/wch/ch583-main/EVT/EXAM/BLE/LIB/libCH58xBLE.a(gatt.o) (gattGetClientStatus)
/Users/jeffery/dev/arduino/wch/ch583-main/EVT/EXAM/BLE/LIB/libCH58xBLE.a(gattservapp.o)
                              ./Profile/battservice.o (GATTServApp_ReadCharCfg)
/Users/jeffery/dev/arduino/wch/ch583-main/EVT/EXAM/BLE/LIB/libCH58xBLE.a(l2cap.o)
                              /Users/jeffery/dev/arduino/wch/ch583-main/EVT/EXAM/BLE/LIB/libCH58xBLE.a(gatt.o) (L2CAP_GetMTU)
/Users/jeffery/dev/arduino/wch/ch583-main/EVT/EXAM/BLE/LIB/libCH58xBLE.a(l2cap_input.o)
                              /Users/jeffery/dev/arduino/wch/ch583-main/EVT/EXAM/BLE/LIB/libCH58xBLE.a(l2cap.o) (l2capProcessRxData)
/Users/jeffery/dev/arduino/wch/ch583-main/EVT/EXAM/BLE/LIB/libCH58xBLE.a(l2cap_output.o)
                              /Users/jeffery/dev/arduino/wch/ch583-main/EVT/EXAM/BLE/LIB/libCH58xBLE.a(l2cap_input.o) (l2capNotifyData)
/Users/jeffery/dev/arduino/wch/ch583-main/EVT/EXAM/BLE/LIB/libCH58xBLE.a(l2cap_sdu.o)
                              /Users/jeffery/dev/arduino/wch/ch583-main/EVT/EXAM/BLE/LIB/libCH58xBLE.a(l2cap_input.o) (l2capBuildDisconnectRsp)
/Users/jeffery/dev/arduino/wch/ch583-main/EVT/EXAM/BLE/LIB/libCH58xBLE.a(linkdb.o)
                              /Users/jeffery/dev/arduino/wch/ch583-main/EVT/EXAM/BLE/LIB/libCH58xBLE.a(l2cap.o) (linkDB_Init)
/Users/jeffery/dev/arduino/wch/ch583-main/EVT/EXAM/BLE/LIB/libCH58xBLE.a(sm.o)
                              /Users/jeffery/dev/arduino/wch/ch583-main/EVT/EXAM/BLE/LIB/libCH58xBLE.a(gap.o) (smFreePairingParams)
/Users/jeffery/dev/arduino/wch/ch583-main/EVT/EXAM/BLE/LIB/libCH58xBLE.a(sm_initiator.o)
                              /Users/jeffery/dev/arduino/wch/ch583-main/EVT/EXAM/BLE/LIB/libCH58xBLE.a(sm.o) (smInitiatorSendNextKeyInfo)
/Users/jeffery/dev/arduino/wch/ch583-main/EVT/EXAM/BLE/LIB/libCH58xBLE.a(sm_pdu.o)
                              /Users/jeffery/dev/arduino/wch/ch583-main/EVT/EXAM/BLE/LIB/libCH58xBLE.a(sm.o) (smpBuildPairingReq)
/Users/jeffery/dev/arduino/wch/ch583-main/EVT/EXAM/BLE/LIB/libCH58xBLE.a(sm_responding.o)
                              /Users/jeffery/dev/arduino/wch/ch583-main/EVT/EXAM/BLE/LIB/libCH58xBLE.a(sm.o) (smResponderSendNextKeyInfo)
/Users/jeffery/dev/arduino/wch/ch583-main/EVT/EXAM/BLE/LIB/libCH58xBLE.a(sm_toolbox.o)
                              /Users/jeffery/dev/arduino/wch/ch583-main/EVT/EXAM/BLE/LIB/libCH58xBLE.a(sm.o) (sm_ah)
/Users/jeffery/dev/arduino/wch/ch583-main/EVT/EXAM/BLE/LIB/libCH58xBLE.a(host_input.o)
                              /Users/jeffery/dev/arduino/wch/ch583-main/EVT/EXAM/BLE/LIB/libCH58xBLE.a(gap.o) (gBleHostPara)
/Users/jeffery/dev/arduino/wch/ch583-main/EVT/EXAM/BLE/LIB/libCH58xBLE.a(host_output.o)
                              /Users/jeffery/dev/arduino/wch/ch583-main/EVT/EXAM/BLE/LIB/libCH58xBLE.a(gap.o) (HCI_DisconnectCmd)
[...]
Memory Configuration

Name             Origin             Length             Attributes
FLASH            0x0000000000000000 0x0000000000070000 xr
RAM              0x0000000020000000 0x0000000000008000 xrw
*default*        0x0000000000000000 0xffffffffffffffff

Linker script and memory map

LOAD ./StdPeriphDriver/CH58x_adc.o
LOAD ./StdPeriphDriver/CH58x_clk.o
LOAD ./StdPeriphDriver/CH58x_flash.o
LOAD ./StdPeriphDriver/CH58x_gpio.o
LOAD ./StdPeriphDriver/CH58x_i2c.o
LOAD ./StdPeriphDriver/CH58x_pwm.o
LOAD ./StdPeriphDriver/CH58x_pwr.o
LOAD ./StdPeriphDriver/CH58x_spi0.o
LOAD ./StdPeriphDriver/CH58x_spi1.o
LOAD ./StdPeriphDriver/CH58x_sys.o
LOAD ./StdPeriphDriver/CH58x_timer0.o
LOAD ./StdPeriphDriver/CH58x_timer1.o
LOAD ./StdPeriphDriver/CH58x_timer2.o
LOAD ./StdPeriphDriver/CH58x_timer3.o
LOAD ./StdPeriphDriver/CH58x_uart0.o
LOAD ./StdPeriphDriver/CH58x_uart1.o
LOAD ./StdPeriphDriver/CH58x_uart2.o
LOAD ./StdPeriphDriver/CH58x_uart3.o
LOAD ./StdPeriphDriver/CH58x_usb2dev.o
LOAD ./StdPeriphDriver/CH58x_usb2hostBase.o
LOAD ./StdPeriphDriver/CH58x_usb2hostClass.o
LOAD ./StdPeriphDriver/CH58x_usbdev.o
LOAD ./StdPeriphDriver/CH58x_usbhostBase.o
LOAD ./StdPeriphDriver/CH58x_usbhostClass.o
LOAD ./Startup/startup_CH583.o
LOAD ./RVMSIS/core_riscv.o
LOAD ./Profile/battservice.o
LOAD ./Profile/devinfoservice.o
LOAD ./Profile/hiddev.o
LOAD ./Profile/hidkbdservice.o
LOAD ./Profile/scanparamservice.o
LOAD ./HAL/MCU.o
LOAD ./HAL/RTC.o
LOAD ./HAL/SLEEP.o
LOAD ./APP/core_bt_xinput.o
LOAD ./APP/hidkbd.o
LOAD ./APP/hidkbd_main.o
LOAD ./APP/hoja_backend.o
LOAD ./APP/rsc_descriptors.o
LOAD ./APP/util_gamepad.o
LOAD /Users/jeffery/dev/arduino/wch/ch583-main/EVT/EXAM/SRC/StdPeriphDriver/libISP583.a
LOAD /Users/jeffery/dev/arduino/wch/ch583-main/EVT/EXAM/BLE/LIB/libCH58xBLE.a
LOAD /Volumes/ssd/wch/xpack-riscv-none-embed-gcc-8.2.0/bin/../lib/gcc/riscv-none-embed/8.2.0/rv32imac/ilp32/libgcc.a
LOAD /Volumes/ssd/wch/xpack-riscv-none-embed-gcc-8.2.0/bin/../lib/gcc/riscv-none-embed/8.2.0/../../../../riscv-none-embed/lib/rv32imac/ilp32/libg_nano.a
LOAD /Volumes/ssd/wch/xpack-riscv-none-embed-gcc-8.2.0/bin/../lib/gcc/riscv-none-embed/8.2.0/../../../../riscv-none-embed/lib/rv32imac/ilp32/libc_nano.a
LOAD /Volumes/ssd/wch/xpack-riscv-none-embed-gcc-8.2.0/bin/../lib/gcc/riscv-none-embed/8.2.0/rv32imac/ilp32/libgcc.a
START GROUP
LOAD /Volumes/ssd/wch/xpack-riscv-none-embed-gcc-8.2.0/bin/../lib/gcc/riscv-none-embed/8.2.0/rv32imac/ilp32/libgcc.a
LOAD /Volumes/ssd/wch/xpack-riscv-none-embed-gcc-8.2.0/bin/../lib/gcc/riscv-none-embed/8.2.0/../../../../riscv-none-embed/lib/rv32imac/ilp32/libc_nano.a
LOAD /Volumes/ssd/wch/xpack-riscv-none-embed-gcc-8.2.0/bin/../lib/gcc/riscv-none-embed/8.2.0/../../../../riscv-none-embed/lib/rv32imac/ilp32/libnosys.a
END GROUP
START GROUP
LOAD /Volumes/ssd/wch/xpack-riscv-none-embed-gcc-8.2.0/bin/../lib/gcc/riscv-none-embed/8.2.0/rv32imac/ilp32/libgcc.a
LOAD /Volumes/ssd/wch/xpack-riscv-none-embed-gcc-8.2.0/bin/../lib/gcc/riscv-none-embed/8.2.0/../../../../riscv-none-embed/lib/rv32imac/ilp32/libc_nano.a
LOAD /Volumes/ssd/wch/xpack-riscv-none-embed-gcc-8.2.0/bin/../lib/gcc/riscv-none-embed/8.2.0/../../../../riscv-none-embed/lib/rv32imac/ilp32/libnosys.a
END GROUP
                0x0000000000000200                __stack_size = 0x200
                [!provide]                        PROVIDE (_stack_size = __stack_size)

.init           0x0000000000000000        0x4
                0x0000000000000000                _sinit = .
                0x0000000000000000                . = ALIGN (0x4)
 *(SORT_NONE(.init))
 .init          0x0000000000000000        0x4 ./Startup/startup_CH583.o
                0x0000000000000000                _start
                0x0000000000000004                . = ALIGN (0x4)
                0x0000000000000004                _einit = .

.highcodelalign
                0x0000000000000004        0x0
                0x0000000000000004                . = ALIGN (0x4)
                0x0000000000000004                PROVIDE (_highcode_lma = .)

.highcode       0x0000000020000000     0x2744 load address 0x0000000000000004
                0x0000000020000000                . = ALIGN (0x4)
                0x0000000020000000                PROVIDE (_highcode_vma_start = .)
 *(.vector)
 .vector        0x0000000020000000       0x90 ./Startup/startup_CH583.o
 *(SORT_NONE(.vector_handler))
 .vector_handler
                0x0000000020000090        0x2 ./Startup/startup_CH583.o
                0x0000000020000090                TMR1_IRQHandler
                0x0000000020000090                SysTick_Handler
                0x0000000020000090                NMI_Handler
                0x0000000020000090                UART1_IRQHandler
                0x0000000020000090                UART0_IRQHandler
                0x0000000020000090                BB_IRQHandler
                0x0000000020000090                Break_Point_Handler
                0x0000000020000090                TMR0_IRQHandler
                0x0000000020000090                Ecall_M_Mode_Handler
                0x0000000020000090                UART2_IRQHandler
                0x0000000020000090                PWMX_IRQHandler
                0x0000000020000090                ADC_IRQHandler
                0x0000000020000090                TMR2_IRQHandler
                0x0000000020000090                USB_IRQHandler
                0x0000000020000090                I2C_IRQHandler
                0x0000000020000090                USB2_IRQHandler
                0x0000000020000090                LLE_IRQHandler
                0x0000000020000090                WDOG_BAT_IRQHandler
                0x0000000020000090                Ecall_U_Mode_Handler
                0x0000000020000090                TMR3_IRQHandler
                0x0000000020000090                SW_Handler
                0x0000000020000090                SPI0_IRQHandler
                0x0000000020000090                UART3_IRQHandler
                0x0000000020000090                GPIOB_IRQHandler
 *(.highcode)
 .highcode      0x0000000020000092       0x18 ./StdPeriphDriver/CH58x_clk.o
                0x0000000020000092                RTC_GetCycle32k
 .highcode      0x00000000200000aa      0x69e ./StdPeriphDriver/CH58x_pwr.o
                0x00000000200000aa                LowPower_Idle
                0x00000000200000ea                LowPower_Halt
                0x00000000200002b0                LowPower_Sleep
                0x0000000020000518                LowPower_Shutdown
 .highcode      0x0000000020000748      0x4ec ./StdPeriphDriver/CH58x_sys.o
                0x0000000020000748                SetSysClock
                0x0000000020000ace                SYS_ResetExecute
                0x0000000020000b40                HardFault_Handler
                0x0000000020000bfe                mDelayuS
                0x0000000020000c0c                mDelaymS
 .highcode      0x0000000020000c34       0x16 ./HAL/RTC.o
                0x0000000020000c34                RTC_IRQHandler
 .highcode      0x0000000020000c4a        0x4 ./APP/core_bt_xinput.o
                0x0000000020000c4a                GPIOA_IRQHandler
 .highcode      0x0000000020000c4e        0x8 ./APP/hidkbd_main.o
                0x0000000020000c4e                Main_Circulation
 .highcode      0x0000000020000c56      0x426 /Users/jeffery/dev/arduino/wch/ch583-main/EVT/EXAM/SRC/StdPeriphDriver/libISP583.a(ISP583.o)
                0x0000000020000c56                FLASH_ROM_BEG
                0x0000000020000c68                FLASH_ROM_END
                0x0000000020000c76                FLASH_ROM_IN
                0x0000000020000c84                FLASH_ROM_OUT
                0x0000000020000c92                FLASH_ROM_ADDR
                0x0000000020000cda                FLASH_ROM_WAIT
                0x0000000020000d12                FLASH_EEPROM_CMD
 .highcode      0x000000002000107c      0x430 /Users/jeffery/dev/arduino/wch/ch583-main/EVT/EXAM/BLE/LIB/libCH58xBLE.a(tmos.o)
                0x000000002000107c                tmos_memcpy
                0x000000002000109c                tmos_memcpy_word
                0x00000000200010b4                tmos_memset
                0x00000000200010c6                tmos_strlen
                0x00000000200010da                tmos_memdup
                0x000000002000110c                tmos_memcmp
                0x000000002000113a                tmos_revmemcpy
                0x0000000020001156                tmos_isbufset
                0x0000000020001178                tmos_proces_system_time
                0x00000000200012bc                TMOS_SystemProcess
 .highcode      0x00000000200014ac       0x50 /Users/jeffery/dev/arduino/wch/ch583-main/EVT/EXAM/BLE/LIB/libCH58xBLE.a(tmos_hw.o)
                0x00000000200014f6                TMOS_TimerIRQHandler
 .highcode      0x00000000200014fc       0x4e /Users/jeffery/dev/arduino/wch/ch583-main/EVT/EXAM/BLE/LIB/libCH58xBLE.a(ll_whitelist.o)
                0x00000000200014fc                LL_WhitelistLookup
 .highcode      0x000000002000154a      0x1b6 /Users/jeffery/dev/arduino/wch/ch583-main/EVT/EXAM/BLE/LIB/libCH58xBLE.a(aes.o)
                0x000000002000154a                AES_DevAESEnc
 .highcode      0x0000000020001700      0x15a /Users/jeffery/dev/arduino/wch/ch583-main/EVT/EXAM/BLE/LIB/libCH58xBLE.a(bb.o)
                0x0000000020001700                BB_IRQLibHandler
                0x0000000020001810                BB_IRQLibFunction
 .highcode      0x000000002000185a      0x38c /Users/jeffery/dev/arduino/wch/ch583-main/EVT/EXAM/BLE/LIB/libCH58xBLE.a(ip.o)
                0x000000002000185a                ll_rx_wait_finish
                0x0000000020001898                ble_ll_chkcrc
                0x000000002000193a                ll_tx_wait_finish
                0x0000000020001a42                BLE_CheckHoppingMap
 .highcode      0x0000000020001be6      0x23c /Users/jeffery/dev/arduino/wch/ch583-main/EVT/EXAM/BLE/LIB/libCH58xBLE.a(lle.o)
                0x0000000020001be6                LLE_IRQLibHandler
                0x0000000020001dd8                LLE_IRQLibFunction
 .highcode      0x0000000020001e22       0x3a /Users/jeffery/dev/arduino/wch/ch583-main/EVT/EXAM/BLE/LIB/libCH58xBLE.a(rfend.o)
                0x0000000020001e22                RFEND_WaitTune
 .highcode      0x0000000020001e5c      0x1ba /Users/jeffery/dev/arduino/wch/ch583-main/EVT/EXAM/BLE/LIB/libCH58xBLE.a(memory.o)
                0x0000000020001e5c                tmos_memory_allocate
                0x0000000020001f2e                tmos_memory_free
 .highcode      0x0000000020002016      0x2e6 /Users/jeffery/dev/arduino/wch/ch583-main/EVT/EXAM/BLE/LIB/libCH58xBLE.a(ll_connect.o)
                0x0000000020002016                ll_connect_send_data
                0x0000000020002142                ll_connect_recv_data
                0x0000000020002222                ll_connect_event_continue
                0x00000000200022ec                ll_wait_connect_event
 .highcode      0x00000000200022fc      0x310 /Users/jeffery/dev/arduino/wch/ch583-main/EVT/EXAM/BLE/LIB/libCH58xBLE.a(ll_hop.o)
                0x00000000200022fc                LL_HopGetChannel
                0x00000000200023a2                LL_HopGetChannel2
 .highcode      0x000000002000260c      0x138 /Users/jeffery/dev/arduino/wch/ch583-main/EVT/EXAM/BLE/LIB/libCH58xBLE.a(ll_resolvinglist.o)
                0x000000002000260c                ll_resolvinglist_checkRPA
                0x0000000020002678                LL_ResolvinglistPeerIdentifyAddressGetIrk
                0x00000000200026cc                LL_ResolvinglistPeerRpaAddressGetIrk
                0x0000000020002708                LL_ResolvinglistLocalRpaAddressGetIrk
 *(.highcode.*)
                0x0000000020002744                . = ALIGN (0x4)
                0x0000000020002744                PROVIDE (_highcode_vma_end = .)

.text           0x0000000000002748    0x24534
                0x0000000000002748                . = ALIGN (0x4)
 *(SORT_NONE(.handle_reset))
 .handle_reset  0x0000000000002748       0xae ./Startup/startup_CH583.o
                0x0000000000002748                handle_reset
 *(.text)
 .text          0x00000000000027f6       0xa8 /Volumes/ssd/wch/xpack-riscv-none-embed-gcc-8.2.0/bin/../lib/gcc/riscv-none-embed/8.2.0/../../../../riscv-none-embed/lib/rv32imac/ilp32/libg_nano.a(lib_a-memset.o)
                0x00000000000027f6                memset
 *(.text.*)
 .text.ADC_InterTSSampInit
                0x000000000000289e       0x28 ./StdPeriphDriver/CH58x_adc.o
                0x000000000000289e                ADC_InterTSSampInit
 .text.LSECFG_Current
                0x00000000000028c6       0x68 ./StdPeriphDriver/CH58x_clk.o
                0x00000000000028c6                LSECFG_Current
 .text.RTC_InitTime
                0x000000000000292e      0x204 ./StdPeriphDriver/CH58x_clk.o
                0x000000000000292e                RTC_InitTime
 .text.Calibration_LSI
                0x0000000000002b32      0x8de ./StdPeriphDriver/CH58x_clk.o
                0x0000000000002b32                Calibration_LSI
 .text.GPIOA_ModeCfg
                0x0000000000003410       0xa6 ./StdPeriphDriver/CH58x_gpio.o
                0x0000000000003410                GPIOA_ModeCfg
 .text.GPIOB_ModeCfg
                0x00000000000034b6       0xa6 ./StdPeriphDriver/CH58x_gpio.o
                0x00000000000034b6                GPIOB_ModeCfg
 .text.GPIOA_ITModeCfg
                0x000000000000355c       0x82 ./StdPeriphDriver/CH58x_gpio.o
                0x000000000000355c                GPIOA_ITModeCfg
 .text.PWR_PeriphWakeUpCfg
                0x00000000000035de      0x160 ./StdPeriphDriver/CH58x_pwr.o
                0x00000000000035de                PWR_PeriphWakeUpCfg
 .text.GetSysClock
                0x000000000000373e       0x42 ./StdPeriphDriver/CH58x_sys.o
                0x000000000000373e                GetSysClock
 .text.SYS_DisableAllIrq
                0x0000000000003780       0x1c ./StdPeriphDriver/CH58x_sys.o
                0x0000000000003780                SYS_DisableAllIrq
 .text.SYS_RecoverIrq
                0x000000000000379c       0x14 ./StdPeriphDriver/CH58x_sys.o
                0x000000000000379c                SYS_RecoverIrq
 .text.SYS_GetSysTickCnt
                0x00000000000037b0        0xa ./StdPeriphDriver/CH58x_sys.o
                0x00000000000037b0                SYS_GetSysTickCnt
 .text._write   0x00000000000037ba       0x28 ./StdPeriphDriver/CH58x_sys.o
                0x00000000000037ba                _write
 .text._sbrk    0x00000000000037e2       0x34 ./StdPeriphDriver/CH58x_sys.o
                0x00000000000037e2                _sbrk
 .text.UART1_BaudRateCfg
                0x0000000000003816       0x30 ./StdPeriphDriver/CH58x_uart1.o
                0x0000000000003816                UART1_BaudRateCfg
 .text.UART1_DefInit
                0x0000000000003846       0x32 ./StdPeriphDriver/CH58x_uart1.o
                0x0000000000003846                UART1_DefInit
 .text.battMeasure
                0x0000000000003878       0x78 ./Profile/battservice.o
 .text.battWriteAttrCB
                0x00000000000038f0       0x5e ./Profile/battservice.o
 .text.battReadAttrCB
                0x000000000000394e       0x72 ./Profile/battservice.o
 .text.battNotifyCB
                0x00000000000039c0       0x72 ./Profile/battservice.o
 .text.Batt_AddService
                0x0000000000003a32       0x2c ./Profile/battservice.o
                0x0000000000003a32                Batt_AddService
 .text.Batt_Register
                0x0000000000003a5e        0x6 ./Profile/battservice.o
                0x0000000000003a5e                Batt_Register
 .text.Batt_SetParameter
                0x0000000000003a64       0x36 ./Profile/battservice.o
                0x0000000000003a64                Batt_SetParameter
 .text.Batt_GetParameter
                0x0000000000003a9a       0x66 ./Profile/battservice.o
                0x0000000000003a9a                Batt_GetParameter
 .text.Batt_MeasLevel
                0x0000000000003b00       0x26 ./Profile/battservice.o
                0x0000000000003b00                Batt_MeasLevel
 .text.Batt_HandleConnStatusCB
                0x0000000000003b26       0x3e ./Profile/battservice.o
                0x0000000000003b26                Batt_HandleConnStatusCB
 .text.devInfo_ReadAttrCB
                0x0000000000003b64      0x196 ./Profile/devinfoservice.o
 .text.DevInfo_AddService
                0x0000000000003cfa       0x18 ./Profile/devinfoservice.o
                0x0000000000003cfa                DevInfo_AddService
 .text.hidDevScanParamCB
                0x0000000000003d12        0x2 ./Profile/hiddev.o
 .text.hidDevRptByHandle
                0x0000000000003d14       0x30 ./Profile/hiddev.o
 .text.hidDevParamUpdateCB
                0x0000000000003d44       0x12 ./Profile/hiddev.o
 .text.hidDevInitialAdvertising
                0x0000000000003d56       0x3c ./Profile/hiddev.o
 .text.hidDevBattCB
                0x0000000000003d92       0x28 ./Profile/hiddev.o
 .text.hidDevPairStateCB
                0x0000000000003dba       0x28 ./Profile/hiddev.o
 .text.hidDevPasscodeCB
                0x0000000000003de2       0x34 ./Profile/hiddev.o
 .text.HidDev_ProcessEvent
                0x0000000000003e16       0xe8 ./Profile/hiddev.o
                0x0000000000003e16                HidDev_ProcessEvent
 .text.hidDevGapStateCB
                0x0000000000003efe      0x124 ./Profile/hiddev.o
 .text.HidDev_Init
                0x0000000000004022       0x66 ./Profile/hiddev.o
                0x0000000000004022                HidDev_Init
 .text.HidDev_Register
                0x0000000000004088        0xa ./Profile/hiddev.o
                0x0000000000004088                HidDev_Register
 .text.HidDev_RegisterReports
                0x0000000000004092        0xa ./Profile/hiddev.o
                0x0000000000004092                HidDev_RegisterReports
 .text.HidDev_Report
                0x000000000000409c      0x12c ./Profile/hiddev.o
                0x000000000000409c                HidDev_Report
 .text.HidDev_ReadAttrCB
                0x00000000000041c8      0x104 ./Profile/hiddev.o
                0x00000000000041c8                HidDev_ReadAttrCB
 .text.HidDev_WriteAttrCB
                0x00000000000042cc      0x146 ./Profile/hiddev.o
                0x00000000000042cc                HidDev_WriteAttrCB
 .text.Hid_AddService
                0x0000000000004412      0x108 ./Profile/hidkbdservice.o
                0x0000000000004412                Hid_AddService
 .text.Hid_SetParameter
                0x000000000000451a       0x5a ./Profile/hidkbdservice.o
                0x000000000000451a                Hid_SetParameter
 .text.Hid_GetParameter
                0x0000000000004574       0x42 ./Profile/hidkbdservice.o
                0x0000000000004574                Hid_GetParameter
 .text.scanParamReadAttrCB
                0x00000000000045b6        0x4 ./Profile/scanparamservice.o
 .text.scanParamWriteAttrCB
                0x00000000000045ba       0x66 ./Profile/scanparamservice.o
 .text.ScanParam_AddService
                0x0000000000004620       0x2c ./Profile/scanparamservice.o
                0x0000000000004620                ScanParam_AddService
 .text.ScanParam_Register
                0x000000000000464c        0x6 ./Profile/scanparamservice.o
                0x000000000000464c                ScanParam_Register
 .text.ScanParam_RefreshNotify
                0x0000000000004652       0x5c ./Profile/scanparamservice.o
                0x0000000000004652                ScanParam_RefreshNotify
 .text.ScanParam_HandleConnStatusCB
                0x00000000000046ae       0x3e ./Profile/scanparamservice.o
                0x00000000000046ae                ScanParam_HandleConnStatusCB
 .text.Lib_Calibration_LSI
                0x00000000000046ec        0x6 ./HAL/MCU.o
                0x00000000000046ec                Lib_Calibration_LSI
 .text.Lib_Read_Flash
                0x00000000000046f2       0x1c ./HAL/MCU.o
                0x00000000000046f2                Lib_Read_Flash
 .text.Lib_Write_Flash
                0x000000000000470e       0x40 ./HAL/MCU.o
                0x000000000000470e                Lib_Write_Flash
 .text.HAL_GetInterTempValue
                0x000000000000474e       0x72 ./HAL/MCU.o
                0x000000000000474e                HAL_GetInterTempValue
 .text.HAL_ProcessEvent
                0x00000000000047c0       0x7e ./HAL/MCU.o
                0x00000000000047c0                HAL_ProcessEvent
 .text.CH58X_BLEInit
                0x000000000000483e      0x132 ./HAL/MCU.o
                0x000000000000483e                CH58X_BLEInit
 .text.HAL_Init
                0x0000000000004970       0x30 ./HAL/MCU.o
                0x0000000000004970                HAL_Init
 .text.HAL_TimeInit
                0x00000000000049a0       0xe0 ./HAL/RTC.o
                0x00000000000049a0                HAL_TimeInit
 .text.xinput_compare
                0x0000000000004a80       0xfe ./APP/core_bt_xinput.o
                0x0000000000004a80                xinput_compare
 .text.shutdown
                0x0000000000004b7e       0x70 ./APP/core_bt_xinput.o
                0x0000000000004b7e                shutdown
 .text.button_task
                0x0000000000004bee      0x238 ./APP/core_bt_xinput.o
                0x0000000000004bee                button_task
 .text.xinput_bt_sendinput_task
                0x0000000000004e26      0x1ca ./APP/core_bt_xinput.o
                0x0000000000004e26                xinput_bt_sendinput_task
 .text.hidEmuEvtCB
                0x0000000000004ff0        0x2 ./APP/hidkbd.o
 .text.hidEmuStateCB
                0x0000000000004ff2      0x10a ./APP/hidkbd.o
 .text.hidEmuSendKbdReport
                0x00000000000050fc       0x24 ./APP/hidkbd.o
 .text.hidEmuRptCB
                0x0000000000005120       0x46 ./APP/hidkbd.o
 .text.HidEmu_ProcessEvent
                0x0000000000005166      0x132 ./APP/hidkbd.o
                0x0000000000005166                HidEmu_ProcessEvent
 .text.HidEmu_Init
                0x0000000000005298      0x122 ./APP/hidkbd.o
                0x0000000000005298                HidEmu_Init
 .text.disconnect
                0x00000000000053ba       0x30 ./APP/hidkbd.o
                0x00000000000053ba                disconnect
 .text.startup.main
                0x00000000000053ea       0x9e ./APP/hidkbd_main.o
                0x00000000000053ea                main
 .text.hoja_button_reset
                0x0000000000005488        0xe ./APP/hoja_backend.o
                0x0000000000005488                hoja_button_reset
 .text.hoja_button_remap_process
                0x0000000000005496      0x136 ./APP/hoja_backend.o
                0x0000000000005496                hoja_button_remap_process
 .text.util_get_dpad_hat
                0x00000000000055cc       0x6c ./APP/util_gamepad.o
                0x00000000000055cc                util_get_dpad_hat
 .text.tmos_msg_enqueue
                0x0000000000005638       0x1e /Users/jeffery/dev/arduino/wch/ch583-main/EVT/EXAM/BLE/LIB/libCH58xBLE.a(message.o)
                0x0000000000005638                tmos_msg_enqueue
 .text.tmos_msg_deallocate
                0x0000000000005656       0x2c /Users/jeffery/dev/arduino/wch/ch583-main/EVT/EXAM/BLE/LIB/libCH58xBLE.a(message.o)
                0x0000000000005656                tmos_msg_deallocate
 .text.tmos_msg_allocate
                0x0000000000005682       0x46 /Users/jeffery/dev/arduino/wch/ch583-main/EVT/EXAM/BLE/LIB/libCH58xBLE.a(message.o)
                0x0000000000005682                tmos_msg_allocate
 .text.tmos_msg_receive
                0x00000000000056c8       0x70 /Users/jeffery/dev/arduino/wch/ch583-main/EVT/EXAM/BLE/LIB/libCH58xBLE.a(message.o)
                0x00000000000056c8                tmos_msg_receive
 .text.tmos_msg_send
                0x0000000000005738       0x60 /Users/jeffery/dev/arduino/wch/ch583-main/EVT/EXAM/BLE/LIB/libCH58xBLE.a(message.o)
                0x0000000000005738                tmos_msg_send
 .text.tmos_msg_init
                0x0000000000005798        0xa /Users/jeffery/dev/arduino/wch/ch583-main/EVT/EXAM/BLE/LIB/libCH58xBLE.a(message.o)
                0x0000000000005798                tmos_msg_init
 .text.tmosFindTask
                0x00000000000057a2       0x24 /Users/jeffery/dev/arduino/wch/ch583-main/EVT/EXAM/BLE/LIB/libCH58xBLE.a(tmos.o)
 .text.TMOS_CB_PeriodicProcessEvent
                0x00000000000057c6       0x86 /Users/jeffery/dev/arduino/wch/ch583-main/EVT/EXAM/BLE/LIB/libCH58xBLE.a(tmos.o)
                0x00000000000057c6                TMOS_CB_PeriodicProcessEvent
 .text.TMOS_CB_ProcessEvent
                0x000000000000584c       0x80 /Users/jeffery/dev/arduino/wch/ch583-main/EVT/EXAM/BLE/LIB/libCH58xBLE.a(tmos.o)
                0x000000000000584c                TMOS_CB_ProcessEvent
 .text.tmos_rand
                0x00000000000058cc       0x52 /Users/jeffery/dev/arduino/wch/ch583-main/EVT/EXAM/BLE/LIB/libCH58xBLE.a(tmos.o)
                0x00000000000058cc                tmos_rand
 .text.tmos_start_periodic_callback_task
                0x000000000000591e       0xea /Users/jeffery/dev/arduino/wch/ch583-main/EVT/EXAM/BLE/LIB/libCH58xBLE.a(tmos.o)
                0x000000000000591e                tmos_start_periodic_callback_task
 .text.tmos_set_event
                0x0000000000005a08       0x2e /Users/jeffery/dev/arduino/wch/ch583-main/EVT/EXAM/BLE/LIB/libCH58xBLE.a(tmos.o)
                0x0000000000005a08                tmos_set_event
 .text.tmos_clear_event
                0x0000000000005a36       0x32 /Users/jeffery/dev/arduino/wch/ch583-main/EVT/EXAM/BLE/LIB/libCH58xBLE.a(tmos.o)
                0x0000000000005a36                tmos_clear_event
 .text.tmos_update_callback_timer
                0x0000000000005a68       0xc2 /Users/jeffery/dev/arduino/wch/ch583-main/EVT/EXAM/BLE/LIB/libCH58xBLE.a(tmos.o)
                0x0000000000005a68                tmos_update_callback_timer
 .text.tmos_update_periodic_callback_timer
                0x0000000000005b2a       0x5e /Users/jeffery/dev/arduino/wch/ch583-main/EVT/EXAM/BLE/LIB/libCH58xBLE.a(tmos.o)
                0x0000000000005b2a                tmos_update_periodic_callback_timer
 .text.tmos_start_task
                0x0000000000005b88      0x134 /Users/jeffery/dev/arduino/wch/ch583-main/EVT/EXAM/BLE/LIB/libCH58xBLE.a(tmos.o)
                0x0000000000005b88                tmos_start_task
 .text.tmos_start_callback_task
                0x0000000000005cbc       0x9a /Users/jeffery/dev/arduino/wch/ch583-main/EVT/EXAM/BLE/LIB/libCH58xBLE.a(tmos.o)
                0x0000000000005cbc                tmos_start_callback_task
 .text.tmos_start_reload_task
                0x0000000000005d56       0x56 /Users/jeffery/dev/arduino/wch/ch583-main/EVT/EXAM/BLE/LIB/libCH58xBLE.a(tmos.o)
                0x0000000000005d56                tmos_start_reload_task
 .text.tmos_stop_task
                0x0000000000005dac       0x50 /Users/jeffery/dev/arduino/wch/ch583-main/EVT/EXAM/BLE/LIB/libCH58xBLE.a(tmos.o)
                0x0000000000005dac                tmos_stop_task
 .text.tmos_stop_callback_task
                0x0000000000005dfc       0x5a /Users/jeffery/dev/arduino/wch/ch583-main/EVT/EXAM/BLE/LIB/libCH58xBLE.a(tmos.o)
                0x0000000000005dfc                tmos_stop_callback_task
 .text.tmos_get_task_timer
                0x0000000000005e56       0x62 /Users/jeffery/dev/arduino/wch/ch583-main/EVT/EXAM/BLE/LIB/libCH58xBLE.a(tmos.o)
                0x0000000000005e56                tmos_get_task_timer
 .text.tmos_proces_sleep
                0x0000000000005eb8       0xd0 /Users/jeffery/dev/arduino/wch/ch583-main/EVT/EXAM/BLE/LIB/libCH58xBLE.a(tmos.o)
                0x0000000000005eb8                tmos_proces_sleep
 .text.TMOS_TimerRegister
                0x0000000000005f88       0x1e /Users/jeffery/dev/arduino/wch/ch583-main/EVT/EXAM/BLE/LIB/libCH58xBLE.a(tmos.o)
                0x0000000000005f88                TMOS_TimerRegister
 .text.TMOS_ProcessRegister
                0x0000000000005fa6       0x16 /Users/jeffery/dev/arduino/wch/ch583-main/EVT/EXAM/BLE/LIB/libCH58xBLE.a(tmos.o)
                0x0000000000005fa6                TMOS_ProcessRegister
 .text.TMOS_Init
                0x0000000000005fbc      0x12e /Users/jeffery/dev/arduino/wch/ch583-main/EVT/EXAM/BLE/LIB/libCH58xBLE.a(tmos.o)
                0x0000000000005fbc                TMOS_Init
 .text.TMOS_ProcessEventRegister
                0x00000000000060ea       0x3c /Users/jeffery/dev/arduino/wch/ch583-main/EVT/EXAM/BLE/LIB/libCH58xBLE.a(tmos.o)
                0x00000000000060ea                TMOS_ProcessEventRegister
 .text.BLE_LibInit
                0x0000000000006126      0x17c /Users/jeffery/dev/arduino/wch/ch583-main/EVT/EXAM/BLE/LIB/libCH58xBLE.a(tmos.o)
                0x0000000000006126                BLE_LibInit
 .text.clockGetTickValve
                0x00000000000062a2       0x7e /Users/jeffery/dev/arduino/wch/ch583-main/EVT/EXAM/BLE/LIB/libCH58xBLE.a(tmos_hw.o)
 .text.ll_get_sca_divisor
                0x0000000000006320       0x40 /Users/jeffery/dev/arduino/wch/ch583-main/EVT/EXAM/BLE/LIB/libCH58xBLE.a(tmos_hw.o)
                0x0000000000006320                ll_get_sca_divisor
 .text.ll_get_sca_own
                0x0000000000006360       0x46 /Users/jeffery/dev/arduino/wch/ch583-main/EVT/EXAM/BLE/LIB/libCH58xBLE.a(tmos_hw.o)
                0x0000000000006360                ll_get_sca_own
 .text.ble_ll_common_rand8
                0x00000000000063a6       0x24 /Users/jeffery/dev/arduino/wch/ch583-main/EVT/EXAM/BLE/LIB/libCH58xBLE.a(tmos_hw.o)
                0x00000000000063a6                ble_ll_common_rand8
 .text.ble_ll_common_rand16
                0x00000000000063ca       0x24 /Users/jeffery/dev/arduino/wch/ch583-main/EVT/EXAM/BLE/LIB/libCH58xBLE.a(tmos_hw.o)
                0x00000000000063ca                ble_ll_common_rand16
 .text.ble_ll_common_rand32
                0x00000000000063ee       0x20 /Users/jeffery/dev/arduino/wch/ch583-main/EVT/EXAM/BLE/LIB/libCH58xBLE.a(tmos_hw.o)
                0x00000000000063ee                ble_ll_common_rand32
 .text.TMOS_TempSample
                0x000000000000640e       0x62 /Users/jeffery/dev/arduino/wch/ch583-main/EVT/EXAM/BLE/LIB/libCH58xBLE.a(tmos_hw.o)
                0x000000000000640e                TMOS_TempSample
 .text.TMOS_TimerInit
                0x0000000000006470      0x152 /Users/jeffery/dev/arduino/wch/ch583-main/EVT/EXAM/BLE/LIB/libCH58xBLE.a(tmos_hw.o)
                0x0000000000006470                TMOS_TimerInit
 .text.tmos_snv_init
                0x00000000000065c2       0xc0 /Users/jeffery/dev/arduino/wch/ch583-main/EVT/EXAM/BLE/LIB/libCH58xBLE.a(tmos_snv.o)
                0x00000000000065c2                tmos_snv_init
 .text.tmos_snv_read
                0x0000000000006682      0x292 /Users/jeffery/dev/arduino/wch/ch583-main/EVT/EXAM/BLE/LIB/libCH58xBLE.a(tmos_snv.o)
                0x0000000000006682                tmos_snv_read
 .text.tmos_snv_notify
                0x0000000000006914       0x5a /Users/jeffery/dev/arduino/wch/ch583-main/EVT/EXAM/BLE/LIB/libCH58xBLE.a(tmos_snv.o)
                0x0000000000006914                tmos_snv_notify
 .text.tmos_snv_write
                0x000000000000696e      0x2ce /Users/jeffery/dev/arduino/wch/ch583-main/EVT/EXAM/BLE/LIB/libCH58xBLE.a(tmos_snv.o)
                0x000000000000696e                tmos_snv_write
 .text.tmos_snv_compact
                0x0000000000006c3c        0x4 /Users/jeffery/dev/arduino/wch/ch583-main/EVT/EXAM/BLE/LIB/libCH58xBLE.a(tmos_snv.o)
                0x0000000000006c3c                tmos_snv_compact
 .text.disconnectNext
                0x0000000000006c40       0x22 /Users/jeffery/dev/arduino/wch/ch583-main/EVT/EXAM/BLE/LIB/libCH58xBLE.a(gap.o)
 .text.GAP_ParamInit
                0x0000000000006c62      0x16c /Users/jeffery/dev/arduino/wch/ch583-main/EVT/EXAM/BLE/LIB/libCH58xBLE.a(gap.o)
                0x0000000000006c62                GAP_ParamInit
 .text.sendTerminateEvent
                0x0000000000006dce       0x58 /Users/jeffery/dev/arduino/wch/ch583-main/EVT/EXAM/BLE/LIB/libCH58xBLE.a(gap.o)
                0x0000000000006dce                sendTerminateEvent
 .text.gapRegisterCentral
                0x0000000000006e26        0x6 /Users/jeffery/dev/arduino/wch/ch583-main/EVT/EXAM/BLE/LIB/libCH58xBLE.a(gap.o)
                0x0000000000006e26                gapRegisterCentral
 .text.gapRegisterCentralConn
                0x0000000000006e2c        0x6 /Users/jeffery/dev/arduino/wch/ch583-main/EVT/EXAM/BLE/LIB/libCH58xBLE.a(gap.o)
                0x0000000000006e2c                gapRegisterCentralConn
 .text.gapRegisterPeripheral
                0x0000000000006e32        0x6 /Users/jeffery/dev/arduino/wch/ch583-main/EVT/EXAM/BLE/LIB/libCH58xBLE.a(gap.o)
                0x0000000000006e32                gapRegisterPeripheral
 .text.gapRegisterPeripheralConn
                0x0000000000006e38        0x6 /Users/jeffery/dev/arduino/wch/ch583-main/EVT/EXAM/BLE/LIB/libCH58xBLE.a(gap.o)
                0x0000000000006e38                gapRegisterPeripheralConn
 .text.smGenerateRandBuf
                0x0000000000006e3e       0x56 /Users/jeffery/dev/arduino/wch/ch583-main/EVT/EXAM/BLE/LIB/libCH58xBLE.a(gap.o)
                0x0000000000006e3e                smGenerateRandBuf
 .text.gapL2capConnParamUpdateReq
                0x0000000000006e94       0x36 /Users/jeffery/dev/arduino/wch/ch583-main/EVT/EXAM/BLE/LIB/libCH58xBLE.a(gap.o)
                0x0000000000006e94                gapL2capConnParamUpdateReq
 .text.gapValidADType
                0x0000000000006eca       0x16 /Users/jeffery/dev/arduino/wch/ch583-main/EVT/EXAM/BLE/LIB/libCH58xBLE.a(gap.o)
                0x0000000000006eca                gapValidADType
 .text.gapFindADType
                0x0000000000006ee0       0x92 /Users/jeffery/dev/arduino/wch/ch583-main/EVT/EXAM/BLE/LIB/libCH58xBLE.a(gap.o)
                0x0000000000006ee0                gapFindADType
 .text.GAP_SecParamsInit
                0x0000000000006f72       0xaa /Users/jeffery/dev/arduino/wch/ch583-main/EVT/EXAM/BLE/LIB/libCH58xBLE.a(gap.o)
                0x0000000000006f72                GAP_SecParamsInit
 .text.GAP_ParamsInit
                0x000000000000701c       0x50 /Users/jeffery/dev/arduino/wch/ch583-main/EVT/EXAM/BLE/LIB/libCH58xBLE.a(gap.o)
                0x000000000000701c                GAP_ParamsInit
 .text.gapAddAddrAdj
                0x000000000000706c       0x48 /Users/jeffery/dev/arduino/wch/ch583-main/EVT/EXAM/BLE/LIB/libCH58xBLE.a(gap.o)
                0x000000000000706c                gapAddAddrAdj
 .text.gapDetermineAddrType
                0x00000000000070b4       0x28 /Users/jeffery/dev/arduino/wch/ch583-main/EVT/EXAM/BLE/LIB/libCH58xBLE.a(gap.o)
                0x00000000000070b4                gapDetermineAddrType
 .text.gapFreeAuthLink
                0x00000000000070dc       0x4a /Users/jeffery/dev/arduino/wch/ch583-main/EVT/EXAM/BLE/LIB/libCH58xBLE.a(gap.o)
                0x00000000000070dc                gapFreeAuthLink
 .text.gapGetDevAddress
                0x0000000000007126       0x24 /Users/jeffery/dev/arduino/wch/ch583-main/EVT/EXAM/BLE/LIB/libCH58xBLE.a(gap.o)
                0x0000000000007126                gapGetDevAddress
 .text.gapGetDevAddressMode
                0x000000000000714a        0xa /Users/jeffery/dev/arduino/wch/ch583-main/EVT/EXAM/BLE/LIB/libCH58xBLE.a(gap.o)
                0x000000000000714a                gapGetDevAddressMode
 .text.gapGetIRK
                0x0000000000007154        0xc /Users/jeffery/dev/arduino/wch/ch583-main/EVT/EXAM/BLE/LIB/libCH58xBLE.a(gap.o)
                0x0000000000007154                gapGetIRK
 .text.gapGetSRK
                0x0000000000007160        0xc /Users/jeffery/dev/arduino/wch/ch583-main/EVT/EXAM/BLE/LIB/libCH58xBLE.a(gap.o)
                0x0000000000007160                gapGetSRK
 .text.gapGetSignCounter
                0x000000000000716c        0xe /Users/jeffery/dev/arduino/wch/ch583-main/EVT/EXAM/BLE/LIB/libCH58xBLE.a(gap.o)
                0x000000000000716c                gapGetSignCounter
 .text.gapIncSignCounter
                0x000000000000717a       0x28 /Users/jeffery/dev/arduino/wch/ch583-main/EVT/EXAM/BLE/LIB/libCH58xBLE.a(gap.o)
                0x000000000000717a                gapIncSignCounter
 .text.gapProcessConnEvt
                0x00000000000071a2       0x48 /Users/jeffery/dev/arduino/wch/ch583-main/EVT/EXAM/BLE/LIB/libCH58xBLE.a(gap.o)
                0x00000000000071a2                gapProcessConnEvt
 .text.gapProcessDisconnectCompleteEvt
                0x00000000000071ea       0xa8 /Users/jeffery/dev/arduino/wch/ch583-main/EVT/EXAM/BLE/LIB/libCH58xBLE.a(gap.o)
                0x00000000000071ea                gapProcessDisconnectCompleteEvt
 .text.sendAuthEvent
                0x0000000000007292      0x11e /Users/jeffery/dev/arduino/wch/ch583-main/EVT/EXAM/BLE/LIB/libCH58xBLE.a(gap.o)
                0x0000000000007292                sendAuthEvent
 .text.gapSendBondCompleteEvent
                0x00000000000073b0       0x74 /Users/jeffery/dev/arduino/wch/ch583-main/EVT/EXAM/BLE/LIB/libCH58xBLE.a(gap.o)
                0x00000000000073b0                gapSendBondCompleteEvent
 .text.gapSendPairingReqEvent
                0x0000000000007424       0x96 /Users/jeffery/dev/arduino/wch/ch583-main/EVT/EXAM/BLE/LIB/libCH58xBLE.a(gap.o)
                0x0000000000007424                gapSendPairingReqEvent
 .text.gapSendSlaveSecurityReqEvent
                0x00000000000074ba       0x68 /Users/jeffery/dev/arduino/wch/ch583-main/EVT/EXAM/BLE/LIB/libCH58xBLE.a(gap.o)
                0x00000000000074ba                gapSendSlaveSecurityReqEvent
 .text.gapSendDeviceInitDoneEvent
                0x0000000000007522       0x88 /Users/jeffery/dev/arduino/wch/ch583-main/EVT/EXAM/BLE/LIB/libCH58xBLE.a(gap.o)
                0x0000000000007522                gapSendDeviceInitDoneEvent
 .text.gapSendLinkUpdateEvent
                0x00000000000075aa       0xb2 /Users/jeffery/dev/arduino/wch/ch583-main/EVT/EXAM/BLE/LIB/libCH58xBLE.a(gap.o)
                0x00000000000075aa                gapSendLinkUpdateEvent
 .text.gapSendPhyUpdateEvent
                0x000000000000765c       0x58 /Users/jeffery/dev/arduino/wch/ch583-main/EVT/EXAM/BLE/LIB/libCH58xBLE.a(gap.o)
                0x000000000000765c                gapSendPhyUpdateEvent
 .text.gapSendEstLinkEvent
                0x00000000000076b4       0xbc /Users/jeffery/dev/arduino/wch/ch583-main/EVT/EXAM/BLE/LIB/libCH58xBLE.a(gap.o)
                0x00000000000076b4                gapSendEstLinkEvent
 .text.gapProcessNewAddr
                0x0000000000007770       0x3e /Users/jeffery/dev/arduino/wch/ch583-main/EVT/EXAM/BLE/LIB/libCH58xBLE.a(gap.o)
                0x0000000000007770                gapProcessNewAddr
 .text.gapProcessRandomAddrComplete
                0x00000000000077ae       0xb6 /Users/jeffery/dev/arduino/wch/ch583-main/EVT/EXAM/BLE/LIB/libCH58xBLE.a(gap.o)
                0x00000000000077ae                gapProcessRandomAddrComplete
 .text.GAP_Authenticate
                0x0000000000007864       0xde /Users/jeffery/dev/arduino/wch/ch583-main/EVT/EXAM/BLE/LIB/libCH58xBLE.a(gap.o)
                0x0000000000007864                GAP_Authenticate
 .text.GAP_Bond
                0x0000000000007942       0xaa /Users/jeffery/dev/arduino/wch/ch583-main/EVT/EXAM/BLE/LIB/libCH58xBLE.a(gap.o)
                0x0000000000007942                GAP_Bond
 .text.GAP_GetParamValue
                0x00000000000079ec       0x20 /Users/jeffery/dev/arduino/wch/ch583-main/EVT/EXAM/BLE/LIB/libCH58xBLE.a(gap.o)
                0x00000000000079ec                GAP_GetParamValue
 .text.GAP_PasscodeUpdate
                0x0000000000007a0c       0x54 /Users/jeffery/dev/arduino/wch/ch583-main/EVT/EXAM/BLE/LIB/libCH58xBLE.a(gap.o)
                0x0000000000007a0c                GAP_PasscodeUpdate
 .text.GAP_RegisterForMsgs
                0x0000000000007a60        0xa /Users/jeffery/dev/arduino/wch/ch583-main/EVT/EXAM/BLE/LIB/libCH58xBLE.a(gap.o)
                0x0000000000007a60                GAP_RegisterForMsgs
 .text.GAP_ResolvePrivateAddr
                0x0000000000007a6a        0x4 /Users/jeffery/dev/arduino/wch/ch583-main/EVT/EXAM/BLE/LIB/libCH58xBLE.a(gap.o)
                0x0000000000007a6a                GAP_ResolvePrivateAddr
 .text.gapPairingCompleteCB
                0x0000000000007a6e      0x18c /Users/jeffery/dev/arduino/wch/ch583-main/EVT/EXAM/BLE/LIB/libCH58xBLE.a(gap.o)
                0x0000000000007a6e                gapPairingCompleteCB
 .text.gapPasskeyNeededCB
                0x0000000000007bfa       0x8e /Users/jeffery/dev/arduino/wch/ch583-main/EVT/EXAM/BLE/LIB/libCH58xBLE.a(gap.o)
                0x0000000000007bfa                gapPasskeyNeededCB
 .text.gapOobNeededCB
                0x0000000000007c88       0xa6 /Users/jeffery/dev/arduino/wch/ch583-main/EVT/EXAM/BLE/LIB/libCH58xBLE.a(gap.o)
                0x0000000000007c88                gapOobNeededCB
 .text.gapFreeEstLink
                0x0000000000007d2e       0x20 /Users/jeffery/dev/arduino/wch/ch583-main/EVT/EXAM/BLE/LIB/libCH58xBLE.a(gap.o)
                0x0000000000007d2e                gapFreeEstLink
 .text.gapUpdateConnSignCounter
                0x0000000000007d4e       0x7a /Users/jeffery/dev/arduino/wch/ch583-main/EVT/EXAM/BLE/LIB/libCH58xBLE.a(gap.o)
                0x0000000000007d4e                gapUpdateConnSignCounter
 .text.GAP_SendSlaveSecurityRequest
                0x0000000000007dc8       0x4a /Users/jeffery/dev/arduino/wch/ch583-main/EVT/EXAM/BLE/LIB/libCH58xBLE.a(gap.o)
                0x0000000000007dc8                GAP_SendSlaveSecurityRequest
 .text.GAP_Signable
                0x0000000000007e12       0x6a /Users/jeffery/dev/arduino/wch/ch583-main/EVT/EXAM/BLE/LIB/libCH58xBLE.a(gap.o)
                0x0000000000007e12                GAP_Signable
 .text.GAP_TerminateAuth
                0x0000000000007e7c       0x2a /Users/jeffery/dev/arduino/wch/ch583-main/EVT/EXAM/BLE/LIB/libCH58xBLE.a(gap.o)
                0x0000000000007e7c                GAP_TerminateAuth
 .text.GAP_NumActiveConnections
                0x0000000000007ea6        0x4 /Users/jeffery/dev/arduino/wch/ch583-main/EVT/EXAM/BLE/LIB/libCH58xBLE.a(gap.o)
                0x0000000000007ea6                GAP_NumActiveConnections
 .text.GAP_TerminateLinkReq
                0x0000000000007eaa       0x8e /Users/jeffery/dev/arduino/wch/ch583-main/EVT/EXAM/BLE/LIB/libCH58xBLE.a(gap.o)
                0x0000000000007eaa                GAP_TerminateLinkReq
 .text.GAP_SetParamValue
                0x0000000000007f38       0x6c /Users/jeffery/dev/arduino/wch/ch583-main/EVT/EXAM/BLE/LIB/libCH58xBLE.a(gap.o)
                0x0000000000007f38                GAP_SetParamValue
 .text.GAP_Init
                0x0000000000007fa4       0x48 /Users/jeffery/dev/arduino/wch/ch583-main/EVT/EXAM/BLE/LIB/libCH58xBLE.a(gap.o)
                0x0000000000007fa4                GAP_Init
 .text.GAP_ProcessEvent
                0x0000000000007fec      0x66a /Users/jeffery/dev/arduino/wch/ch583-main/EVT/EXAM/BLE/LIB/libCH58xBLE.a(gap.o)
                0x0000000000007fec                GAP_ProcessEvent
 .text.gapSendScanEnable
                0x0000000000008656       0x3a /Users/jeffery/dev/arduino/wch/ch583-main/EVT/EXAM/BLE/LIB/libCH58xBLE.a(gap_central.o)
 .text.gapCentProcessConnEvt
                0x0000000000008690      0x168 /Users/jeffery/dev/arduino/wch/ch583-main/EVT/EXAM/BLE/LIB/libCH58xBLE.a(gap_central.o)
                0x0000000000008690                gapCentProcessConnEvt
 .text.gapProcessScanningPeriodicAdvEvt
                0x00000000000087f8       0xa0 /Users/jeffery/dev/arduino/wch/ch583-main/EVT/EXAM/BLE/LIB/libCH58xBLE.a(gap_central.o)
                0x00000000000087f8                gapProcessScanningPeriodicAdvEvt
 .text.gapCancelLinkReq
                0x0000000000008898       0x38 /Users/jeffery/dev/arduino/wch/ch583-main/EVT/EXAM/BLE/LIB/libCH58xBLE.a(gap_central.o)
                0x0000000000008898                gapCancelLinkReq
 .text.gapProcessAdvertDevInfo
                0x00000000000088d0      0x242 /Users/jeffery/dev/arduino/wch/ch583-main/EVT/EXAM/BLE/LIB/libCH58xBLE.a(gap_central.o)
                0x00000000000088d0                gapProcessAdvertDevInfo
 .text.gapProcessExtAdvertDevInfo
                0x0000000000008b12      0x260 /Users/jeffery/dev/arduino/wch/ch583-main/EVT/EXAM/BLE/LIB/libCH58xBLE.a(gap_central.o)
                0x0000000000008b12                gapProcessExtAdvertDevInfo
 .text.gapProcessPeriodicAdvertisingSyncEstablishedEvt
                0x0000000000008d72       0xae /Users/jeffery/dev/arduino/wch/ch583-main/EVT/EXAM/BLE/LIB/libCH58xBLE.a(gap_central.o)
                0x0000000000008d72                gapProcessPeriodicAdvertisingSyncEstablishedEvt
 .text.gapProcessPeriodicAdvertisingSyncLostEvt
                0x0000000000008e20       0x56 /Users/jeffery/dev/arduino/wch/ch583-main/EVT/EXAM/BLE/LIB/libCH58xBLE.a(gap_central.o)
                0x0000000000008e20                gapProcessPeriodicAdvertisingSyncLostEvt
 .text.gapFreeScanRecs
                0x0000000000008e76       0xa6 /Users/jeffery/dev/arduino/wch/ch583-main/EVT/EXAM/BLE/LIB/libCH58xBLE.a(gap_central.o)
                0x0000000000008e76                gapFreeScanRecs
 .text.gapSendDevDiscEvent
                0x0000000000008f1c      0x124 /Users/jeffery/dev/arduino/wch/ch583-main/EVT/EXAM/BLE/LIB/libCH58xBLE.a(gap_central.o)
                0x0000000000008f1c                gapSendDevDiscEvent
 .text.gapSetScanParamStatus
                0x0000000000009040       0x56 /Users/jeffery/dev/arduino/wch/ch583-main/EVT/EXAM/BLE/LIB/libCH58xBLE.a(gap_central.o)
 .text.gapCentProcessHCICmdEvt
                0x0000000000009096       0x3c /Users/jeffery/dev/arduino/wch/ch583-main/EVT/EXAM/BLE/LIB/libCH58xBLE.a(gap_central.o)
                0x0000000000009096                gapCentProcessHCICmdEvt
 .text.gapProcessScanningEvt
                0x00000000000090d2      0x110 /Users/jeffery/dev/arduino/wch/ch583-main/EVT/EXAM/BLE/LIB/libCH58xBLE.a(gap_central.o)
                0x00000000000090d2                gapProcessScanningEvt
 .text.gapProcessScanningDirectEvt
                0x00000000000091e2       0xfe /Users/jeffery/dev/arduino/wch/ch583-main/EVT/EXAM/BLE/LIB/libCH58xBLE.a(gap_central.o)
                0x00000000000091e2                gapProcessScanningDirectEvt
 .text.gapProcessScanningExtAdvEvt
                0x00000000000092e0      0x2c4 /Users/jeffery/dev/arduino/wch/ch583-main/EVT/EXAM/BLE/LIB/libCH58xBLE.a(gap_central.o)
                0x00000000000092e0                gapProcessScanningExtAdvEvt
 .text.GAP_CentConnRegister
                0x00000000000095a4       0x1a /Users/jeffery/dev/arduino/wch/ch583-main/EVT/EXAM/BLE/LIB/libCH58xBLE.a(gap_central.o)
                0x00000000000095a4                GAP_CentConnRegister
 .text.GAP_CentralParamInit
                0x00000000000095be       0x6e /Users/jeffery/dev/arduino/wch/ch583-main/EVT/EXAM/BLE/LIB/libCH58xBLE.a(gap_central.o)
                0x00000000000095be                GAP_CentralParamInit
 .text.GAP_CentDevMgrInit
                0x000000000000962c       0x9c /Users/jeffery/dev/arduino/wch/ch583-main/EVT/EXAM/BLE/LIB/libCH58xBLE.a(gap_central.o)
                0x000000000000962c                GAP_CentDevMgrInit
 .text.gapFreeAdvertState
                0x00000000000096c8       0x20 /Users/jeffery/dev/arduino/wch/ch583-main/EVT/EXAM/BLE/LIB/libCH58xBLE.a(gap_peripheral.o)
 .text.gapSetPeriodicAdvParams
                0x00000000000096e8       0x30 /Users/jeffery/dev/arduino/wch/ch583-main/EVT/EXAM/BLE/LIB/libCH58xBLE.a(gap_peripheral.o)
 .text.gapSetConnectionlessCTEParams
                0x0000000000009718       0x54 /Users/jeffery/dev/arduino/wch/ch583-main/EVT/EXAM/BLE/LIB/libCH58xBLE.a(gap_peripheral.o)
 .text.gapSetAdvParams
                0x000000000000976c      0x126 /Users/jeffery/dev/arduino/wch/ch583-main/EVT/EXAM/BLE/LIB/libCH58xBLE.a(gap_peripheral.o)
 .text.gapPeriProcessConnEvt
                0x0000000000009892       0xd0 /Users/jeffery/dev/arduino/wch/ch583-main/EVT/EXAM/BLE/LIB/libCH58xBLE.a(gap_peripheral.o)
 .text.gapWriteAdvDataStatus
                0x0000000000009962       0x8a /Users/jeffery/dev/arduino/wch/ch583-main/EVT/EXAM/BLE/LIB/libCH58xBLE.a(gap_peripheral.o)
 .text.GAP_MakeDiscoverable
                0x00000000000099ec      0x174 /Users/jeffery/dev/arduino/wch/ch583-main/EVT/EXAM/BLE/LIB/libCH58xBLE.a(gap_peripheral.o)
                0x00000000000099ec                GAP_MakeDiscoverable
 .text.GAP_EndDiscoverable
                0x0000000000009b60       0x66 /Users/jeffery/dev/arduino/wch/ch583-main/EVT/EXAM/BLE/LIB/libCH58xBLE.a(gap_peripheral.o)
                0x0000000000009b60                GAP_EndDiscoverable
 .text.gapProcessAdvertisingEvt
                0x0000000000009bc6      0x118 /Users/jeffery/dev/arduino/wch/ch583-main/EVT/EXAM/BLE/LIB/libCH58xBLE.a(gap_peripheral.o)
 .text.GAP_MakePeriodic
                0x0000000000009cde       0x26 /Users/jeffery/dev/arduino/wch/ch583-main/EVT/EXAM/BLE/LIB/libCH58xBLE.a(gap_peripheral.o)
                0x0000000000009cde                GAP_MakePeriodic
 .text.GAP_EndPeriodic
                0x0000000000009d04        0xc /Users/jeffery/dev/arduino/wch/ch583-main/EVT/EXAM/BLE/LIB/libCH58xBLE.a(gap_peripheral.o)
                0x0000000000009d04                GAP_EndPeriodic
 .text.GAP_MakeConnecttionlessCTE
                0x0000000000009d10       0x1a /Users/jeffery/dev/arduino/wch/ch583-main/EVT/EXAM/BLE/LIB/libCH58xBLE.a(gap_peripheral.o)
                0x0000000000009d10                GAP_MakeConnecttionlessCTE
 .text.GAP_EndConnecttionlessCTE
                0x0000000000009d2a        0xc /Users/jeffery/dev/arduino/wch/ch583-main/EVT/EXAM/BLE/LIB/libCH58xBLE.a(gap_peripheral.o)
                0x0000000000009d2a                GAP_EndConnecttionlessCTE
 .text.GAP_SetAdvertisingAdvData
                0x0000000000009d36      0x102 /Users/jeffery/dev/arduino/wch/ch583-main/EVT/EXAM/BLE/LIB/libCH58xBLE.a(gap_peripheral.o)
                0x0000000000009d36                GAP_SetAdvertisingAdvData
 .text.GAP_SetAdvertisingRspData
                0x0000000000009e38      0x102 /Users/jeffery/dev/arduino/wch/ch583-main/EVT/EXAM/BLE/LIB/libCH58xBLE.a(gap_peripheral.o)
                0x0000000000009e38                GAP_SetAdvertisingRspData
 .text.GAP_SetPeriodicAdvertisingData
                0x0000000000009f3a       0xc6 /Users/jeffery/dev/arduino/wch/ch583-main/EVT/EXAM/BLE/LIB/libCH58xBLE.a(gap_peripheral.o)
                0x0000000000009f3a                GAP_SetPeriodicAdvertisingData
 .text.GAP_GetAdvertisingAdvData
                0x000000000000a000       0x26 /Users/jeffery/dev/arduino/wch/ch583-main/EVT/EXAM/BLE/LIB/libCH58xBLE.a(gap_peripheral.o)
                0x000000000000a000                GAP_GetAdvertisingAdvData
 .text.GAP_GetAdvertisingRspData
                0x000000000000a026       0x34 /Users/jeffery/dev/arduino/wch/ch583-main/EVT/EXAM/BLE/LIB/libCH58xBLE.a(gap_peripheral.o)
                0x000000000000a026                GAP_GetAdvertisingRspData
 .text.GAP_GetPeriodicAdvertisingData
                0x000000000000a05a       0x34 /Users/jeffery/dev/arduino/wch/ch583-main/EVT/EXAM/BLE/LIB/libCH58xBLE.a(gap_peripheral.o)
                0x000000000000a05a                GAP_GetPeriodicAdvertisingData
 .text.GAP_ConfigDeviceAddr
                0x000000000000a08e      0x124 /Users/jeffery/dev/arduino/wch/ch583-main/EVT/EXAM/BLE/LIB/libCH58xBLE.a(gap_peripheral.o)
                0x000000000000a08e                GAP_ConfigDeviceAddr
 .text.GAP_PeriConnRegister
                0x000000000000a1b2       0x2e /Users/jeffery/dev/arduino/wch/ch583-main/EVT/EXAM/BLE/LIB/libCH58xBLE.a(gap_peripheral.o)
                0x000000000000a1b2                GAP_PeriConnRegister
 .text.GAP_PeripheralParamInit
                0x000000000000a1e0       0x6c /Users/jeffery/dev/arduino/wch/ch583-main/EVT/EXAM/BLE/LIB/libCH58xBLE.a(gap_peripheral.o)
                0x000000000000a1e0                GAP_PeripheralParamInit
 .text.gapSendMakeDiscEvent
                0x000000000000a24c       0x50 /Users/jeffery/dev/arduino/wch/ch583-main/EVT/EXAM/BLE/LIB/libCH58xBLE.a(gap_peripheral.o)
                0x000000000000a24c                gapSendMakeDiscEvent
 .text.gapWriteAdvEnableStatus
                0x000000000000a29c      0x110 /Users/jeffery/dev/arduino/wch/ch583-main/EVT/EXAM/BLE/LIB/libCH58xBLE.a(gap_peripheral.o)
 .text.gapSendMakePeriodicEvent
                0x000000000000a3ac       0x3a /Users/jeffery/dev/arduino/wch/ch583-main/EVT/EXAM/BLE/LIB/libCH58xBLE.a(gap_peripheral.o)
                0x000000000000a3ac                gapSendMakePeriodicEvent
 .text.gapSendMakeConnectionlessCTEEvent
                0x000000000000a3e6       0x3a /Users/jeffery/dev/arduino/wch/ch583-main/EVT/EXAM/BLE/LIB/libCH58xBLE.a(gap_peripheral.o)
                0x000000000000a3e6                gapSendMakeConnectionlessCTEEvent
 .text.gapPeriProcessHCICmdCompleteEvt
                0x000000000000a420      0x22e /Users/jeffery/dev/arduino/wch/ch583-main/EVT/EXAM/BLE/LIB/libCH58xBLE.a(gap_peripheral.o)
 .text.GAP_PeriDevMgrInit
                0x000000000000a64e       0x2e /Users/jeffery/dev/arduino/wch/ch583-main/EVT/EXAM/BLE/LIB/libCH58xBLE.a(gap_peripheral.o)
                0x000000000000a64e                GAP_PeriDevMgrInit
 .text.ggs_SetAttrWPermit
                0x000000000000a67c       0x68 /Users/jeffery/dev/arduino/wch/ch583-main/EVT/EXAM/BLE/LIB/libCH58xBLE.a(gapgattserver.o)
 .text.ggs_ReadAttrCB
                0x000000000000a6e4      0x156 /Users/jeffery/dev/arduino/wch/ch583-main/EVT/EXAM/BLE/LIB/libCH58xBLE.a(gapgattserver.o)
 .text.ggs_WriteAttrCB
                0x000000000000a83a      0x162 /Users/jeffery/dev/arduino/wch/ch583-main/EVT/EXAM/BLE/LIB/libCH58xBLE.a(gapgattserver.o)
 .text.GGS_ParamInit
                0x000000000000a99c      0x15c /Users/jeffery/dev/arduino/wch/ch583-main/EVT/EXAM/BLE/LIB/libCH58xBLE.a(gapgattserver.o)
                0x000000000000a99c                GGS_ParamInit
 .text.GGS_SetParameter
                0x000000000000aaf8      0x116 /Users/jeffery/dev/arduino/wch/ch583-main/EVT/EXAM/BLE/LIB/libCH58xBLE.a(gapgattserver.o)
                0x000000000000aaf8                GGS_SetParameter
 .text.GGS_AddService
                0x000000000000ac0e       0x2c /Users/jeffery/dev/arduino/wch/ch583-main/EVT/EXAM/BLE/LIB/libCH58xBLE.a(gapgattserver.o)
                0x000000000000ac0e                GGS_AddService
 .text.GAP_DeviceInit
                0x000000000000ac3a       0xd8 /Users/jeffery/dev/arduino/wch/ch583-main/EVT/EXAM/BLE/LIB/libCH58xBLE.a(gapgattserver.o)
                0x000000000000ac3a                GAP_DeviceInit
 .text.gattGetPayload
                0x000000000000ad12       0x7e /Users/jeffery/dev/arduino/wch/ch583-main/EVT/EXAM/BLE/LIB/libCH58xBLE.a(gatt.o)
                0x000000000000ad12                gattGetPayload
 .text.gattNotifyEvent
                0x000000000000ad90       0x84 /Users/jeffery/dev/arduino/wch/ch583-main/EVT/EXAM/BLE/LIB/libCH58xBLE.a(gatt.o)
                0x000000000000ad90                gattNotifyEvent
 .text.gattSendFlowCtrlEvt
                0x000000000000ae14       0x52 /Users/jeffery/dev/arduino/wch/ch583-main/EVT/EXAM/BLE/LIB/libCH58xBLE.a(gatt.o)
                0x000000000000ae14                gattSendFlowCtrlEvt
 .text.gattStartTimer
                0x000000000000ae66        0xc /Users/jeffery/dev/arduino/wch/ch583-main/EVT/EXAM/BLE/LIB/libCH58xBLE.a(gatt.o)
                0x000000000000ae66                gattStartTimer
 .text.gattStopTimer
                0x000000000000ae72       0x32 /Users/jeffery/dev/arduino/wch/ch583-main/EVT/EXAM/BLE/LIB/libCH58xBLE.a(gatt.o)
                0x000000000000ae72                gattStopTimer
 .text.GATT_AppCompletedMsg
                0x000000000000aea4       0x30 /Users/jeffery/dev/arduino/wch/ch583-main/EVT/EXAM/BLE/LIB/libCH58xBLE.a(gatt.o)
                0x000000000000aea4                GATT_AppCompletedMsg
 .text.GATT_NotifyEvent
                0x000000000000aed4       0x56 /Users/jeffery/dev/arduino/wch/ch583-main/EVT/EXAM/BLE/LIB/libCH58xBLE.a(gatt.o)
                0x000000000000aed4                GATT_NotifyEvent
 .text.gattRegisterServer
                0x000000000000af2a        0x6 /Users/jeffery/dev/arduino/wch/ch583-main/EVT/EXAM/BLE/LIB/libCH58xBLE.a(gatt.o)
                0x000000000000af2a                gattRegisterServer
 .text.GATT_UpdateMTU
                0x000000000000af30       0x5a /Users/jeffery/dev/arduino/wch/ch583-main/EVT/EXAM/BLE/LIB/libCH58xBLE.a(gatt.o)
                0x000000000000af30                GATT_UpdateMTU
 .text.GATT_bm_alloc
                0x000000000000af8a       0xe8 /Users/jeffery/dev/arduino/wch/ch583-main/EVT/EXAM/BLE/LIB/libCH58xBLE.a(gatt.o)
                0x000000000000af8a                GATT_bm_alloc
 .text.GATT_ServiceChangedInd
                0x000000000000b072       0x94 /Users/jeffery/dev/arduino/wch/ch583-main/EVT/EXAM/BLE/LIB/libCH58xBLE.a(gatt.o)
                0x000000000000b072                GATT_ServiceChangedInd
 .text.GATT_bm_free
                0x000000000000b106       0x1c /Users/jeffery/dev/arduino/wch/ch583-main/EVT/EXAM/BLE/LIB/libCH58xBLE.a(gatt.o)
                0x000000000000b106                GATT_bm_free
 .text.GATT_Init
                0x000000000000b122       0x2a /Users/jeffery/dev/arduino/wch/ch583-main/EVT/EXAM/BLE/LIB/libCH58xBLE.a(gatt.o)
                0x000000000000b122                GATT_Init
 .text.GATT_ProcessEvent
                0x000000000000b14c      0x13a /Users/jeffery/dev/arduino/wch/ch583-main/EVT/EXAM/BLE/LIB/libCH58xBLE.a(gatt.o)
                0x000000000000b14c                GATT_ProcessEvent
 .text.gattProcessExchangeMTUReq
                0x000000000000b286        0x4 /Users/jeffery/dev/arduino/wch/ch583-main/EVT/EXAM/BLE/LIB/libCH58xBLE.a(gattservapp.o)
 .text.gattServApp_FindCharCfgItem
                0x000000000000b28a       0x24 /Users/jeffery/dev/arduino/wch/ch583-main/EVT/EXAM/BLE/LIB/libCH58xBLE.a(gattservapp.o)
 .text.gattServerHandleTimerCB
                0x000000000000b2ae       0x3c /Users/jeffery/dev/arduino/wch/ch583-main/EVT/EXAM/BLE/LIB/libCH58xBLE.a(gattservapp.o)
 .text.GATTServApp_InitCharCfg.part.12
                0x000000000000b2ea       0x20 /Users/jeffery/dev/arduino/wch/ch583-main/EVT/EXAM/BLE/LIB/libCH58xBLE.a(gattservapp.o)
 .text.gattProcessExecuteWriteReq
                0x000000000000b30a        0x4 /Users/jeffery/dev/arduino/wch/ch583-main/EVT/EXAM/BLE/LIB/libCH58xBLE.a(gattservapp.o)
 .text.GATTServApp_ParamInit
                0x000000000000b30e       0xd6 /Users/jeffery/dev/arduino/wch/ch583-main/EVT/EXAM/BLE/LIB/libCH58xBLE.a(gattservapp.o)
                0x000000000000b30e                GATTServApp_ParamInit
 .text.GATTServApp_ReadCharCfg
                0x000000000000b3e4       0x18 /Users/jeffery/dev/arduino/wch/ch583-main/EVT/EXAM/BLE/LIB/libCH58xBLE.a(gattservapp.o)
                0x000000000000b3e4                GATTServApp_ReadCharCfg
 .text.GATTServApp_WriteCharCfg
                0x000000000000b3fc       0x3c /Users/jeffery/dev/arduino/wch/ch583-main/EVT/EXAM/BLE/LIB/libCH58xBLE.a(gattservapp.o)
                0x000000000000b3fc                GATTServApp_WriteCharCfg
 .text.GATTServApp_ProcessCCCWriteReq
                0x000000000000b438       0x60 /Users/jeffery/dev/arduino/wch/ch583-main/EVT/EXAM/BLE/LIB/libCH58xBLE.a(gattservapp.o)
                0x000000000000b438                GATTServApp_ProcessCCCWriteReq
 .text.gattServApp_WriteAttrCB
                0x000000000000b498       0x34 /Users/jeffery/dev/arduino/wch/ch583-main/EVT/EXAM/BLE/LIB/libCH58xBLE.a(gattservapp.o)
                0x000000000000b498                gattServApp_WriteAttrCB
 .text.GATTServApp_SendCCCUpdatedEvent
                0x000000000000b4cc       0x5e /Users/jeffery/dev/arduino/wch/ch583-main/EVT/EXAM/BLE/LIB/libCH58xBLE.a(gattservapp.o)
                0x000000000000b4cc                GATTServApp_SendCCCUpdatedEvent
 .text.GATTServApp_SendServiceChangedInd
                0x000000000000b52a       0x36 /Users/jeffery/dev/arduino/wch/ch583-main/EVT/EXAM/BLE/LIB/libCH58xBLE.a(gattservapp.o)
                0x000000000000b52a                GATTServApp_SendServiceChangedInd
 .text.gattServApp_ClearPrepareWriteQ
                0x000000000000b560       0x50 /Users/jeffery/dev/arduino/wch/ch583-main/EVT/EXAM/BLE/LIB/libCH58xBLE.a(gattservapp.o)
                0x000000000000b560                gattServApp_ClearPrepareWriteQ
 .text.gattServApp_FindPrepareWriteQ
                0x000000000000b5b0       0x30 /Users/jeffery/dev/arduino/wch/ch583-main/EVT/EXAM/BLE/LIB/libCH58xBLE.a(gattservapp.o)
                0x000000000000b5b0                gattServApp_FindPrepareWriteQ
 .text.gattServApp_FindServiceCBs
                0x000000000000b5e0       0x18 /Users/jeffery/dev/arduino/wch/ch583-main/EVT/EXAM/BLE/LIB/libCH58xBLE.a(gattservapp.o)
                0x000000000000b5e0                gattServApp_FindServiceCBs
 .text.gattServApp_FindAuthorizeAttrCB
                0x000000000000b5f8       0x16 /Users/jeffery/dev/arduino/wch/ch583-main/EVT/EXAM/BLE/LIB/libCH58xBLE.a(gattservapp.o)
                0x000000000000b5f8                gattServApp_FindAuthorizeAttrCB
 .text.gattServApp_IsWriteLong
                0x000000000000b60e       0xea /Users/jeffery/dev/arduino/wch/ch583-main/EVT/EXAM/BLE/LIB/libCH58xBLE.a(gattservapp.o)
                0x000000000000b60e                gattServApp_IsWriteLong
 .text.gattFindService
                0x000000000000b6f8       0x1c /Users/jeffery/dev/arduino/wch/ch583-main/EVT/EXAM/BLE/LIB/libCH58xBLE.a(gattservapp.o)
                0x000000000000b6f8                gattFindService
 .text.GATT_ServiceNumAttrs
                0x000000000000b714       0x18 /Users/jeffery/dev/arduino/wch/ch583-main/EVT/EXAM/BLE/LIB/libCH58xBLE.a(gattservapp.o)
                0x000000000000b714                GATT_ServiceNumAttrs
 .text.GATT_ServiceEncKeySize
                0x000000000000b72c       0x18 /Users/jeffery/dev/arduino/wch/ch583-main/EVT/EXAM/BLE/LIB/libCH58xBLE.a(gattservapp.o)
                0x000000000000b72c                GATT_ServiceEncKeySize
 .text.GATT_VerifyWritePermissions.part.7
                0x000000000000b744       0x2e /Users/jeffery/dev/arduino/wch/ch583-main/EVT/EXAM/BLE/LIB/libCH58xBLE.a(gattservapp.o)
 .text.gattResetServerInfo
                0x000000000000b772       0x1c /Users/jeffery/dev/arduino/wch/ch583-main/EVT/EXAM/BLE/LIB/libCH58xBLE.a(gattservapp.o)
                0x000000000000b772                gattResetServerInfo
 .text.gattFindServerInfo
                0x000000000000b78e       0x2c /Users/jeffery/dev/arduino/wch/ch583-main/EVT/EXAM/BLE/LIB/libCH58xBLE.a(gattservapp.o)
                0x000000000000b78e                gattFindServerInfo
 .text.gattServerHandleConnStatusCB
                0x000000000000b7ba       0x98 /Users/jeffery/dev/arduino/wch/ch583-main/EVT/EXAM/BLE/LIB/libCH58xBLE.a(gattservapp.o)
                0x000000000000b7ba                gattServerHandleConnStatusCB
 .text.gattServerProcessMsgCB
                0x000000000000b852      0x1c0 /Users/jeffery/dev/arduino/wch/ch583-main/EVT/EXAM/BLE/LIB/libCH58xBLE.a(gattservapp.o)
                0x000000000000b852                gattServerProcessMsgCB
 .text.gattServerNotifyTxCB
                0x000000000000ba12       0x28 /Users/jeffery/dev/arduino/wch/ch583-main/EVT/EXAM/BLE/LIB/libCH58xBLE.a(gattservapp.o)
 .text.GATT_FindHandle
                0x000000000000ba3a       0x4a /Users/jeffery/dev/arduino/wch/ch583-main/EVT/EXAM/BLE/LIB/libCH58xBLE.a(gattservapp.o)
                0x000000000000ba3a                GATT_FindHandle
 .text.GATTServApp_WriteAttr
                0x000000000000ba84       0xa8 /Users/jeffery/dev/arduino/wch/ch583-main/EVT/EXAM/BLE/LIB/libCH58xBLE.a(gattservapp.o)
                0x000000000000ba84                GATTServApp_WriteAttr
 .text.gattServApp_ProcessExecuteWriteReq
                0x000000000000bb2c      0x100 /Users/jeffery/dev/arduino/wch/ch583-main/EVT/EXAM/BLE/LIB/libCH58xBLE.a(gattservapp.o)
                0x000000000000bb2c                gattServApp_ProcessExecuteWriteReq
 .text.GATTServApp_UpdateCharCfg
                0x000000000000bc2c       0x1e /Users/jeffery/dev/arduino/wch/ch583-main/EVT/EXAM/BLE/LIB/libCH58xBLE.a(gattservapp.o)
                0x000000000000bc2c                GATTServApp_UpdateCharCfg
 .text.gattServApp_ProcessPrepareWriteReq
                0x000000000000bc4a      0x10e /Users/jeffery/dev/arduino/wch/ch583-main/EVT/EXAM/BLE/LIB/libCH58xBLE.a(gattservapp.o)
                0x000000000000bc4a                gattServApp_ProcessPrepareWriteReq
 .text.gattServApp_ProcessWriteReq
                0x000000000000bd58       0xb0 /Users/jeffery/dev/arduino/wch/ch583-main/EVT/EXAM/BLE/LIB/libCH58xBLE.a(gattservapp.o)
                0x000000000000bd58                gattServApp_ProcessWriteReq
 .text.GATT_Indication
                0x000000000000be08       0xa4 /Users/jeffery/dev/arduino/wch/ch583-main/EVT/EXAM/BLE/LIB/libCH58xBLE.a(gattservapp.o)
                0x000000000000be08                GATT_Indication
 .text.GATT_FindHandleUUID
                0x000000000000beac       0x94 /Users/jeffery/dev/arduino/wch/ch583-main/EVT/EXAM/BLE/LIB/libCH58xBLE.a(gattservapp.o)
                0x000000000000beac                GATT_FindHandleUUID
 .text.gattProcessReadByGrpTypeReq
                0x000000000000bf40       0x60 /Users/jeffery/dev/arduino/wch/ch583-main/EVT/EXAM/BLE/LIB/libCH58xBLE.a(gattservapp.o)
 .text.gattProcessReadByTypeReq
                0x000000000000bfa0       0x34 /Users/jeffery/dev/arduino/wch/ch583-main/EVT/EXAM/BLE/LIB/libCH58xBLE.a(gattservapp.o)
 .text.gattProcessFindByTypeValueReq
                0x000000000000bfd4       0x34 /Users/jeffery/dev/arduino/wch/ch583-main/EVT/EXAM/BLE/LIB/libCH58xBLE.a(gattservapp.o)
 .text.gattProcessFindInfoReq
                0x000000000000c008      0x1aa /Users/jeffery/dev/arduino/wch/ch583-main/EVT/EXAM/BLE/LIB/libCH58xBLE.a(gattservapp.o)
 .text.GATT_Notification
                0x000000000000c1b2       0x70 /Users/jeffery/dev/arduino/wch/ch583-main/EVT/EXAM/BLE/LIB/libCH58xBLE.a(gattservapp.o)
                0x000000000000c1b2                GATT_Notification
 .text.GATT_VerifyWritePermissions
                0x000000000000c222       0x6a /Users/jeffery/dev/arduino/wch/ch583-main/EVT/EXAM/BLE/LIB/libCH58xBLE.a(gattservapp.o)
                0x000000000000c222                GATT_VerifyWritePermissions
 .text.gattProcessWriteReq
                0x000000000000c28c       0x36 /Users/jeffery/dev/arduino/wch/ch583-main/EVT/EXAM/BLE/LIB/libCH58xBLE.a(gattservapp.o)
 .text.GATT_VerifyPrepareWritePermissions
                0x000000000000c2c2       0x56 /Users/jeffery/dev/arduino/wch/ch583-main/EVT/EXAM/BLE/LIB/libCH58xBLE.a(gattservapp.o)
                0x000000000000c2c2                GATT_VerifyPrepareWritePermissions
 .text.gattProcessPrepareWriteReq
                0x000000000000c318       0x36 /Users/jeffery/dev/arduino/wch/ch583-main/EVT/EXAM/BLE/LIB/libCH58xBLE.a(gattservapp.o)
 .text.GATT_FindNextAttr
                0x000000000000c34e       0xc2 /Users/jeffery/dev/arduino/wch/ch583-main/EVT/EXAM/BLE/LIB/libCH58xBLE.a(gattservapp.o)
                0x000000000000c34e                GATT_FindNextAttr
 .text.GATTServApp_ReadAttr
                0x000000000000c410      0x2ea /Users/jeffery/dev/arduino/wch/ch583-main/EVT/EXAM/BLE/LIB/libCH58xBLE.a(gattservapp.o)
                0x000000000000c410                GATTServApp_ReadAttr
 .text.gattServApp_ProcessReadMultiReq
                0x000000000000c6fa      0x16e /Users/jeffery/dev/arduino/wch/ch583-main/EVT/EXAM/BLE/LIB/libCH58xBLE.a(gattservapp.o)
                0x000000000000c6fa                gattServApp_ProcessReadMultiReq
 .text.gattServApp_ProcessFindByTypeValueReq
                0x000000000000c868      0x1a0 /Users/jeffery/dev/arduino/wch/ch583-main/EVT/EXAM/BLE/LIB/libCH58xBLE.a(gattservapp.o)
                0x000000000000c868                gattServApp_ProcessFindByTypeValueReq
 .text.GATT_VerifyReadPermissions
                0x000000000000ca08       0x68 /Users/jeffery/dev/arduino/wch/ch583-main/EVT/EXAM/BLE/LIB/libCH58xBLE.a(gattservapp.o)
                0x000000000000ca08                GATT_VerifyReadPermissions
 .text.gattProcessReadMultiReq
                0x000000000000ca70       0xae /Users/jeffery/dev/arduino/wch/ch583-main/EVT/EXAM/BLE/LIB/libCH58xBLE.a(gattservapp.o)
 .text.gattProcessReadReq
                0x000000000000cb1e       0x30 /Users/jeffery/dev/arduino/wch/ch583-main/EVT/EXAM/BLE/LIB/libCH58xBLE.a(gattservapp.o)
 .text.gattServApp_ProcessReadByGrpTypeReq
                0x000000000000cb4e      0x21c /Users/jeffery/dev/arduino/wch/ch583-main/EVT/EXAM/BLE/LIB/libCH58xBLE.a(gattservapp.o)
                0x000000000000cb4e                gattServApp_ProcessReadByGrpTypeReq
 .text.gattServApp_ProcessReadByTypeReq
                0x000000000000cd6a      0x1ae /Users/jeffery/dev/arduino/wch/ch583-main/EVT/EXAM/BLE/LIB/libCH58xBLE.a(gattservapp.o)
                0x000000000000cd6a                gattServApp_ProcessReadByTypeReq
 .text.GATT_RegisterService
                0x000000000000cf18      0x100 /Users/jeffery/dev/arduino/wch/ch583-main/EVT/EXAM/BLE/LIB/libCH58xBLE.a(gattservapp.o)
                0x000000000000cf18                GATT_RegisterService
 .text.GATTServApp_RegisterService
                0x000000000000d018       0x7c /Users/jeffery/dev/arduino/wch/ch583-main/EVT/EXAM/BLE/LIB/libCH58xBLE.a(gattservapp.o)
                0x000000000000d018                GATTServApp_RegisterService
 .text.GATTServApp_AddService
                0x000000000000d094       0x2c /Users/jeffery/dev/arduino/wch/ch583-main/EVT/EXAM/BLE/LIB/libCH58xBLE.a(gattservapp.o)
                0x000000000000d094                GATTServApp_AddService
 .text.GATTServApp_RegisterForMsg
                0x000000000000d0c0        0x6 /Users/jeffery/dev/arduino/wch/ch583-main/EVT/EXAM/BLE/LIB/libCH58xBLE.a(gattservapp.o)
                0x000000000000d0c0                GATTServApp_RegisterForMsg
 .text.GATTServApp_InitCharCfg
                0x000000000000d0c6       0x28 /Users/jeffery/dev/arduino/wch/ch583-main/EVT/EXAM/BLE/LIB/libCH58xBLE.a(gattservapp.o)
                0x000000000000d0c6                GATTServApp_InitCharCfg
 .text.gattServApp_HandleConnStatusCB
                0x000000000000d0ee       0x74 /Users/jeffery/dev/arduino/wch/ch583-main/EVT/EXAM/BLE/LIB/libCH58xBLE.a(gattservapp.o)
                0x000000000000d0ee                gattServApp_HandleConnStatusCB
 .text.GATT_InitServer
                0x000000000000d162       0xfa /Users/jeffery/dev/arduino/wch/ch583-main/EVT/EXAM/BLE/LIB/libCH58xBLE.a(gattservapp.o)
                0x000000000000d162                GATT_InitServer
 .text.GATTServApp_Init
                0x000000000000d25c       0x34 /Users/jeffery/dev/arduino/wch/ch583-main/EVT/EXAM/BLE/LIB/libCH58xBLE.a(gattservapp.o)
                0x000000000000d25c                GATTServApp_Init
 .text.GATTServApp_ProcessEvent
                0x000000000000d290      0x36a /Users/jeffery/dev/arduino/wch/ch583-main/EVT/EXAM/BLE/LIB/libCH58xBLE.a(gattservapp.o)
                0x000000000000d290                GATTServApp_ProcessEvent
 .text.l2capAllocConnChannel
                0x000000000000d5fa       0xe0 /Users/jeffery/dev/arduino/wch/ch583-main/EVT/EXAM/BLE/LIB/libCH58xBLE.a(l2cap.o)
                0x000000000000d5fa                l2capAllocConnChannel
 .text.l2capFindLocalCID
                0x000000000000d6da       0x2c /Users/jeffery/dev/arduino/wch/ch583-main/EVT/EXAM/BLE/LIB/libCH58xBLE.a(l2cap.o)
                0x000000000000d6da                l2capFindLocalCID
 .text.l2capFindLocalId
                0x000000000000d706       0x30 /Users/jeffery/dev/arduino/wch/ch583-main/EVT/EXAM/BLE/LIB/libCH58xBLE.a(l2cap.o)
                0x000000000000d706                l2capFindLocalId
 .text.l2capFindPsm
                0x000000000000d736       0x30 /Users/jeffery/dev/arduino/wch/ch583-main/EVT/EXAM/BLE/LIB/libCH58xBLE.a(l2cap.o)
                0x000000000000d736                l2capFindPsm
 .text.l2capFindRemoteCID
                0x000000000000d766       0x3c /Users/jeffery/dev/arduino/wch/ch583-main/EVT/EXAM/BLE/LIB/libCH58xBLE.a(l2cap.o)
                0x000000000000d766                l2capFindRemoteCID
 .text.l2capFreeChannel
                0x000000000000d7a2       0x4e /Users/jeffery/dev/arduino/wch/ch583-main/EVT/EXAM/BLE/LIB/libCH58xBLE.a(l2cap.o)
                0x000000000000d7a2                l2capFreeChannel
 .text.l2capDisconnectChannel
                0x000000000000d7f0       0x28 /Users/jeffery/dev/arduino/wch/ch583-main/EVT/EXAM/BLE/LIB/libCH58xBLE.a(l2cap.o)
                0x000000000000d7f0                l2capDisconnectChannel
 .text.l2capHandleTimerCB
                0x000000000000d818       0x2c /Users/jeffery/dev/arduino/wch/ch583-main/EVT/EXAM/BLE/LIB/libCH58xBLE.a(l2cap.o)
                0x000000000000d818                l2capHandleTimerCB
 .text.l2capFreePendingPkt
                0x000000000000d844       0x58 /Users/jeffery/dev/arduino/wch/ch583-main/EVT/EXAM/BLE/LIB/libCH58xBLE.a(l2cap.o)
                0x000000000000d844                l2capFreePendingPkt
 .text.l2capGetCoChannelInfo
                0x000000000000d89c       0x86 /Users/jeffery/dev/arduino/wch/ch583-main/EVT/EXAM/BLE/LIB/libCH58xBLE.a(l2cap.o)
                0x000000000000d89c                l2capGetCoChannelInfo
 .text.l2capNumActiveChannnels
                0x000000000000d922       0x48 /Users/jeffery/dev/arduino/wch/ch583-main/EVT/EXAM/BLE/LIB/libCH58xBLE.a(l2cap.o)
                0x000000000000d922                l2capNumActiveChannnels
 .text.l2capStartTimer
                0x000000000000d96a       0x1a /Users/jeffery/dev/arduino/wch/ch583-main/EVT/EXAM/BLE/LIB/libCH58xBLE.a(l2cap.o)
                0x000000000000d96a                l2capStartTimer
 .text.l2capStopTimer
                0x000000000000d984       0x1e /Users/jeffery/dev/arduino/wch/ch583-main/EVT/EXAM/BLE/LIB/libCH58xBLE.a(l2cap.o)
                0x000000000000d984                l2capStopTimer
 .text.l2capDisconnectAllChannels
                0x000000000000d9a2       0xdc /Users/jeffery/dev/arduino/wch/ch583-main/EVT/EXAM/BLE/LIB/libCH58xBLE.a(l2cap.o)
                0x000000000000d9a2                l2capDisconnectAllChannels
 .text.l2capHandleConnStatusCB
                0x000000000000da7e       0x3c /Users/jeffery/dev/arduino/wch/ch583-main/EVT/EXAM/BLE/LIB/libCH58xBLE.a(l2cap.o)
                0x000000000000da7e                l2capHandleConnStatusCB
 .text.l2capHandleRxError
                0x000000000000daba        0x6 /Users/jeffery/dev/arduino/wch/ch583-main/EVT/EXAM/BLE/LIB/libCH58xBLE.a(l2cap.o)
                0x000000000000daba                l2capHandleRxError
 .text.L2CAP_GetMTU
                0x000000000000dac0        0x6 /Users/jeffery/dev/arduino/wch/ch583-main/EVT/EXAM/BLE/LIB/libCH58xBLE.a(l2cap.o)
                0x000000000000dac0                L2CAP_GetMTU
 .text.L2CAP_HostNumCompletedPkts
                0x000000000000dac6       0x28 /Users/jeffery/dev/arduino/wch/ch583-main/EVT/EXAM/BLE/LIB/libCH58xBLE.a(l2cap.o)
                0x000000000000dac6                L2CAP_HostNumCompletedPkts
 .text.L2CAP_ParseConnectReq
                0x000000000000daee       0x5e /Users/jeffery/dev/arduino/wch/ch583-main/EVT/EXAM/BLE/LIB/libCH58xBLE.a(l2cap.o)
                0x000000000000daee                L2CAP_ParseConnectReq
 .text.L2CAP_ParseFlowCtrlCredit
                0x000000000000db4c       0x2e /Users/jeffery/dev/arduino/wch/ch583-main/EVT/EXAM/BLE/LIB/libCH58xBLE.a(l2cap.o)
                0x000000000000db4c                L2CAP_ParseFlowCtrlCredit
 .text.L2CAP_RegisterApp
                0x000000000000db7a       0x30 /Users/jeffery/dev/arduino/wch/ch583-main/EVT/EXAM/BLE/LIB/libCH58xBLE.a(l2cap.o)
                0x000000000000db7a                L2CAP_RegisterApp
 .text.L2CAP_SetBufSize
                0x000000000000dbaa       0x1e /Users/jeffery/dev/arduino/wch/ch583-main/EVT/EXAM/BLE/LIB/libCH58xBLE.a(l2cap.o)
                0x000000000000dbaa                L2CAP_SetBufSize
 .text.L2CAP_bm_alloc
                0x000000000000dbc8       0x2a /Users/jeffery/dev/arduino/wch/ch583-main/EVT/EXAM/BLE/LIB/libCH58xBLE.a(l2cap.o)
                0x000000000000dbc8                L2CAP_bm_alloc
 .text.L2CAP_Init
                0x000000000000dbf2      0x15e /Users/jeffery/dev/arduino/wch/ch583-main/EVT/EXAM/BLE/LIB/libCH58xBLE.a(l2cap.o)
                0x000000000000dbf2                L2CAP_Init
 .text.L2CAP_ProcessEvent
                0x000000000000dd50       0xd4 /Users/jeffery/dev/arduino/wch/ch583-main/EVT/EXAM/BLE/LIB/libCH58xBLE.a(l2cap.o)
                0x000000000000dd50                L2CAP_ProcessEvent
 .text.l2capParseCmdReject
                0x000000000000de24       0x5e /Users/jeffery/dev/arduino/wch/ch583-main/EVT/EXAM/BLE/LIB/libCH58xBLE.a(l2cap_input.o)
                0x000000000000de24                l2capParseCmdReject
 .text.l2capParseDisconnectReq
                0x000000000000de82       0x2e /Users/jeffery/dev/arduino/wch/ch583-main/EVT/EXAM/BLE/LIB/libCH58xBLE.a(l2cap_input.o)
                0x000000000000de82                l2capParseDisconnectReq
 .text.l2capParseDisconnectRsp
                0x000000000000deb0       0x2e /Users/jeffery/dev/arduino/wch/ch583-main/EVT/EXAM/BLE/LIB/libCH58xBLE.a(l2cap_input.o)
                0x000000000000deb0                l2capParseDisconnectRsp
 .text.L2CAP_ParseParamUpdateReq
                0x000000000000dede       0x4e /Users/jeffery/dev/arduino/wch/ch583-main/EVT/EXAM/BLE/LIB/libCH58xBLE.a(l2cap_input.o)
                0x000000000000dede                L2CAP_ParseParamUpdateReq
 .text.l2capParseParamUpdateRsp
                0x000000000000df2c       0x1e /Users/jeffery/dev/arduino/wch/ch583-main/EVT/EXAM/BLE/LIB/libCH58xBLE.a(l2cap_input.o)
                0x000000000000df2c                l2capParseParamUpdateRsp
 .text.l2capProcessConnectReq
                0x000000000000df4a       0xfc /Users/jeffery/dev/arduino/wch/ch583-main/EVT/EXAM/BLE/LIB/libCH58xBLE.a(l2cap_input.o)
                0x000000000000df4a                l2capProcessConnectReq
 .text.l2capParseConnectRsp
                0x000000000000e046       0x5e /Users/jeffery/dev/arduino/wch/ch583-main/EVT/EXAM/BLE/LIB/libCH58xBLE.a(l2cap_input.o)
                0x000000000000e046                l2capParseConnectRsp
 .text.l2capParseSignalHdr
                0x000000000000e0a4       0x22 /Users/jeffery/dev/arduino/wch/ch583-main/EVT/EXAM/BLE/LIB/libCH58xBLE.a(l2cap_input.o)
                0x000000000000e0a4                l2capParseSignalHdr
 .text.l2capParsePacket
                0x000000000000e0c6       0x8c /Users/jeffery/dev/arduino/wch/ch583-main/EVT/EXAM/BLE/LIB/libCH58xBLE.a(l2cap_input.o)
                0x000000000000e0c6                l2capParsePacket
 .text.l2capProcessReq
                0x000000000000e152      0x15e /Users/jeffery/dev/arduino/wch/ch583-main/EVT/EXAM/BLE/LIB/libCH58xBLE.a(l2cap_input.o)
                0x000000000000e152                l2capProcessReq
 .text.l2capProcessRsp
                0x000000000000e2b0      0x150 /Users/jeffery/dev/arduino/wch/ch583-main/EVT/EXAM/BLE/LIB/libCH58xBLE.a(l2cap_input.o)
                0x000000000000e2b0                l2capProcessRsp
 .text.l2capProcessRxData
                0x000000000000e400       0xf8 /Users/jeffery/dev/arduino/wch/ch583-main/EVT/EXAM/BLE/LIB/libCH58xBLE.a(l2cap_input.o)
                0x000000000000e400                l2capProcessRxData
 .text.l2capNotifyData
                0x000000000000e4f8       0x5e /Users/jeffery/dev/arduino/wch/ch583-main/EVT/EXAM/BLE/LIB/libCH58xBLE.a(l2cap_output.o)
                0x000000000000e4f8                l2capNotifyData
 .text.l2capNotifySignal
                0x000000000000e556       0x7a /Users/jeffery/dev/arduino/wch/ch583-main/EVT/EXAM/BLE/LIB/libCH58xBLE.a(l2cap_output.o)
                0x000000000000e556                l2capNotifySignal
 .text.l2capNotifyCreditEvt
                0x000000000000e5d0       0xa4 /Users/jeffery/dev/arduino/wch/ch583-main/EVT/EXAM/BLE/LIB/libCH58xBLE.a(l2cap_output.o)
                0x000000000000e5d0                l2capNotifyCreditEvt
 .text.l2capNotifyChannelEstEvt
                0x000000000000e674       0x5c /Users/jeffery/dev/arduino/wch/ch583-main/EVT/EXAM/BLE/LIB/libCH58xBLE.a(l2cap_output.o)
                0x000000000000e674                l2capNotifyChannelEstEvt
 .text.l2capNotifyChannelTermEvt
                0x000000000000e6d0       0x3e /Users/jeffery/dev/arduino/wch/ch583-main/EVT/EXAM/BLE/LIB/libCH58xBLE.a(l2cap_output.o)
                0x000000000000e6d0                l2capNotifyChannelTermEvt
 .text.l2capNotifyEvent
                0x000000000000e70e       0x66 /Users/jeffery/dev/arduino/wch/ch583-main/EVT/EXAM/BLE/LIB/libCH58xBLE.a(l2cap_output.o)
                0x000000000000e70e                l2capNotifyEvent
 .text.l2capStoreFCPkt
                0x000000000000e774       0x32 /Users/jeffery/dev/arduino/wch/ch583-main/EVT/EXAM/BLE/LIB/libCH58xBLE.a(l2cap_output.o)
                0x000000000000e774                l2capStoreFCPkt
 .text.l2capFreeTxSDU
                0x000000000000e7a6       0x9e /Users/jeffery/dev/arduino/wch/ch583-main/EVT/EXAM/BLE/LIB/libCH58xBLE.a(l2cap_output.o)
                0x000000000000e7a6                l2capFreeTxSDU
 .text.l2capReassembleSegment
                0x000000000000e844      0x178 /Users/jeffery/dev/arduino/wch/ch583-main/EVT/EXAM/BLE/LIB/libCH58xBLE.a(l2cap_output.o)
                0x000000000000e844                l2capReassembleSegment
 .text.l2capEncapSendData
                0x000000000000e9bc       0xf0 /Users/jeffery/dev/arduino/wch/ch583-main/EVT/EXAM/BLE/LIB/libCH58xBLE.a(l2cap_output.o)
                0x000000000000e9bc                l2capEncapSendData
 .text.l2capSendFCPkt.part.3
                0x000000000000eaac       0x70 /Users/jeffery/dev/arduino/wch/ch583-main/EVT/EXAM/BLE/LIB/libCH58xBLE.a(l2cap_output.o)
 .text.l2capSendSegment
                0x000000000000eb1c      0x108 /Users/jeffery/dev/arduino/wch/ch583-main/EVT/EXAM/BLE/LIB/libCH58xBLE.a(l2cap_output.o)
                0x000000000000eb1c                l2capSendSegment
 .text.l2capSendNextSegment
                0x000000000000ec24       0xb4 /Users/jeffery/dev/arduino/wch/ch583-main/EVT/EXAM/BLE/LIB/libCH58xBLE.a(l2cap_output.o)
                0x000000000000ec24                l2capSendNextSegment
 .text.l2capSendPkt
                0x000000000000ecd8       0x3a /Users/jeffery/dev/arduino/wch/ch583-main/EVT/EXAM/BLE/LIB/libCH58xBLE.a(l2cap_output.o)
                0x000000000000ecd8                l2capSendPkt
 .text.L2CAP_SendData
                0x000000000000ed12       0x82 /Users/jeffery/dev/arduino/wch/ch583-main/EVT/EXAM/BLE/LIB/libCH58xBLE.a(l2cap_output.o)
                0x000000000000ed12                L2CAP_SendData
 .text.l2capSendCmd
                0x000000000000ed94       0x8a /Users/jeffery/dev/arduino/wch/ch583-main/EVT/EXAM/BLE/LIB/libCH58xBLE.a(l2cap_output.o)
                0x000000000000ed94                l2capSendCmd
 .text.l2capSendReq
                0x000000000000ee1e       0xc8 /Users/jeffery/dev/arduino/wch/ch583-main/EVT/EXAM/BLE/LIB/libCH58xBLE.a(l2cap_output.o)
                0x000000000000ee1e                l2capSendReq
 .text.l2capBuildDisconnectReq
                0x000000000000eee6       0x28 /Users/jeffery/dev/arduino/wch/ch583-main/EVT/EXAM/BLE/LIB/libCH58xBLE.a(l2cap_sdu.o)
 .text.l2capBuildParamUpdateReq
                0x000000000000ef0e       0x4c /Users/jeffery/dev/arduino/wch/ch583-main/EVT/EXAM/BLE/LIB/libCH58xBLE.a(l2cap_sdu.o)
 .text.l2capBuildParamUpdateRsp
                0x000000000000ef5a       0x16 /Users/jeffery/dev/arduino/wch/ch583-main/EVT/EXAM/BLE/LIB/libCH58xBLE.a(l2cap_sdu.o)
 .text.l2capBuildConnectRsp
                0x000000000000ef70       0x5e /Users/jeffery/dev/arduino/wch/ch583-main/EVT/EXAM/BLE/LIB/libCH58xBLE.a(l2cap_sdu.o)
 .text.l2capBuildCmdReject
                0x000000000000efce       0x62 /Users/jeffery/dev/arduino/wch/ch583-main/EVT/EXAM/BLE/LIB/libCH58xBLE.a(l2cap_sdu.o)
                0x000000000000efce                l2capBuildCmdReject
 .text.l2capBuildDisconnectRsp
                0x000000000000f030       0x28 /Users/jeffery/dev/arduino/wch/ch583-main/EVT/EXAM/BLE/LIB/libCH58xBLE.a(l2cap_sdu.o)
                0x000000000000f030                l2capBuildDisconnectRsp
 .text.l2capSendConnectRsp
                0x000000000000f058       0xaa /Users/jeffery/dev/arduino/wch/ch583-main/EVT/EXAM/BLE/LIB/libCH58xBLE.a(l2cap_sdu.o)
                0x000000000000f058                l2capSendConnectRsp
 .text.L2CAP_CmdReject
                0x000000000000f102       0x12 /Users/jeffery/dev/arduino/wch/ch583-main/EVT/EXAM/BLE/LIB/libCH58xBLE.a(l2cap_sdu.o)
                0x000000000000f102                L2CAP_CmdReject
 .text.L2CAP_DisconnectReq
                0x000000000000f114       0x2a /Users/jeffery/dev/arduino/wch/ch583-main/EVT/EXAM/BLE/LIB/libCH58xBLE.a(l2cap_sdu.o)
                0x000000000000f114                L2CAP_DisconnectReq
 .text.L2CAP_ConnParamUpdateReq
                0x000000000000f13e       0x16 /Users/jeffery/dev/arduino/wch/ch583-main/EVT/EXAM/BLE/LIB/libCH58xBLE.a(l2cap_sdu.o)
                0x000000000000f13e                L2CAP_ConnParamUpdateReq
 .text.L2CAP_ConnParamUpdateRsp
                0x000000000000f154       0x12 /Users/jeffery/dev/arduino/wch/ch583-main/EVT/EXAM/BLE/LIB/libCH58xBLE.a(l2cap_sdu.o)
                0x000000000000f154                L2CAP_ConnParamUpdateRsp
 .text.reportStatusChange
                0x000000000000f166       0x3e /Users/jeffery/dev/arduino/wch/ch583-main/EVT/EXAM/BLE/LIB/libCH58xBLE.a(linkdb.o)
 .text.linkDB_Init
                0x000000000000f1a4       0xa8 /Users/jeffery/dev/arduino/wch/ch583-main/EVT/EXAM/BLE/LIB/libCH58xBLE.a(linkdb.o)
                0x000000000000f1a4                linkDB_Init
 .text.linkDB_Find
                0x000000000000f24c       0x34 /Users/jeffery/dev/arduino/wch/ch583-main/EVT/EXAM/BLE/LIB/libCH58xBLE.a(linkdb.o)
                0x000000000000f24c                linkDB_Find
 .text.linkDB_Authen
                0x000000000000f280       0x5c /Users/jeffery/dev/arduino/wch/ch583-main/EVT/EXAM/BLE/LIB/libCH58xBLE.a(linkdb.o)
                0x000000000000f280                linkDB_Authen
 .text.linkDB_FindByAddr
                0x000000000000f2dc       0x82 /Users/jeffery/dev/arduino/wch/ch583-main/EVT/EXAM/BLE/LIB/libCH58xBLE.a(linkdb.o)
                0x000000000000f2dc                linkDB_FindByAddr
 .text.linkDB_FindFirst
                0x000000000000f35e       0x40 /Users/jeffery/dev/arduino/wch/ch583-main/EVT/EXAM/BLE/LIB/libCH58xBLE.a(linkdb.o)
                0x000000000000f35e                linkDB_FindFirst
 .text.linkDB_MTU
                0x000000000000f39e       0x18 /Users/jeffery/dev/arduino/wch/ch583-main/EVT/EXAM/BLE/LIB/libCH58xBLE.a(linkdb.o)
                0x000000000000f39e                linkDB_MTU
 .text.linkDB_NumActive
                0x000000000000f3b6       0x36 /Users/jeffery/dev/arduino/wch/ch583-main/EVT/EXAM/BLE/LIB/libCH58xBLE.a(linkdb.o)
                0x000000000000f3b6                linkDB_NumActive
 .text.linkDB_NumConns
                0x000000000000f3ec        0xa /Users/jeffery/dev/arduino/wch/ch583-main/EVT/EXAM/BLE/LIB/libCH58xBLE.a(linkdb.o)
                0x000000000000f3ec                linkDB_NumConns
 .text.linkDB_Register
                0x000000000000f3f6       0x28 /Users/jeffery/dev/arduino/wch/ch583-main/EVT/EXAM/BLE/LIB/libCH58xBLE.a(linkdb.o)
                0x000000000000f3f6                linkDB_Register
 .text.linkDB_Remove
                0x000000000000f41e       0x4c /Users/jeffery/dev/arduino/wch/ch583-main/EVT/EXAM/BLE/LIB/libCH58xBLE.a(linkdb.o)
                0x000000000000f41e                linkDB_Remove
 .text.linkDB_Role
                0x000000000000f46a       0x18 /Users/jeffery/dev/arduino/wch/ch583-main/EVT/EXAM/BLE/LIB/libCH58xBLE.a(linkdb.o)
                0x000000000000f46a                linkDB_Role
 .text.linkDB_State
                0x000000000000f482       0x30 /Users/jeffery/dev/arduino/wch/ch583-main/EVT/EXAM/BLE/LIB/libCH58xBLE.a(linkdb.o)
                0x000000000000f482                linkDB_State
 .text.linkDB_UpdateMTU
                0x000000000000f4b2       0x28 /Users/jeffery/dev/arduino/wch/ch583-main/EVT/EXAM/BLE/LIB/libCH58xBLE.a(linkdb.o)
                0x000000000000f4b2                linkDB_UpdateMTU
 .text.linkDB_PerformFunc
                0x000000000000f4da       0x5a /Users/jeffery/dev/arduino/wch/ch583-main/EVT/EXAM/BLE/LIB/libCH58xBLE.a(linkdb.o)
                0x000000000000f4da                linkDB_PerformFunc
 .text.linkDB_PeripheralLinkNum
                0x000000000000f534       0x46 /Users/jeffery/dev/arduino/wch/ch583-main/EVT/EXAM/BLE/LIB/libCH58xBLE.a(linkdb.o)
                0x000000000000f534                linkDB_PeripheralLinkNum
 .text.linkDB_GetSMEvtID
                0x000000000000f57a       0x60 /Users/jeffery/dev/arduino/wch/ch583-main/EVT/EXAM/BLE/LIB/libCH58xBLE.a(linkdb.o)
                0x000000000000f57a                linkDB_GetSMEvtID
 .text.linkDB_Add
                0x000000000000f5da       0xb2 /Users/jeffery/dev/arduino/wch/ch583-main/EVT/EXAM/BLE/LIB/libCH58xBLE.a(linkdb.o)
                0x000000000000f5da                linkDB_Add
 .text.linkDB_GetHandleFromSMEvtID
                0x000000000000f68c       0x3a /Users/jeffery/dev/arduino/wch/ch583-main/EVT/EXAM/BLE/LIB/libCH58xBLE.a(linkdb.o)
                0x000000000000f68c                linkDB_GetHandleFromSMEvtID
 .text.linkDB_GetPairingParam
                0x000000000000f6c6       0x76 /Users/jeffery/dev/arduino/wch/ch583-main/EVT/EXAM/BLE/LIB/libCH58xBLE.a(linkdb.o)
                0x000000000000f6c6                linkDB_GetPairingParam
 .text.linkDB_NeedSendKey
                0x000000000000f73c       0x4c /Users/jeffery/dev/arduino/wch/ch583-main/EVT/EXAM/BLE/LIB/libCH58xBLE.a(linkdb.o)
                0x000000000000f73c                linkDB_NeedSendKey
 .text.smStartRspTimer
                0x000000000000f788       0x3a /Users/jeffery/dev/arduino/wch/ch583-main/EVT/EXAM/BLE/LIB/libCH58xBLE.a(sm.o)
 .text.smStartEncryption
                0x000000000000f7c2       0xa0 /Users/jeffery/dev/arduino/wch/ch583-main/EVT/EXAM/BLE/LIB/libCH58xBLE.a(sm.o)
 .text.smFreePairingParams
                0x000000000000f862       0x7e /Users/jeffery/dev/arduino/wch/ch583-main/EVT/EXAM/BLE/LIB/libCH58xBLE.a(sm.o)
                0x000000000000f862                smFreePairingParams
 .text.smEndPairing
                0x000000000000f8e0       0x60 /Users/jeffery/dev/arduino/wch/ch583-main/EVT/EXAM/BLE/LIB/libCH58xBLE.a(sm.o)
                0x000000000000f8e0                smEndPairing
 .text.smLinkCheck
                0x000000000000f940       0x34 /Users/jeffery/dev/arduino/wch/ch583-main/EVT/EXAM/BLE/LIB/libCH58xBLE.a(sm.o)
                0x000000000000f940                smLinkCheck
 .text.smNextPairingState
                0x000000000000f974       0x60 /Users/jeffery/dev/arduino/wch/ch583-main/EVT/EXAM/BLE/LIB/libCH58xBLE.a(sm.o)
                0x000000000000f974                smNextPairingState
 .text.smProcessEncryptChange
                0x000000000000f9d4       0xf8 /Users/jeffery/dev/arduino/wch/ch583-main/EVT/EXAM/BLE/LIB/libCH58xBLE.a(sm.o)
                0x000000000000f9d4                smProcessEncryptChange
 .text.smSendSMMsg
                0x000000000000facc       0x5c /Users/jeffery/dev/arduino/wch/ch583-main/EVT/EXAM/BLE/LIB/libCH58xBLE.a(sm.o)
                0x000000000000facc                smSendSMMsg
 .text.smSendFailAndEnd
                0x000000000000fb28       0x38 /Users/jeffery/dev/arduino/wch/ch583-main/EVT/EXAM/BLE/LIB/libCH58xBLE.a(sm.o)
                0x000000000000fb28                smSendFailAndEnd
 .text.smProcessPairingReq
                0x000000000000fb60       0x40 /Users/jeffery/dev/arduino/wch/ch583-main/EVT/EXAM/BLE/LIB/libCH58xBLE.a(sm.o)
                0x000000000000fb60                smProcessPairingReq
 .text.smSetPairingReqRsp
                0x000000000000fba0       0x3c /Users/jeffery/dev/arduino/wch/ch583-main/EVT/EXAM/BLE/LIB/libCH58xBLE.a(sm.o)
                0x000000000000fba0                smSetPairingReqRsp
 .text.SM_StartEncryption
                0x000000000000fbdc       0x1a /Users/jeffery/dev/arduino/wch/ch583-main/EVT/EXAM/BLE/LIB/libCH58xBLE.a(sm.o)
                0x000000000000fbdc                SM_StartEncryption
 .text.sm_dhkey
                0x000000000000fbf6       0x3e /Users/jeffery/dev/arduino/wch/ch583-main/EVT/EXAM/BLE/LIB/libCH58xBLE.a(sm.o)
                0x000000000000fbf6                sm_dhkey
 .text.sm_c1    0x000000000000fc34       0xb4 /Users/jeffery/dev/arduino/wch/ch583-main/EVT/EXAM/BLE/LIB/libCH58xBLE.a(sm.o)
                0x000000000000fc34                sm_c1
 .text.smDetermineKeySize
                0x000000000000fce8       0x20 /Users/jeffery/dev/arduino/wch/ch583-main/EVT/EXAM/BLE/LIB/libCH58xBLE.a(sm.o)
                0x000000000000fce8                smDetermineKeySize
 .text.smpParsePairingReq
                0x000000000000fd08      0x118 /Users/jeffery/dev/arduino/wch/ch583-main/EVT/EXAM/BLE/LIB/libCH58xBLE.a(sm.o)
                0x000000000000fd08                smpParsePairingReq
 .text.smpParseEncInfo
                0x000000000000fe20       0x2a /Users/jeffery/dev/arduino/wch/ch583-main/EVT/EXAM/BLE/LIB/libCH58xBLE.a(sm.o)
                0x000000000000fe20                smpParseEncInfo
 .text.smpParseIdentityAddrInfo
                0x000000000000fe4a       0x34 /Users/jeffery/dev/arduino/wch/ch583-main/EVT/EXAM/BLE/LIB/libCH58xBLE.a(sm.o)
                0x000000000000fe4a                smpParseIdentityAddrInfo
 .text.smpParseIdentityInfo
                0x000000000000fe7e       0x2a /Users/jeffery/dev/arduino/wch/ch583-main/EVT/EXAM/BLE/LIB/libCH58xBLE.a(sm.o)
                0x000000000000fe7e                smpParseIdentityInfo